<html>
<body>
<pre>
<h1>礦ision Build Log</h1>
<h2>Tool Versions:</h2>
IDE-Version: μVision V5.14.0.0
Copyright (C) 2015 ARM Ltd and ARM Germany GmbH. All rights reserved.
License Information: z Microsoft, Microsoft, LIC=0VRAR-KNITA-9XHUW-Q0NB5-1EVBH-JEH8M
 
Tool Versions:
Toolchain:       MDK-ARM Professional  Version: 5.14.0.0
Toolchain Path:  C:\Keil_v5\ARM\ARMCC\Bin
C Compiler:      Armcc.exe V5.05 update 1 (build 106)
Assembler:       Armasm.exe V5.05 update 1 (build 106)
Linker/Locator:  ArmLink.exe V5.05 update 1 (build 106)
Library Manager: ArmAr.exe V5.05 update 1 (build 106)
Hex Converter:   FromElf.exe V5.05 update 1 (build 106)
CPU DLL:         SARMCM3.DLL V5.14.0.0
Dialog DLL:      DCM.DLL V1.13.1.0
Target DLL:      Segger\JL2CM3.dll V2.99.13.0
Dialog DLL:      TCM.DLL V1.14.4.0
 
<h2>Project:</h2>
E:\HD\wis300\WIS300_V1.0.1_Software -V1.0.2\Project\MDK-ARM\Project.uvprojx
Project File Date:  01/12/2016

<h2>Output:</h2>
Build target 'STM32L1XX_MD(STM32L1xxxBxx)'
compiling main.c...
..\main.c(44): warning:  #174-D: expression has no effect
        while(TimingDelay != 0)__WFI;//等待过程中进入sleep模式,下方指令在执行过程中容易进入
..\main.c: 1 warning, 0 errors
compiling stm32l1xx_it.c...
compiling uart.c...
compiling gpio.c...
compiling SPI.c...
compiling time.c...
compiling EEPROM_I2C.c...
..\EEPROM_I2C.c(85): warning:  #550-D: variable "SR1_Tmp" was set but never used
    unsigned short int SR1_Tmp=0;
..\EEPROM_I2C.c(256): warning:  #940-D: missing return statement at end of non-void function "I2C_WriteS_24C"
  }
..\EEPROM_I2C.c: 2 warnings, 0 errors
compiling serial_packet.c...
..\serial_packet.c(62): warning:  #174-D: expression has no effect
                                                __WFI;
..\serial_packet.c: 1 warning, 0 errors
compiling DATA_Process.c...
..\DATA_Process.c(223): warning:  #177-D: variable "DATA_temp" was declared but never referenced
        unsigned char DATA_temp=SUCCESS;        
..\DATA_Process.c: 1 warning, 0 errors
compiling Return_DATA.c...
compiling Offset.c...
compiling EXTI.c...
compiling misc.c...
compiling stm32l1xx_adc.c...
compiling stm32l1xx_aes.c...
compiling stm32l1xx_aes_util.c...
compiling stm32l1xx_comp.c...
compiling stm32l1xx_crc.c...
compiling stm32l1xx_dac.c...
compiling stm32l1xx_dbgmcu.c...
compiling stm32l1xx_dma.c...
compiling stm32l1xx_exti.c...
compiling stm32l1xx_flash.c...
compiling stm32l1xx_flash_ramfunc.c...
compiling stm32l1xx_fsmc.c...
compiling stm32l1xx_gpio.c...
compiling stm32l1xx_i2c.c...
compiling stm32l1xx_iwdg.c...
compiling stm32l1xx_lcd.c...
compiling stm32l1xx_opamp.c...
compiling stm32l1xx_pwr.c...
compiling stm32l1xx_rcc.c...
compiling stm32l1xx_rtc.c...
compiling stm32l1xx_sdio.c...
compiling stm32l1xx_spi.c...
compiling stm32l1xx_syscfg.c...
compiling stm32l1xx_tim.c...
compiling stm32l1xx_usart.c...
compiling stm32l1xx_wwdg.c...
compiling system_stm32l1xx.c...
linking...
Program Size: Code=18396 RO-data=276 RW-data=392 ZI-data=3680  
".\STM32L152-EVAL\STM32L152-EVAL.axf" - 0 Error(s), 5 Warning(s).

<h2>Collection of Component include folders:</h2>
  E:\HD\wis300\WIS300_V1.0.1_Software -V1.0.2\Project\MDK-ARM\RTE
  C:\Keil_v5\ARM\PACK\Keil\STM32L1xx_DFP\1.0.2\Device\Include

<h2>Collection of Component Files used:</h2>
</pre>
</body>
</html>
