<html>
<body>
<pre>
<h1>µVision Build Log</h1>
<h2>Project:</h2>
E:\HD\WIS300Pro\WIS300_Software\WIS300_V1.0.0_Software -V1.0.0\Project\MDK-ARM\Project.uvproj
Project File Date:  08/15/2015

<h2>Output:</h2>
Build target 'STM32L1XX_MD(STM32L1xxxBxx)'
linking...
Program Size: Code=18956 RO-data=276 RW-data=412 ZI-data=2788  
".\STM32L152-EVAL\STM32L152-EVAL.axf" - 0 Error(s), 0 Warning(s).
Load "E:\\HD\\WIS300Pro\\WIS300_Software\\WIS300_V1.0.0_Software -V1.0.0\\Project\\MDK-ARM\\STM32L152-EVAL\\STM32L152-EVAL.axf" 
Set JLink Project File to "E:\HD\WIS300Pro\WIS300_Software\WIS300_V1.0.0_Software -V1.0.0\Project\MDK-ARM\JLinkSettings.ini"
* JLink Info: Device "STM32L151CB" selected (132 KB flash, 16 KB RAM).
 
JLink info:
------------
DLL: V4.80g, compiled Feb 13 2014 20:50:02
Firmware: J-Link ARM V8 compiled Nov 28 2014 13:44:46
Hardware: V8.00
S/N : 557801264 
Feature(s) : RDI,FlashDL,FlashBP,JFlash,GDBFull 
 
* JLink Info: Found SWD-DP with ID 0x2BA01477
* JLink Info: Found Cortex-M3 r2p0, Little endian.
* JLink Info: FPUnit: 6 code (BP) slots and 2 literal slots
* JLink Info: TPIU fitted.
* JLink Info: ETM fitted.
ROMTableAddr = 0xE00FF003
 
Target info:
------------
Device: STM32L151CB
VTarget = 2.187V
State of Pins: 
TCK: 0, TDI: 0, TDO: 0, TMS: 1, TRES: 1, TRST: 1
Hardware-Breakpoints: 6
Software-Breakpoints: 8192
Watchpoints:          4
JTAG speed: 1000 kHz
 
Erase Done.
Programming Done.
Verify OK.
Application running ...
2L152-EVAL.axf" - 0 Error(s), 5 Warning(s).
