ARM Linker, 5.03 [Build 76] [MDK-ARM Standard]

==============================================================================

Section Cross References

    main.o(i.Delay) refers to time.o(i.TIM6_Reconfiguration) for TIM6_Reconfiguration
    main.o(i.Delay) refers to time.o(i.TIM6_Disable) for TIM6_Disable
    main.o(i.Delay) refers to main.o(.data) for .data
    main.o(i.IWDG_INIT) refers to stm32l1xx_rcc.o(i.RCC_LSICmd) for RCC_LSICmd
    main.o(i.IWDG_INIT) refers to stm32l1xx_rcc.o(i.RCC_GetFlagStatus) for RCC_GetFlagStatus
    main.o(i.IWDG_INIT) refers to stm32l1xx_iwdg.o(i.IWDG_WriteAccessCmd) for IWDG_WriteAccessCmd
    main.o(i.IWDG_INIT) refers to stm32l1xx_iwdg.o(i.IWDG_SetPrescaler) for IWDG_SetPrescaler
    main.o(i.IWDG_INIT) refers to stm32l1xx_iwdg.o(i.IWDG_SetReload) for IWDG_SetReload
    main.o(i.IWDG_INIT) refers to stm32l1xx_iwdg.o(i.IWDG_ReloadCounter) for IWDG_ReloadCounter
    main.o(i.IWDG_INIT) refers to stm32l1xx_iwdg.o(i.IWDG_Enable) for IWDG_Enable
    main.o(i.Instruction_Check) refers to return_data.o(i.Return_Ack) for Return_Ack
    main.o(i.Instruction_Check) refers to main.o(.data) for .data
    main.o(i.main) refers to misc.o(i.NVIC_PriorityGroupConfig) for NVIC_PriorityGroupConfig
    main.o(i.main) refers to gpio.o(i.GPIO_Configuration) for GPIO_Configuration
    main.o(i.main) refers to uart.o(i.UART1_Configuration) for UART1_Configuration
    main.o(i.main) refers to uart.o(i.UART2_Configuration) for UART2_Configuration
    main.o(i.main) refers to uart.o(i.NVIC_UART_Configuration) for NVIC_UART_Configuration
    main.o(i.main) refers to stm32l1xx_rcc.o(i.RCC_GetFlagStatus) for RCC_GetFlagStatus
    main.o(i.main) refers to printfa.o(i.__0printf) for __2printf
    main.o(i.main) refers to return_data.o(i.Return_Ack) for Return_Ack
    main.o(i.main) refers to stm32l1xx_rcc.o(i.RCC_ClearFlag) for RCC_ClearFlag
    main.o(i.main) refers to main.o(i.IWDG_INIT) for IWDG_INIT
    main.o(i.main) refers to eeprom_i2c.o(i.I2C1_Configuration) for I2C1_Configuration
    main.o(i.main) refers to time.o(i.TIM6_Configuration) for TIM6_Configuration
    main.o(i.main) refers to time.o(i.NVIC_TIM6_Configuration) for NVIC_TIM6_Configuration
    main.o(i.main) refers to main.o(i.Delay) for Delay
    main.o(i.main) refers to spi.o(i.SPI1_Configuration) for SPI1_Configuration
    main.o(i.main) refers to time.o(i.TIM2_Configuration) for TIM2_Configuration
    main.o(i.main) refers to eeprom_i2c.o(i.I2C1_ReadS_24C) for I2C1_ReadS_24C
    main.o(i.main) refers to stm32l1xx_iwdg.o(i.IWDG_ReloadCounter) for IWDG_ReloadCounter
    main.o(i.main) refers to serial_packet.o(i.get_active_message) for get_active_message
    main.o(i.main) refers to main.o(i.Instruction_Check) for Instruction_Check
    main.o(i.main) refers to stm32l1xx_gpio.o(i.GPIO_SetBits) for GPIO_SetBits
    main.o(i.main) refers to return_data.o(i.Return_Channel_Offset) for Return_Channel_Offset
    main.o(i.main) refers to data_process.o(i.Sample_Instruction_Control) for Sample_Instruction_Control
    main.o(i.main) refers to return_data.o(i.Return_Channel_CFG) for Return_Channel_CFG
    main.o(i.main) refers to spi.o(i.ADS1248_CFG_SET) for ADS1248_CFG_SET
    main.o(i.main) refers to offset.o(i.CALIBRATION_PARAMETERS_SET) for CALIBRATION_PARAMETERS_SET
    main.o(i.main) refers to offset.o(i.Channel_Offset) for Channel_Offset
    main.o(i.main) refers to system_stm32l1xx.o(.data) for SystemCoreClock
    main.o(i.main) refers to main.o(.bss) for .bss
    main.o(i.main) refers to main.o(.data) for .data
    stm32l1xx_it.o(i.SysTick_Handler) refers to main.o(.data) for DelayTimeFlag
    stm32l1xx_it.o(i.SysTick_Handler) refers to main.o(.data) for DelayTime
    stm32l1xx_it.o(i.SysTick_Handler) refers to main.o(.data) for SysTick_Count
    stm32l1xx_it.o(i.SysTick_Handler) refers to main.o(.data) for SampleTime
    stm32l1xx_it.o(i.TIM2_IRQHandler) refers to stm32l1xx_tim.o(i.TIM_GetITStatus) for TIM_GetITStatus
    stm32l1xx_it.o(i.TIM2_IRQHandler) refers to stm32l1xx_tim.o(i.TIM_ClearITPendingBit) for TIM_ClearITPendingBit
    stm32l1xx_it.o(i.TIM2_IRQHandler) refers to main.o(i.GPIO_PinReverse) for GPIO_PinReverse
    stm32l1xx_it.o(i.TIM3_IRQHandler) refers to main.o(.data) for Sample_Flag
    stm32l1xx_it.o(i.TIM6_IRQHandler) refers to stm32l1xx_tim.o(i.TIM_GetITStatus) for TIM_GetITStatus
    stm32l1xx_it.o(i.TIM6_IRQHandler) refers to stm32l1xx_tim.o(i.TIM_ClearITPendingBit) for TIM_ClearITPendingBit
    stm32l1xx_it.o(i.TIM6_IRQHandler) refers to main.o(.data) for TimingDelay
    stm32l1xx_it.o(i.USART1_IRQHandler) refers to stm32l1xx_usart.o(i.USART_GetITStatus) for USART_GetITStatus
    stm32l1xx_it.o(i.USART1_IRQHandler) refers to stm32l1xx_usart.o(i.USART_ReceiveData) for USART_ReceiveData
    stm32l1xx_it.o(i.USART1_IRQHandler) refers to uart.o(.bss) for uart1_rbuf
    stm32l1xx_it.o(i.USART1_IRQHandler) refers to uart.o(.data) for Uart1Flag
[...]
    ..\..\Libraries\STM32L1xx_StdPeriph_Driver\src\stm32l1xx_usart.c 0x00000000   Number         0  stm32l1xx_usart.o ABSOLUTE
    ..\..\Libraries\STM32L1xx_StdPeriph_Driver\src\stm32l1xx_wwdg.c 0x00000000   Number         0  stm32l1xx_wwdg.o ABSOLUTE
    ..\DATA_Process.c                        0x00000000   Number         0  data_process.o ABSOLUTE
    ..\EEPROM_I2C.c                          0x00000000   Number         0  eeprom_i2c.o ABSOLUTE
    ..\Offset.c                              0x00000000   Number         0  offset.o ABSOLUTE
    ..\Return_DATA.c                         0x00000000   Number         0  return_data.o ABSOLUTE
    ..\SPI.c                                 0x00000000   Number         0  spi.o ABSOLUTE
    ..\\..\\Libraries\\STM32L1xx_StdPeriph_Driver\\src\\misc.c 0x00000000   Number         0  misc.o ABSOLUTE
    ..\\..\\Libraries\\STM32L1xx_StdPeriph_Driver\\src\\stm32l1xx_adc.c 0x00000000   Number         0  stm32l1xx_adc.o ABSOLUTE
    ..\\..\\Libraries\\STM32L1xx_StdPeriph_Driver\\src\\stm32l1xx_aes.c 0x00000000   Number         0  stm32l1xx_aes.o ABSOLUTE
    ..\\..\\Libraries\\STM32L1xx_StdPeriph_Driver\\src\\stm32l1xx_aes_util.c 0x00000000   Number         0  stm32l1xx_aes_util.o ABSOLUTE
    ..\\..\\Libraries\\STM32L1xx_StdPeriph_Driver\\src\\stm32l1xx_comp.c 0x00000000   Number         0  stm32l1xx_comp.o ABSOLUTE
    ..\\..\\Libraries\\STM32L1xx_StdPeriph_Driver\\src\\stm32l1xx_crc.c 0x00000000   Number         0  stm32l1xx_crc.o ABSOLUTE
    ..\\..\\Libraries\\STM32L1xx_StdPeriph_Driver\\src\\stm32l1xx_dac.c 0x00000000   Number         0  stm32l1xx_dac.o ABSOLUTE
    ..\\..\\Libraries\\STM32L1xx_StdPeriph_Driver\\src\\stm32l1xx_dbgmcu.c 0x00000000   Number         0  stm32l1xx_dbgmcu.o ABSOLUTE
    ..\\..\\Libraries\\STM32L1xx_StdPeriph_Driver\\src\\stm32l1xx_dma.c 0x00000000   Number         0  stm32l1xx_dma.o ABSOLUTE
    ..\\..\\Libraries\\STM32L1xx_StdPeriph_Driver\\src\\stm32l1xx_exti.c 0x00000000   Number         0  stm32l1xx_exti.o ABSOLUTE
    ..\\..\\Libraries\\STM32L1xx_StdPeriph_Driver\\src\\stm32l1xx_flash.c 0x00000000   Number         0  stm32l1xx_flash.o ABSOLUTE
    ..\\..\\Libraries\\STM32L1xx_StdPeriph_Driver\\src\\stm32l1xx_flash_ramfunc.c 0x00000000   Number         0  stm32l1xx_flash_ramfunc.o ABSOLUTE
    ..\\..\\Libraries\\STM32L1xx_StdPeriph_Driver\\src\\stm32l1xx_fsmc.c 0x00000000   Number         0  stm32l1xx_fsmc.o ABSOLUTE
    ..\\..\\Libraries\\STM32L1xx_StdPeriph_Driver\\src\\stm32l1xx_gpio.c 0x00000000   Number         0  stm32l1xx_gpio.o ABSOLUTE
    ..\\..\\Libraries\\STM32L1xx_StdPeriph_Driver\\src\\stm32l1xx_i2c.c 0x00000000   Number         0  stm32l1xx_i2c.o ABSOLUTE
    ..\\..\\Libraries\\STM32L1xx_StdPeriph_Driver\\src\\stm32l1xx_iwdg.c 0x00000000   Number         0  stm32l1xx_iwdg.o ABSOLUTE
    ..\\..\\Libraries\\STM32L1xx_StdPeriph_Driver\\src\\stm32l1xx_lcd.c 0x00000000   Number         0  stm32l1xx_lcd.o ABSOLUTE
    ..\\..\\Libraries\\STM32L1xx_StdPeriph_Driver\\src\\stm32l1xx_opamp.c 0x00000000   Number         0  stm32l1xx_opamp.o ABSOLUTE
    ..\\..\\Libraries\\STM32L1xx_StdPeriph_Driver\\src\\stm32l1xx_pwr.c 0x00000000   Number         0  stm32l1xx_pwr.o ABSOLUTE
    ..\\..\\Libraries\\STM32L1xx_StdPeriph_Driver\\src\\stm32l1xx_rcc.c 0x00000000   Number         0  stm32l1xx_rcc.o ABSOLUTE
    ..\\..\\Libraries\\STM32L1xx_StdPeriph_Driver\\src\\stm32l1xx_rtc.c 0x00000000   Number         0  stm32l1xx_rtc.o ABSOLUTE
    ..\\..\\Libraries\\STM32L1xx_StdPeriph_Driver\\src\\stm32l1xx_sdio.c 0x00000000   Number         0  stm32l1xx_sdio.o ABSOLUTE
    ..\\..\\Libraries\\STM32L1xx_StdPeriph_Driver\\src\\stm32l1xx_spi.c 0x00000000   Number         0  stm32l1xx_spi.o ABSOLUTE
    ..\\..\\Libraries\\STM32L1xx_StdPeriph_Driver\\src\\stm32l1xx_syscfg.c 0x00000000   Number         0  stm32l1xx_syscfg.o ABSOLUTE
    ..\\..\\Libraries\\STM32L1xx_StdPeriph_Driver\\src\\stm32l1xx_tim.c 0x00000000   Number         0  stm32l1xx_tim.o ABSOLUTE
    ..\\..\\Libraries\\STM32L1xx_StdPeriph_Driver\\src\\stm32l1xx_usart.c 0x00000000   Number         0  stm32l1xx_usart.o ABSOLUTE
    ..\\..\\Libraries\\STM32L1xx_StdPeriph_Driver\\src\\stm32l1xx_wwdg.c 0x00000000   Number         0  stm32l1xx_wwdg.o ABSOLUTE
    ..\\DATA_Process.c                       0x00000000   Number         0  data_process.o ABSOLUTE
    ..\\EEPROM_I2C.c                         0x00000000   Number         0  eeprom_i2c.o ABSOLUTE
    ..\\Offset.c                             0x00000000   Number         0  offset.o ABSOLUTE
    ..\\Return_DATA.c                        0x00000000   Number         0  return_data.o ABSOLUTE
    ..\\SPI.c                                0x00000000   Number         0  spi.o ABSOLUTE
    ..\\gpio.c                               0x00000000   Number         0  gpio.o ABSOLUTE
    ..\\main.c                               0x00000000   Number         0  main.o ABSOLUTE
    ..\\serial_packet.c                      0x00000000   Number         0  serial_packet.o ABSOLUTE
    ..\\stm32l1xx_it.c                       0x00000000   Number         0  stm32l1xx_it.o ABSOLUTE
    ..\\system_stm32l1xx.c                   0x00000000   Number         0  system_stm32l1xx.o ABSOLUTE
    ..\\time.c                               0x00000000   Number         0  time.o ABSOLUTE
    ..\\uart.c                               0x00000000   Number         0  uart.o ABSOLUTE
    ..\gpio.c                                0x00000000   Number         0  gpio.o ABSOLUTE
    ..\main.c                                0x00000000   Number         0  main.o ABSOLUTE
    ..\serial_packet.c                       0x00000000   Number         0  serial_packet.o ABSOLUTE
    ..\stm32l1xx_it.c                        0x00000000   Number         0  stm32l1xx_it.o ABSOLUTE
    ..\system_stm32l1xx.c                    0x00000000   Number         0  system_stm32l1xx.o ABSOLUTE
    ..\time.c                                0x00000000   Number         0  time.o ABSOLUTE
    ..\uart.c                                0x00000000   Number         0  uart.o ABSOLUTE
    cdrcmple.s                               0x00000000   Number         0  cdrcmple.o ABSOLUTE
    cfrcmple.s                               0x00000000   Number         0  cfrcmple.o ABSOLUTE
    dc.s                                     0x00000000   Number         0  dc.o ABSOLUTE
    handlers.s                               0x00000000   Number         0  handlers.o ABSOLUTE
    init.s                                   0x00000000   Number         0  init.o ABSOLUTE
    RESET                                    0x08000000   Section      244  startup_stm32l1xx_md.o(RESET)
    .ARM.Collect$$$$00000000                 0x080000f4   Section        0  entry.o(.ARM.Collect$$$$00000000)
    .ARM.Collect$$$$00000001                 0x080000f4   Section        4  entry2.o(.ARM.Collect$$$$00000001)
    .ARM.Collect$$$$00000004                 0x080000f8   Section        4  entry5.o(.ARM.Collect$$$$00000004)
    .ARM.Collect$$$$00000008                 0x080000fc   Section        0  entry7b.o(.ARM.Collect$$$$00000008)
    .ARM.Collect$$$$0000000A                 0x080000fc   Section        0  entry8b.o(.ARM.Collect$$$$0000000A)
    .ARM.Collect$$$$0000000B                 0x080000fc   Section        8  entry9a.o(.ARM.Collect$$$$0000000B)
    .ARM.Collect$$$$0000000D                 0x08000104   Section        0  entry10a.o(.ARM.Collect$$$$0000000D)
    .ARM.Collect$$$$0000000F                 0x08000104   Section        0  entry11a.o(.ARM.Collect$$$$0000000F)
    .ARM.Collect$$$$00002712                 0x08000104   Section        4  entry2.o(.ARM.Collect$$$$00002712)
    __lit__00000000                          0x08000104   Data           4  entry2.o(.ARM.Collect$$$$00002712)
    .text                                    0x08000108   Section       36  startup_stm32l1xx_md.o(.text)
    .text                                    0x0800012c   Section        0  fadd.o(.text)
    .text                                    0x080001dc   Section        0  fmul.o(.text)
    .text                                    0x08000248   Section        0  fdiv.o(.text)
    .text                                    0x080002c8   Section        0  fscalb.o(.text)
    .text                                    0x080002e0   Section        0  dmul.o(.text)
    .text                                    0x080003c4   Section        0  ddiv.o(.text)
    .text                                    0x080004a2   Section        0  fflti.o(.text)
    .text                                    0x080004b4   Section        0  ffltui.o(.text)
    .text                                    0x080004be   Section        0  dflti.o(.text)
    .text                                    0x080004e0   Section        0  ffixi.o(.text)
    .text                                    0x08000512   Section        0  f2d.o(.text)
    .text                                    0x08000538   Section        0  d2f.o(.text)
    .text                                    0x08000570   Section       20  cfrcmple.o(.text)
    .text                                    0x08000584   Section        0  uidiv.o(.text)
    .text                                    0x080005b0   Section        0  uldiv.o(.text)
    .text                                    0x08000612   Section        0  iusefp.o(.text)
    .text                                    0x08000612   Section        0  fepilogue.o(.text)
    .text                                    0x0800067e   Section        0  depilogue.o(.text)
    .text                                    0x0800073c   Section        0  dadd.o(.text)
    .text                                    0x0800088a   Section        0  dfixul.o(.text)
    .text                                    0x080008bc   Section       40  cdrcmple.o(.text)
    .text                                    0x080008e4   Section       36  init.o(.text)
    .text                                    0x08000908   Section        0  llshl.o(.text)
    .text                                    0x08000926   Section        0  llushr.o(.text)
    .text                                    0x08000946   Section        0  llsshr.o(.text)
    .text                                    0x0800096a   Section        0  __dczerorl2.o(.text)
    i.ADS1248_B                              0x080009c8   Section        0  data_process.o(i.ADS1248_B)
    i.ADS1248_CFG_SET                        0x08001388   Section        0  spi.o(i.ADS1248_CFG_SET)
    i.ADS1248_Init                           0x08001694   Section        0  spi.o(i.ADS1248_Init)
    i.ADS1248_ReadREG                        0x08001724   Section        0  spi.o(i.ADS1248_ReadREG)
    i.ADS1248_Sample                         0x08001750   Section        0  data_process.o(i.ADS1248_Sample)
    i.ADS1248_WriteByte                      0x08001784   Section        0  spi.o(i.ADS1248_WriteByte)
    i.ADS1248_WriteReg                       0x080017b8   Section        0  spi.o(i.ADS1248_WriteReg)
    i.ADS1248_delay                          0x080017e4   Section        0  spi.o(i.ADS1248_delay)
    i.Bubble_sort                            0x080017f0   Section        0  offset.o(i.Bubble_sort)
    i.BusFault_Handler                       0x080018d8   Section        0  stm32l1xx_it.o(i.BusFault_Handler)
    i.CALIBRATION_PARAMETERS_SET             0x080018dc   Section        0  offset.o(i.CALIBRATION_PARAMETERS_SET)
    i.Channel_A_Filter                       0x08001a74   Section        0  data_process.o(i.Channel_A_Filter)
    i.Channel_B_Filter                       0x08001ac0   Section        0  data_process.o(i.Channel_B_Filter)
    i.Channel_CFG_Check                      0x08001b0c   Section        0  data_process.o(i.Channel_CFG_Check)
    Channel_CFG_Check                        0x08001b0d   Thumb Code    62  data_process.o(i.Channel_CFG_Check)
    i.Channel_C_Filter                       0x08001b64   Section        0  data_process.o(i.Channel_C_Filter)
    i.Channel_D_Filter                       0x08001bb0   Section        0  data_process.o(i.Channel_D_Filter)
    i.Channel_Offset                         0x08001bfc   Section        0  offset.o(i.Channel_Offset)
    i.DataPackage                            0x08001c80   Section        0  return_data.o(i.DataPackage)
    i.DebugMon_Handler                       0x08001caa   Section        0  stm32l1xx_it.o(i.DebugMon_Handler)
    i.Delay                                  0x08001cac   Section        0  main.o(i.Delay)
    i.GPIO_Configuration                     0x08001ccc   Section        0  gpio.o(i.GPIO_Configuration)
    i.GPIO_Init                              0x08001d50   Section        0  stm32l1xx_gpio.o(i.GPIO_Init)
    i.GPIO_PinAFConfig                       0x08001db6   Section        0  stm32l1xx_gpio.o(i.GPIO_PinAFConfig)
    i.GPIO_PinReverse                        0x08001dd6   Section        0  main.o(i.GPIO_PinReverse)
    i.GPIO_ResetBits                         0x08001dde   Section        0  stm32l1xx_gpio.o(i.GPIO_ResetBits)
    i.GPIO_SetBits                           0x08001de2   Section        0  stm32l1xx_gpio.o(i.GPIO_SetBits)
    i.Half_Offset1                           0x08001de8   Section        0  offset.o(i.Half_Offset1)
    i.Half_Offset2                           0x08001e74   Section        0  offset.o(i.Half_Offset2)
    i.Half_Offset3                           0x08001f04   Section        0  offset.o(i.Half_Offset3)
    i.Half_Offset4                           0x08001f94   Section        0  offset.o(i.Half_Offset4)
    i.HardFault_Handler                      0x08002024   Section        0  stm32l1xx_it.o(i.HardFault_Handler)
    i.I2C1_Configuration                     0x08002028   Section        0  eeprom_i2c.o(i.I2C1_Configuration)
    i.I2C1_ReadS_24C                         0x080020e0   Section        0  eeprom_i2c.o(i.I2C1_ReadS_24C)
    i.I2C_AcknowledgeConfig                  0x08002234   Section        0  stm32l1xx_i2c.o(i.I2C_AcknowledgeConfig)
    i.I2C_CheckEvent                         0x08002248   Section        0  stm32l1xx_i2c.o(i.I2C_CheckEvent)
    i.I2C_ClearFlag                          0x08002260   Section        0  stm32l1xx_i2c.o(i.I2C_ClearFlag)
    i.I2C_Cmd                                0x08002266   Section        0  stm32l1xx_i2c.o(i.I2C_Cmd)
    i.I2C_DeInit                             0x0800227c   Section        0  stm32l1xx_i2c.o(i.I2C_DeInit)
    i.I2C_GenerateSTART                      0x080022a8   Section        0  stm32l1xx_i2c.o(i.I2C_GenerateSTART)
    i.I2C_GenerateSTOP                       0x080022bc   Section        0  stm32l1xx_i2c.o(i.I2C_GenerateSTOP)
    i.I2C_GetFlagStatus                      0x080022d0   Section        0  stm32l1xx_i2c.o(i.I2C_GetFlagStatus)
    i.I2C_Init                               0x080022fc   Section        0  stm32l1xx_i2c.o(i.I2C_Init)
    i.I2C_PageWrite_24C                      0x080023b0   Section        0  eeprom_i2c.o(i.I2C_PageWrite_24C)
    i.I2C_ReadRegister                       0x080024b0   Section        0  stm32l1xx_i2c.o(i.I2C_ReadRegister)
    i.I2C_ReceiveData                        0x080024ba   Section        0  stm32l1xx_i2c.o(i.I2C_ReceiveData)
    i.I2C_Send7bitAddress                    0x080024c0   Section        0  stm32l1xx_i2c.o(i.I2C_Send7bitAddress)
    i.I2C_SendData                           0x080024d0   Section        0  stm32l1xx_i2c.o(i.I2C_SendData)
    i.I2C_Standby_24C                        0x080024d4   Section        0  eeprom_i2c.o(i.I2C_Standby_24C)
    i.I2C_WriteS_24C                         0x08002534   Section        0  eeprom_i2c.o(i.I2C_WriteS_24C)
    i.IWDG_Enable                            0x080025a8   Section        0  stm32l1xx_iwdg.o(i.IWDG_Enable)
    i.IWDG_INIT                              0x080025b8   Section        0  main.o(i.IWDG_INIT)
    i.IWDG_ReloadCounter                     0x080025f4   Section        0  stm32l1xx_iwdg.o(i.IWDG_ReloadCounter)
    i.IWDG_SetPrescaler                      0x08002604   Section        0  stm32l1xx_iwdg.o(i.IWDG_SetPrescaler)
    i.IWDG_SetReload                         0x08002610   Section        0  stm32l1xx_iwdg.o(i.IWDG_SetReload)
    i.IWDG_WriteAccessCmd                    0x0800261c   Section        0  stm32l1xx_iwdg.o(i.IWDG_WriteAccessCmd)
    i.Instruction_Check                      0x08002628   Section        0  main.o(i.Instruction_Check)
    Instruction_Check                        0x08002629   Thumb Code   206  main.o(i.Instruction_Check)
    i.MemManage_Handler                      0x080026fc   Section        0  stm32l1xx_it.o(i.MemManage_Handler)
    i.NMI_Handler                            0x080026fe   Section        0  stm32l1xx_it.o(i.NMI_Handler)
    i.NVIC_Init                              0x08002700   Section        0  misc.o(i.NVIC_Init)
    i.NVIC_PriorityGroupConfig               0x08002764   Section        0  misc.o(i.NVIC_PriorityGroupConfig)
    i.NVIC_TIM6_Configuration                0x08002778   Section        0  time.o(i.NVIC_TIM6_Configuration)
    i.NVIC_UART_Configuration                0x08002798   Section        0  uart.o(i.NVIC_UART_Configuration)
    i.PWR_EnterSleepMode                     0x080027d0   Section        0  stm32l1xx_pwr.o(i.PWR_EnterSleepMode)
    i.PendSV_Handler                         0x080027fc   Section        0  stm32l1xx_it.o(i.PendSV_Handler)
    i.RCC_AHBPeriphClockCmd                  0x08002800   Section        0  stm32l1xx_rcc.o(i.RCC_AHBPeriphClockCmd)
    i.RCC_APB1PeriphClockCmd                 0x08002818   Section        0  stm32l1xx_rcc.o(i.RCC_APB1PeriphClockCmd)
    i.RCC_APB1PeriphResetCmd                 0x08002830   Section        0  stm32l1xx_rcc.o(i.RCC_APB1PeriphResetCmd)
    i.RCC_APB2PeriphClockCmd                 0x08002848   Section        0  stm32l1xx_rcc.o(i.RCC_APB2PeriphClockCmd)
    i.RCC_APB2PeriphResetCmd                 0x08002860   Section        0  stm32l1xx_rcc.o(i.RCC_APB2PeriphResetCmd)
    i.RCC_ClearFlag                          0x08002878   Section        0  stm32l1xx_rcc.o(i.RCC_ClearFlag)
    i.RCC_GetClocksFreq                      0x08002888   Section        0  stm32l1xx_rcc.o(i.RCC_GetClocksFreq)
    i.RCC_GetFlagStatus                      0x08002930   Section        0  stm32l1xx_rcc.o(i.RCC_GetFlagStatus)
    i.RCC_LSICmd                             0x08002958   Section        0  stm32l1xx_rcc.o(i.RCC_LSICmd)
    i.Return_Ack                             0x08002964   Section        0  return_data.o(i.Return_Ack)
    i.Return_Channel_CFG                     0x0800299c   Section        0  return_data.o(i.Return_Channel_CFG)
    i.Return_Channel_Offset                  0x08002b38   Section        0  return_data.o(i.Return_Channel_Offset)
    i.Return_SampleData                      0x08002c30   Section        0  return_data.o(i.Return_SampleData)
    i.SPI1_ALLCS_H                           0x08002d60   Section        0  spi.o(i.SPI1_ALLCS_H)
    i.SPI1_CS1_LOW                           0x08002d80   Section        0  spi.o(i.SPI1_CS1_LOW)
    i.SPI1_CS2_LOW                           0x08002da0   Section        0  spi.o(i.SPI1_CS2_LOW)
    i.SPI1_CS3_LOW                           0x08002dc0   Section        0  spi.o(i.SPI1_CS3_LOW)
    i.SPI1_CS4_LOW                           0x08002de0   Section        0  spi.o(i.SPI1_CS4_LOW)
    i.SPI1_Configuration                     0x08002e00   Section        0  spi.o(i.SPI1_Configuration)
    i.SPI_Cmd                                0x08002eec   Section        0  stm32l1xx_spi.o(i.SPI_Cmd)
    i.SPI_I2S_DeInit                         0x08002f00   Section        0  stm32l1xx_spi.o(i.SPI_I2S_DeInit)
    i.SPI_I2S_GetFlagStatus                  0x08002f54   Section        0  stm32l1xx_spi.o(i.SPI_I2S_GetFlagStatus)
    i.SPI_I2S_ReceiveData                    0x08002f62   Section        0  stm32l1xx_spi.o(i.SPI_I2S_ReceiveData)
    i.SPI_I2S_SendData                       0x08002f66   Section        0  stm32l1xx_spi.o(i.SPI_I2S_SendData)
    i.SPI_Init                               0x08002f6a   Section        0  stm32l1xx_spi.o(i.SPI_Init)
    i.SVC_Handler                            0x08002fa2   Section        0  stm32l1xx_it.o(i.SVC_Handler)
    i.Sample_Instruction_Control             0x08002fa4   Section        0  data_process.o(i.Sample_Instruction_Control)
    i.SetSysClock                            0x08003328   Section        0  system_stm32l1xx.o(i.SetSysClock)
    SetSysClock                              0x08003329   Thumb Code   196  system_stm32l1xx.o(i.SetSysClock)
    i.SysTick_Handler                        0x080033f8   Section        0  stm32l1xx_it.o(i.SysTick_Handler)
    i.SystemInit                             0x08003434   Section        0  system_stm32l1xx.o(i.SystemInit)
    i.TIM2_Configuration                     0x08003488   Section        0  time.o(i.TIM2_Configuration)
    i.TIM2_IRQHandler                        0x08003504   Section        0  stm32l1xx_it.o(i.TIM2_IRQHandler)
    i.TIM3_Configuration                     0x08003530   Section        0  time.o(i.TIM3_Configuration)
    i.TIM3_IRQHandler                        0x080035b0   Section        0  stm32l1xx_it.o(i.TIM3_IRQHandler)
    i.TIM6_Configuration                     0x080035cc   Section        0  time.o(i.TIM6_Configuration)
    i.TIM6_Disable                           0x080035d4   Section        0  time.o(i.TIM6_Disable)
    i.TIM6_IRQHandler                        0x080035f4   Section        0  stm32l1xx_it.o(i.TIM6_IRQHandler)
    i.TIM6_Reconfiguration                   0x08003624   Section        0  time.o(i.TIM6_Reconfiguration)
    i.TIM_ClearFlag                          0x08003678   Section        0  stm32l1xx_tim.o(i.TIM_ClearFlag)
    i.TIM_ClearITPendingBit                  0x0800367e   Section        0  stm32l1xx_tim.o(i.TIM_ClearITPendingBit)
    i.TIM_Cmd                                0x08003684   Section        0  stm32l1xx_tim.o(i.TIM_Cmd)
    i.TIM_DeInit                             0x08003698   Section        0  stm32l1xx_tim.o(i.TIM_DeInit)
    i.TIM_GetITStatus                        0x0800377c   Section        0  stm32l1xx_tim.o(i.TIM_GetITStatus)
    i.TIM_ITConfig                           0x08003794   Section        0  stm32l1xx_tim.o(i.TIM_ITConfig)
    i.TIM_InternalClockConfig                0x080037a4   Section        0  stm32l1xx_tim.o(i.TIM_InternalClockConfig)
    i.TIM_TimeBaseInit                       0x080037b0   Section        0  stm32l1xx_tim.o(i.TIM_TimeBaseInit)
    i.UART1_Configuration                    0x0800380c   Section        0  uart.o(i.UART1_Configuration)
    i.UART2_Configuration                    0x080038a0   Section        0  uart.o(i.UART2_Configuration)
    i.USART1_GetChar                         0x08003934   Section        0  uart.o(i.USART1_GetChar)
    i.USART1_GetCharBlock                    0x0800395c   Section        0  uart.o(i.USART1_GetCharBlock)
    i.USART1_IRQHandler                      0x0800398c   Section        0  stm32l1xx_it.o(i.USART1_IRQHandler)
    i.USART2_IRQHandler                      0x080039d4   Section        0  stm32l1xx_it.o(i.USART2_IRQHandler)
    i.USART_ClearITPendingBit                0x08003a28   Section        0  stm32l1xx_usart.o(i.USART_ClearITPendingBit)
    i.USART_Cmd                              0x08003a34   Section        0  stm32l1xx_usart.o(i.USART_Cmd)
    i.USART_GetFlagStatus                    0x08003a48   Section        0  stm32l1xx_usart.o(i.USART_GetFlagStatus)
    i.USART_GetITStatus                      0x08003a56   Section        0  stm32l1xx_usart.o(i.USART_GetITStatus)
    i.USART_ITConfig                         0x08003a94   Section        0  stm32l1xx_usart.o(i.USART_ITConfig)
    i.USART_Init                             0x08003ac4   Section        0  stm32l1xx_usart.o(i.USART_Init)
    i.USART_PutChar                          0x08003b70   Section        0  uart.o(i.USART_PutChar)
    i.USART_PutData                          0x08003b98   Section        0  uart.o(i.USART_PutData)
    i.USART_ReceiveData                      0x08003bbe   Section        0  stm32l1xx_usart.o(i.USART_ReceiveData)
    i.USART_SendData                         0x08003bc6   Section        0  stm32l1xx_usart.o(i.USART_SendData)
    i.UsageFault_Handler                     0x08003bce   Section        0  stm32l1xx_it.o(i.UsageFault_Handler)
    i.Zero_Offset1                           0x08003bd0   Section        0  offset.o(i.Zero_Offset1)
    i.Zero_Offset2                           0x08003c58   Section        0  offset.o(i.Zero_Offset2)
    i.Zero_Offset3                           0x08003ce8   Section        0  offset.o(i.Zero_Offset3)
    i.Zero_Offset4                           0x08003d78   Section        0  offset.o(i.Zero_Offset4)
    i.__0printf                              0x08003e08   Section        0  printfa.o(i.__0printf)
    i.__scatterload_copy                     0x08003e28   Section       14  handlers.o(i.__scatterload_copy)
    i.__scatterload_null                     0x08003e36   Section        2  handlers.o(i.__scatterload_null)
    i.__scatterload_zeroinit                 0x08003e38   Section       14  handlers.o(i.__scatterload_zeroinit)
    i._fp_digits                             0x08003e48   Section        0  printfa.o(i._fp_digits)
    _fp_digits                               0x08003e49   Thumb Code   326  printfa.o(i._fp_digits)
    i._printf_core                           0x08003fa4   Section        0  printfa.o(i._printf_core)
    _printf_core                             0x08003fa5   Thumb Code  1762  printfa.o(i._printf_core)
    i._printf_post_padding                   0x08004694   Section        0  printfa.o(i._printf_post_padding)
    _printf_post_padding                     0x08004695   Thumb Code    38  printfa.o(i._printf_post_padding)
    i._printf_pre_padding                    0x080046ba   Section        0  printfa.o(i._printf_pre_padding)
    _printf_pre_padding                      0x080046bb   Thumb Code    48  printfa.o(i._printf_pre_padding)
    i.add_send_buffer                        0x080046ec   Section        0  serial_packet.o(i.add_send_buffer)
    i.crc_packet                             0x0800471c   Section        0  serial_packet.o(i.crc_packet)
    crc_packet                               0x0800471d   Thumb Code    60  serial_packet.o(i.crc_packet)
    i.fputc                                  0x08004758   Section        0  uart.o(i.fputc)
    i.get_active_message                     0x0800476c   Section        0  serial_packet.o(i.get_active_message)
    i.main                                   0x080047bc   Section        0  main.o(i.main)
    i.read_serial_packet                     0x08004968   Section        0  serial_packet.o(i.read_serial_packet)
    i.send_message                           0x080049f8   Section        0  serial_packet.o(i.send_message)
    i.send_message_add                       0x08004a24   Section        0  serial_packet.o(i.send_message_add)
    i.send_message_prepare                   0x08004a48   Section        0  serial_packet.o(i.send_message_prepare)
    i.write_serial_packet                    0x08004a78   Section        0  serial_packet.o(i.write_serial_packet)
    .data                                    0x20000000   Section        2  main.o(.data)
    .data                                    0x20000002   Section        1  main.o(.data)
    .data                                    0x20000003   Section        1  main.o(.data)
    .data                                    0x20000004   Section        1  main.o(.data)
    .data                                    0x20000005   Section        1  main.o(.data)
    .data                                    0x20000006   Section        1  main.o(.data)
    .data                                    0x20000007   Section        1  main.o(.data)
    .data                                    0x20000008   Section        1  main.o(.data)
    .data                                    0x20000009   Section        1  main.o(.data)
    .data                                    0x2000000a   Section        1  main.o(.data)
    .data                                    0x2000000b   Section        1  main.o(.data)
    .data                                    0x2000000c   Section       16  main.o(.data)
    .data                                    0x2000001c   Section        4  main.o(.data)
    .data                                    0x20000020   Section        4  main.o(.data)
    .data                                    0x20000024   Section        1  main.o(.data)
    .data                                    0x20000025   Section        1  main.o(.data)
    .data                                    0x20000026   Section        1  main.o(.data)
    .data                                    0x20000027   Section        1  main.o(.data)
    .data                                    0x20000028   Section        4  main.o(.data)
    .data                                    0x2000002c   Section        4  main.o(.data)
    .data                                    0x20000030   Section        4  main.o(.data)
    .data                                    0x20000034   Section        4  main.o(.data)
    .data                                    0x20000038   Section        4  main.o(.data)
    .data                                    0x2000003c   Section        4  main.o(.data)
    .data                                    0x20000040   Section        1  main.o(.data)
    .data                                    0x20000041   Section        7  main.o(.data)
    .data                                    0x20000048   Section        1  uart.o(.data)
    .data                                    0x20000049   Section        1  uart.o(.data)
    .data                                    0x2000004c   Section      272  serial_packet.o(.data)
    ack_buffer                               0x2000004c   Data           3  serial_packet.o(.data)
    send_busy                                0x20000050   Data           4  serial_packet.o(.data)
    send_prepare_counter                     0x20000054   Data           4  serial_packet.o(.data)
    send_counter                             0x20000058   Data           4  serial_packet.o(.data)
    receive_buffer                           0x2000005c   Data         256  serial_packet.o(.data)
    .data                                    0x2000015c   Section       25  stm32l1xx_rcc.o(.data)
    PLLMulTable                              0x2000015c   Data           9  stm32l1xx_rcc.o(.data)
    APBAHBPrescTable                         0x20000165   Data          16  stm32l1xx_rcc.o(.data)
    .data                                    0x20000178   Section       29  system_stm32l1xx.o(.data)
    .data                                    0x20000198   Section        4  stdout.o(.data)
    .bss                                     0x2000019c   Section       24  main.o(.bss)
    .bss                                     0x200001b4   Section       24  main.o(.bss)
    .bss                                     0x200001cc   Section       24  main.o(.bss)
    .bss                                     0x200001e4   Section       24  main.o(.bss)
    .bss                                     0x200001fc   Section       19  main.o(.bss)
    .bss                                     0x2000020f   Section       19  main.o(.bss)
    .bss                                     0x20000222   Section       19  main.o(.bss)
    .bss                                     0x20000235   Section       19  main.o(.bss)
    .bss                                     0x20000248   Section       44  main.o(.bss)
    .bss                                     0x20000274   Section     1168  uart.o(.bss)
    .bss                                     0x20000704   Section      376  serial_packet.o(.bss)
    send_buffer                              0x20000704   Data         256  serial_packet.o(.bss)
    send_prepare                             0x20000804   Data         120  serial_packet.o(.bss)
    STACK                                    0x20000880   Section     1024  startup_stm32l1xx_md.o(STACK)

    Global Symbols

    Symbol Name                              Value     Ov Type        Size  Object(Section)

    BuildAttributes$$THM_ISAv4$P$D$K$B$S$PE$A:L22UL41UL21$X:L11$S22US41US21$IEEE1$IW$USESV6$~STKCKD$USESV7$~SHL$OTIME$ROPI$EBA8$MICROLIB$REQ8$PRES8$EABIv2 0x00000000   Number         0  anon$$obj.o ABSOLUTE
    __ARM_use_no_argv                        0x00000000   Number         0  main.o ABSOLUTE
    _printf_a                                0x00000000   Number         0  stubs.o ABSOLUTE
    _printf_c                                0x00000000   Number         0  stubs.o ABSOLUTE
    _printf_charcount                        0x00000000   Number         0  stubs.o ABSOLUTE
    _printf_d                                0x00000000   Number         0  stubs.o ABSOLUTE
    _printf_e                                0x00000000   Number         0  stubs.o ABSOLUTE
    _printf_f                                0x00000000   Number         0  stubs.o ABSOLUTE
    _printf_flags                            0x00000000   Number         0  stubs.o ABSOLUTE
    _printf_fp_dec                           0x00000000   Number         0  stubs.o ABSOLUTE
    _printf_fp_hex                           0x00000000   Number         0  stubs.o ABSOLUTE
    _printf_g                                0x00000000   Number         0  stubs.o ABSOLUTE
    _printf_i                                0x00000000   Number         0  stubs.o ABSOLUTE
    _printf_int_dec                          0x00000000   Number         0  stubs.o ABSOLUTE
    _printf_l                                0x00000000   Number         0  stubs.o ABSOLUTE
    _printf_lc                               0x00000000   Number         0  stubs.o ABSOLUTE
    _printf_ll                               0x00000000   Number         0  stubs.o ABSOLUTE
    _printf_lld                              0x00000000   Number         0  stubs.o ABSOLUTE
    _printf_lli                              0x00000000   Number         0  stubs.o ABSOLUTE
    _printf_llo                              0x00000000   Number         0  stubs.o ABSOLUTE
    _printf_llu                              0x00000000   Number         0  stubs.o ABSOLUTE
    _printf_llx                              0x00000000   Number         0  stubs.o ABSOLUTE
    _printf_longlong_dec                     0x00000000   Number         0  stubs.o ABSOLUTE
    _printf_longlong_hex                     0x00000000   Number         0  stubs.o ABSOLUTE
    _printf_longlong_oct                     0x00000000   Number         0  stubs.o ABSOLUTE
    _printf_ls                               0x00000000   Number         0  stubs.o ABSOLUTE
    _printf_mbtowc                           0x00000000   Number         0  stubs.o ABSOLUTE
    _printf_n                                0x00000000   Number         0  stubs.o ABSOLUTE
    _printf_o                                0x00000000   Number         0  stubs.o ABSOLUTE
    _printf_p                                0x00000000   Number         0  stubs.o ABSOLUTE
    _printf_percent                          0x00000000   Number         0  stubs.o ABSOLUTE
    _printf_pre_padding                      0x00000000   Number         0  stubs.o ABSOLUTE
    _printf_return_value                     0x00000000   Number         0  stubs.o ABSOLUTE
    _printf_s                                0x00000000   Number         0  stubs.o ABSOLUTE
    _printf_sizespec                         0x00000000   Number         0  stubs.o ABSOLUTE
    _printf_str                              0x00000000   Number         0  stubs.o ABSOLUTE
    _printf_truncate_signed                  0x00000000   Number         0  stubs.o ABSOLUTE
    _printf_truncate_unsigned                0x00000000   Number         0  stubs.o ABSOLUTE
    _printf_u                                0x00000000   Number         0  stubs.o ABSOLUTE
    _printf_wc                               0x00000000   Number         0  stubs.o ABSOLUTE
    _printf_wctomb                           0x00000000   Number         0  stubs.o ABSOLUTE
    _printf_widthprec                        0x00000000   Number         0  stubs.o ABSOLUTE
    _printf_x                                0x00000000   Number         0  stubs.o ABSOLUTE
    __cpp_initialize__aeabi_                  - Undefined Weak Reference
    __cxa_finalize                            - Undefined Weak Reference
    _clock_init                               - Undefined Weak Reference
    _microlib_exit                            - Undefined Weak Reference
    __Vectors_Size                           0x000000f4   Number         0  startup_stm32l1xx_md.o ABSOLUTE
    __Vectors                                0x08000000   Data           4  startup_stm32l1xx_md.o(RESET)
    __Vectors_End                            0x080000f4   Data           0  startup_stm32l1xx_md.o(RESET)
    __main                                   0x080000f5   Thumb Code     0  entry.o(.ARM.Collect$$$$00000000)
    _main_stk                                0x080000f5   Thumb Code     0  entry2.o(.ARM.Collect$$$$00000001)
    _main_scatterload                        0x080000f9   Thumb Code     0  entry5.o(.ARM.Collect$$$$00000004)
    __main_after_scatterload                 0x080000fd   Thumb Code     0  entry5.o(.ARM.Collect$$$$00000004)
    _main_clock                              0x080000fd   Thumb Code     0  entry7b.o(.ARM.Collect$$$$00000008)
    _main_cpp_init                           0x080000fd   Thumb Code     0  entry8b.o(.ARM.Collect$$$$0000000A)
    _main_init                               0x080000fd   Thumb Code     0  entry9a.o(.ARM.Collect$$$$0000000B)
    __rt_final_cpp                           0x08000105   Thumb Code     0  entry10a.o(.ARM.Collect$$$$0000000D)
    __rt_final_exit                          0x08000105   Thumb Code     0  entry11a.o(.ARM.Collect$$$$0000000F)
    Reset_Handler                            0x08000109   Thumb Code     8  startup_stm32l1xx_md.o(.text)
    ADC1_IRQHandler                          0x08000123   Thumb Code     0  startup_stm32l1xx_md.o(.text)
    COMP_IRQHandler                          0x08000123   Thumb Code     0  startup_stm32l1xx_md.o(.text)
    DAC_IRQHandler                           0x08000123   Thumb Code     0  startup_stm32l1xx_md.o(.text)
    DMA1_Channel1_IRQHandler                 0x08000123   Thumb Code     0  startup_stm32l1xx_md.o(.text)
    DMA1_Channel2_IRQHandler                 0x08000123   Thumb Code     0  startup_stm32l1xx_md.o(.text)
    DMA1_Channel3_IRQHandler                 0x08000123   Thumb Code     0  startup_stm32l1xx_md.o(.text)
    DMA1_Channel4_IRQHandler                 0x08000123   Thumb Code     0  startup_stm32l1xx_md.o(.text)
    DMA1_Channel5_IRQHandler                 0x08000123   Thumb Code     0  startup_stm32l1xx_md.o(.text)
    DMA1_Channel6_IRQHandler                 0x08000123   Thumb Code     0  startup_stm32l1xx_md.o(.text)
    DMA1_Channel7_IRQHandler                 0x08000123   Thumb Code     0  startup_stm32l1xx_md.o(.text)
    EXTI0_IRQHandler                         0x08000123   Thumb Code     0  startup_stm32l1xx_md.o(.text)
    EXTI15_10_IRQHandler                     0x08000123   Thumb Code     0  startup_stm32l1xx_md.o(.text)
    EXTI1_IRQHandler                         0x08000123   Thumb Code     0  startup_stm32l1xx_md.o(.text)
    EXTI2_IRQHandler                         0x08000123   Thumb Code     0  startup_stm32l1xx_md.o(.text)
    EXTI3_IRQHandler                         0x08000123   Thumb Code     0  startup_stm32l1xx_md.o(.text)
    EXTI4_IRQHandler                         0x08000123   Thumb Code     0  startup_stm32l1xx_md.o(.text)
    EXTI9_5_IRQHandler                       0x08000123   Thumb Code     0  startup_stm32l1xx_md.o(.text)
    FLASH_IRQHandler                         0x08000123   Thumb Code     0  startup_stm32l1xx_md.o(.text)
    I2C1_ER_IRQHandler                       0x08000123   Thumb Code     0  startup_stm32l1xx_md.o(.text)
    I2C1_EV_IRQHandler                       0x08000123   Thumb Code     0  startup_stm32l1xx_md.o(.text)
    I2C2_ER_IRQHandler                       0x08000123   Thumb Code     0  startup_stm32l1xx_md.o(.text)
    I2C2_EV_IRQHandler                       0x08000123   Thumb Code     0  startup_stm32l1xx_md.o(.text)
    LCD_IRQHandler                           0x08000123   Thumb Code     0  startup_stm32l1xx_md.o(.text)
    PVD_IRQHandler                           0x08000123   Thumb Code     0  startup_stm32l1xx_md.o(.text)
    RCC_IRQHandler                           0x08000123   Thumb Code     0  startup_stm32l1xx_md.o(.text)
    RTC_Alarm_IRQHandler                     0x08000123   Thumb Code     0  startup_stm32l1xx_md.o(.text)
    RTC_WKUP_IRQHandler                      0x08000123   Thumb Code     0  startup_stm32l1xx_md.o(.text)
    SPI1_IRQHandler                          0x08000123   Thumb Code     0  startup_stm32l1xx_md.o(.text)
    SPI2_IRQHandler                          0x08000123   Thumb Code     0  startup_stm32l1xx_md.o(.text)
    TAMPER_STAMP_IRQHandler                  0x08000123   Thumb Code     0  startup_stm32l1xx_md.o(.text)
    TIM10_IRQHandler                         0x08000123   Thumb Code     0  startup_stm32l1xx_md.o(.text)
    TIM11_IRQHandler                         0x08000123   Thumb Code     0  startup_stm32l1xx_md.o(.text)
    TIM4_IRQHandler                          0x08000123   Thumb Code     0  startup_stm32l1xx_md.o(.text)
    TIM7_IRQHandler                          0x08000123   Thumb Code     0  startup_stm32l1xx_md.o(.text)
    TIM9_IRQHandler                          0x08000123   Thumb Code     0  startup_stm32l1xx_md.o(.text)
    USART3_IRQHandler                        0x08000123   Thumb Code     0  startup_stm32l1xx_md.o(.text)
    USB_FS_WKUP_IRQHandler                   0x08000123   Thumb Code     0  startup_stm32l1xx_md.o(.text)
    USB_HP_IRQHandler                        0x08000123   Thumb Code     0  startup_stm32l1xx_md.o(.text)
    USB_LP_IRQHandler                        0x08000123   Thumb Code     0  startup_stm32l1xx_md.o(.text)
    WWDG_IRQHandler                          0x08000123   Thumb Code     0  startup_stm32l1xx_md.o(.text)
    __aeabi_fadd                             0x0800012d   Thumb Code   164  fadd.o(.text)
    __aeabi_fsub                             0x080001d1   Thumb Code     6  fadd.o(.text)
    __aeabi_frsub                            0x080001d7   Thumb Code     6  fadd.o(.text)
    __aeabi_fmul                             0x080001dd   Thumb Code   108  fmul.o(.text)
    __aeabi_fdiv                             0x08000249   Thumb Code   128  fdiv.o(.text)
    __ARM_scalbnf                            0x080002c9   Thumb Code    24  fscalb.o(.text)
    scalbnf                                  0x080002c9   Thumb Code     0  fscalb.o(.text)
    __aeabi_dmul                             0x080002e1   Thumb Code   228  dmul.o(.text)
    __aeabi_ddiv                             0x080003c5   Thumb Code   222  ddiv.o(.text)
    __aeabi_i2f                              0x080004a3   Thumb Code    18  fflti.o(.text)
    __aeabi_ui2f                             0x080004b5   Thumb Code    10  ffltui.o(.text)
    __aeabi_i2d                              0x080004bf   Thumb Code    34  dflti.o(.text)
    __aeabi_f2iz                             0x080004e1   Thumb Code    50  ffixi.o(.text)
    __aeabi_f2d                              0x08000513   Thumb Code    38  f2d.o(.text)
    __aeabi_d2f                              0x08000539   Thumb Code    56  d2f.o(.text)
    __aeabi_cfrcmple                         0x08000571   Thumb Code    20  cfrcmple.o(.text)
    __aeabi_uidiv                            0x08000585   Thumb Code     0  uidiv.o(.text)
    __aeabi_uidivmod                         0x08000585   Thumb Code    44  uidiv.o(.text)
    __aeabi_uldivmod                         0x080005b1   Thumb Code    98  uldiv.o(.text)
    __I$use$fp                               0x08000613   Thumb Code     0  iusefp.o(.text)
    _float_round                             0x08000613   Thumb Code    18  fepilogue.o(.text)
    _float_epilogue                          0x08000625   Thumb Code    90  fepilogue.o(.text)
    _double_round                            0x0800067f   Thumb Code    26  depilogue.o(.text)
    _double_epilogue                         0x08000699   Thumb Code   164  depilogue.o(.text)
    __aeabi_dadd                             0x0800073d   Thumb Code   322  dadd.o(.text)
    __aeabi_dsub                             0x0800087f   Thumb Code     6  dadd.o(.text)
    __aeabi_drsub                            0x08000885   Thumb Code     6  dadd.o(.text)
    __aeabi_d2ulz                            0x0800088b   Thumb Code    48  dfixul.o(.text)
    __aeabi_cdrcmple                         0x080008bd   Thumb Code    38  cdrcmple.o(.text)
    __scatterload                            0x080008e5   Thumb Code    28  init.o(.text)
    __scatterload_rt2                        0x080008e5   Thumb Code     0  init.o(.text)
    __aeabi_llsl                             0x08000909   Thumb Code    30  llshl.o(.text)
    _ll_shift_l                              0x08000909   Thumb Code     0  llshl.o(.text)
    __aeabi_llsr                             0x08000927   Thumb Code    32  llushr.o(.text)
    _ll_ushift_r                             0x08000927   Thumb Code     0  llushr.o(.text)
    __aeabi_lasr                             0x08000947   Thumb Code    36  llsshr.o(.text)
    _ll_sshift_r                             0x08000947   Thumb Code     0  llsshr.o(.text)
    __decompress                             0x0800096b   Thumb Code     0  __dczerorl2.o(.text)
    __decompress1                            0x0800096b   Thumb Code    92  __dczerorl2.o(.text)
    ADS1248_B                                0x080009c9   Thumb Code  2472  data_process.o(i.ADS1248_B)
    ADS1248_CFG_SET                          0x08001389   Thumb Code   582  spi.o(i.ADS1248_CFG_SET)
    ADS1248_Init                             0x08001695   Thumb Code   144  spi.o(i.ADS1248_Init)
    ADS1248_ReadREG                          0x08001725   Thumb Code    44  spi.o(i.ADS1248_ReadREG)
    ADS1248_Sample                           0x08001751   Thumb Code    50  data_process.o(i.ADS1248_Sample)
    ADS1248_WriteByte                        0x08001785   Thumb Code    48  spi.o(i.ADS1248_WriteByte)
    ADS1248_WriteReg                         0x080017b9   Thumb Code    44  spi.o(i.ADS1248_WriteReg)
    ADS1248_delay                            0x080017e5   Thumb Code    12  spi.o(i.ADS1248_delay)
    Bubble_sort                              0x080017f1   Thumb Code   204  offset.o(i.Bubble_sort)
    BusFault_Handler                         0x080018d9   Thumb Code     2  stm32l1xx_it.o(i.BusFault_Handler)
    CALIBRATION_PARAMETERS_SET               0x080018dd   Thumb Code   298  offset.o(i.CALIBRATION_PARAMETERS_SET)
    Channel_A_Filter                         0x08001a75   Thumb Code    72  data_process.o(i.Channel_A_Filter)
    Channel_B_Filter                         0x08001ac1   Thumb Code    72  data_process.o(i.Channel_B_Filter)
    Channel_C_Filter                         0x08001b65   Thumb Code    72  data_process.o(i.Channel_C_Filter)
    Channel_D_Filter                         0x08001bb1   Thumb Code    72  data_process.o(i.Channel_D_Filter)
    Channel_Offset                           0x08001bfd   Thumb Code   126  offset.o(i.Channel_Offset)
    DataPackage                              0x08001c81   Thumb Code    42  return_data.o(i.DataPackage)
    DebugMon_Handler                         0x08001cab   Thumb Code     2  stm32l1xx_it.o(i.DebugMon_Handler)
    Delay                                    0x08001cad   Thumb Code    28  main.o(i.Delay)
    GPIO_Configuration                       0x08001ccd   Thumb Code   128  gpio.o(i.GPIO_Configuration)
    GPIO_Init                                0x08001d51   Thumb Code   102  stm32l1xx_gpio.o(i.GPIO_Init)
    GPIO_PinAFConfig                         0x08001db7   Thumb Code    32  stm32l1xx_gpio.o(i.GPIO_PinAFConfig)
    GPIO_PinReverse                          0x08001dd7   Thumb Code     8  main.o(i.GPIO_PinReverse)
    GPIO_ResetBits                           0x08001ddf   Thumb Code     4  stm32l1xx_gpio.o(i.GPIO_ResetBits)
    GPIO_SetBits                             0x08001de3   Thumb Code     4  stm32l1xx_gpio.o(i.GPIO_SetBits)
    Half_Offset1                             0x08001de9   Thumb Code    68  offset.o(i.Half_Offset1)
    Half_Offset2                             0x08001e75   Thumb Code    72  offset.o(i.Half_Offset2)
    Half_Offset3                             0x08001f05   Thumb Code    72  offset.o(i.Half_Offset3)
    Half_Offset4                             0x08001f95   Thumb Code    72  offset.o(i.Half_Offset4)
    HardFault_Handler                        0x08002025   Thumb Code     2  stm32l1xx_it.o(i.HardFault_Handler)
    I2C1_Configuration                       0x08002029   Thumb Code   172  eeprom_i2c.o(i.I2C1_Configuration)
    I2C1_ReadS_24C                           0x080020e1   Thumb Code   326  eeprom_i2c.o(i.I2C1_ReadS_24C)
    I2C_AcknowledgeConfig                    0x08002235   Thumb Code    20  stm32l1xx_i2c.o(i.I2C_AcknowledgeConfig)
    I2C_CheckEvent                           0x08002249   Thumb Code    24  stm32l1xx_i2c.o(i.I2C_CheckEvent)
    I2C_ClearFlag                            0x08002261   Thumb Code     6  stm32l1xx_i2c.o(i.I2C_ClearFlag)
    I2C_Cmd                                  0x08002267   Thumb Code    20  stm32l1xx_i2c.o(i.I2C_Cmd)
    I2C_DeInit                               0x0800227d   Thumb Code    38  stm32l1xx_i2c.o(i.I2C_DeInit)
    I2C_GenerateSTART                        0x080022a9   Thumb Code    20  stm32l1xx_i2c.o(i.I2C_GenerateSTART)
    I2C_GenerateSTOP                         0x080022bd   Thumb Code    20  stm32l1xx_i2c.o(i.I2C_GenerateSTOP)
    I2C_GetFlagStatus                        0x080022d1   Thumb Code    42  stm32l1xx_i2c.o(i.I2C_GetFlagStatus)
    I2C_Init                                 0x080022fd   Thumb Code   172  stm32l1xx_i2c.o(i.I2C_Init)
    I2C_PageWrite_24C                        0x080023b1   Thumb Code   244  eeprom_i2c.o(i.I2C_PageWrite_24C)
    I2C_ReadRegister                         0x080024b1   Thumb Code    10  stm32l1xx_i2c.o(i.I2C_ReadRegister)
    I2C_ReceiveData                          0x080024bb   Thumb Code     6  stm32l1xx_i2c.o(i.I2C_ReceiveData)
    I2C_Send7bitAddress                      0x080024c1   Thumb Code    16  stm32l1xx_i2c.o(i.I2C_Send7bitAddress)
    I2C_SendData                             0x080024d1   Thumb Code     4  stm32l1xx_i2c.o(i.I2C_SendData)
    I2C_Standby_24C                          0x080024d5   Thumb Code    78  eeprom_i2c.o(i.I2C_Standby_24C)
    I2C_WriteS_24C                           0x08002535   Thumb Code   114  eeprom_i2c.o(i.I2C_WriteS_24C)
    IWDG_Enable                              0x080025a9   Thumb Code    10  stm32l1xx_iwdg.o(i.IWDG_Enable)
    IWDG_INIT                                0x080025b9   Thumb Code    58  main.o(i.IWDG_INIT)
    IWDG_ReloadCounter                       0x080025f5   Thumb Code    10  stm32l1xx_iwdg.o(i.IWDG_ReloadCounter)
    IWDG_SetPrescaler                        0x08002605   Thumb Code     6  stm32l1xx_iwdg.o(i.IWDG_SetPrescaler)
    IWDG_SetReload                           0x08002611   Thumb Code     6  stm32l1xx_iwdg.o(i.IWDG_SetReload)
    IWDG_WriteAccessCmd                      0x0800261d   Thumb Code     6  stm32l1xx_iwdg.o(i.IWDG_WriteAccessCmd)
    MemManage_Handler                        0x080026fd   Thumb Code     2  stm32l1xx_it.o(i.MemManage_Handler)
    NMI_Handler                              0x080026ff   Thumb Code     2  stm32l1xx_it.o(i.NMI_Handler)
    NVIC_Init                                0x08002701   Thumb Code    92  misc.o(i.NVIC_Init)
    NVIC_PriorityGroupConfig                 0x08002765   Thumb Code    10  misc.o(i.NVIC_PriorityGroupConfig)
    NVIC_TIM6_Configuration                  0x08002779   Thumb Code    32  time.o(i.NVIC_TIM6_Configuration)
    NVIC_UART_Configuration                  0x08002799   Thumb Code    56  uart.o(i.NVIC_UART_Configuration)
    PWR_EnterSleepMode                       0x080027d1   Thumb Code    34  stm32l1xx_pwr.o(i.PWR_EnterSleepMode)
    PendSV_Handler                           0x080027fd   Thumb Code     2  stm32l1xx_it.o(i.PendSV_Handler)
    RCC_AHBPeriphClockCmd                    0x08002801   Thumb Code    18  stm32l1xx_rcc.o(i.RCC_AHBPeriphClockCmd)
    RCC_APB1PeriphClockCmd                   0x08002819   Thumb Code    18  stm32l1xx_rcc.o(i.RCC_APB1PeriphClockCmd)
    RCC_APB1PeriphResetCmd                   0x08002831   Thumb Code    18  stm32l1xx_rcc.o(i.RCC_APB1PeriphResetCmd)
    RCC_APB2PeriphClockCmd                   0x08002849   Thumb Code    18  stm32l1xx_rcc.o(i.RCC_APB2PeriphClockCmd)
    RCC_APB2PeriphResetCmd                   0x08002861   Thumb Code    18  stm32l1xx_rcc.o(i.RCC_APB2PeriphResetCmd)
    RCC_ClearFlag                            0x08002879   Thumb Code    12  stm32l1xx_rcc.o(i.RCC_ClearFlag)
    RCC_GetClocksFreq                        0x08002889   Thumb Code   154  stm32l1xx_rcc.o(i.RCC_GetClocksFreq)
    RCC_GetFlagStatus                        0x08002931   Thumb Code    36  stm32l1xx_rcc.o(i.RCC_GetFlagStatus)
    RCC_LSICmd                               0x08002959   Thumb Code     6  stm32l1xx_rcc.o(i.RCC_LSICmd)
    Return_Ack                               0x08002965   Thumb Code    56  return_data.o(i.Return_Ack)
    Return_Channel_CFG                       0x0800299d   Thumb Code   406  return_data.o(i.Return_Channel_CFG)
    Return_Channel_Offset                    0x08002b39   Thumb Code   236  return_data.o(i.Return_Channel_Offset)
    Return_SampleData                        0x08002c31   Thumb Code   220  return_data.o(i.Return_SampleData)
    SPI1_ALLCS_H                             0x08002d61   Thumb Code    22  spi.o(i.SPI1_ALLCS_H)
    SPI1_CS1_LOW                             0x08002d81   Thumb Code    22  spi.o(i.SPI1_CS1_LOW)
    SPI1_CS2_LOW                             0x08002da1   Thumb Code    22  spi.o(i.SPI1_CS2_LOW)
    SPI1_CS3_LOW                             0x08002dc1   Thumb Code    22  spi.o(i.SPI1_CS3_LOW)
    SPI1_CS4_LOW                             0x08002de1   Thumb Code    22  spi.o(i.SPI1_CS4_LOW)
    SPI1_Configuration                       0x08002e01   Thumb Code   224  spi.o(i.SPI1_Configuration)
    SPI_Cmd                                  0x08002eed   Thumb Code    20  stm32l1xx_spi.o(i.SPI_Cmd)
    SPI_I2S_DeInit                           0x08002f01   Thumb Code    72  stm32l1xx_spi.o(i.SPI_I2S_DeInit)
    SPI_I2S_GetFlagStatus                    0x08002f55   Thumb Code    14  stm32l1xx_spi.o(i.SPI_I2S_GetFlagStatus)
    SPI_I2S_ReceiveData                      0x08002f63   Thumb Code     4  stm32l1xx_spi.o(i.SPI_I2S_ReceiveData)
    SPI_I2S_SendData                         0x08002f67   Thumb Code     4  stm32l1xx_spi.o(i.SPI_I2S_SendData)
    SPI_Init                                 0x08002f6b   Thumb Code    56  stm32l1xx_spi.o(i.SPI_Init)
    SVC_Handler                              0x08002fa3   Thumb Code     2  stm32l1xx_it.o(i.SVC_Handler)
    Sample_Instruction_Control               0x08002fa5   Thumb Code   788  data_process.o(i.Sample_Instruction_Control)
    SysTick_Handler                          0x080033f9   Thumb Code    42  stm32l1xx_it.o(i.SysTick_Handler)
    SystemInit                               0x08003435   Thumb Code    68  system_stm32l1xx.o(i.SystemInit)
    TIM2_Configuration                       0x08003489   Thumb Code   122  time.o(i.TIM2_Configuration)
    TIM2_IRQHandler                          0x08003505   Thumb Code    38  stm32l1xx_it.o(i.TIM2_IRQHandler)
    TIM3_Configuration                       0x08003531   Thumb Code   120  time.o(i.TIM3_Configuration)
    TIM3_IRQHandler                          0x080035b1   Thumb Code    18  stm32l1xx_it.o(i.TIM3_IRQHandler)
    TIM6_Configuration                       0x080035cd   Thumb Code     8  time.o(i.TIM6_Configuration)
    TIM6_Disable                             0x080035d5   Thumb Code    26  time.o(i.TIM6_Disable)
    TIM6_IRQHandler                          0x080035f5   Thumb Code    40  stm32l1xx_it.o(i.TIM6_IRQHandler)
    TIM6_Reconfiguration                     0x08003625   Thumb Code    76  time.o(i.TIM6_Reconfiguration)
    TIM_ClearFlag                            0x08003679   Thumb Code     6  stm32l1xx_tim.o(i.TIM_ClearFlag)
    TIM_ClearITPendingBit                    0x0800367f   Thumb Code     6  stm32l1xx_tim.o(i.TIM_ClearITPendingBit)
    TIM_Cmd                                  0x08003685   Thumb Code    20  stm32l1xx_tim.o(i.TIM_Cmd)
    TIM_DeInit                               0x08003699   Thumb Code   196  stm32l1xx_tim.o(i.TIM_DeInit)
    TIM_GetITStatus                          0x0800377d   Thumb Code    24  stm32l1xx_tim.o(i.TIM_GetITStatus)
    TIM_ITConfig                             0x08003795   Thumb Code    16  stm32l1xx_tim.o(i.TIM_ITConfig)
    TIM_InternalClockConfig                  0x080037a5   Thumb Code    10  stm32l1xx_tim.o(i.TIM_InternalClockConfig)
    TIM_TimeBaseInit                         0x080037b1   Thumb Code    70  stm32l1xx_tim.o(i.TIM_TimeBaseInit)
    UART1_Configuration                      0x0800380d   Thumb Code   140  uart.o(i.UART1_Configuration)
    UART2_Configuration                      0x080038a1   Thumb Code   140  uart.o(i.UART2_Configuration)
    USART1_GetChar                           0x08003935   Thumb Code    36  uart.o(i.USART1_GetChar)
    USART1_GetCharBlock                      0x0800395d   Thumb Code    44  uart.o(i.USART1_GetCharBlock)
    USART1_IRQHandler                        0x0800398d   Thumb Code    60  stm32l1xx_it.o(i.USART1_IRQHandler)
    USART2_IRQHandler                        0x080039d5   Thumb Code    72  stm32l1xx_it.o(i.USART2_IRQHandler)
    USART_ClearITPendingBit                  0x08003a29   Thumb Code    12  stm32l1xx_usart.o(i.USART_ClearITPendingBit)
    USART_Cmd                                0x08003a35   Thumb Code    20  stm32l1xx_usart.o(i.USART_Cmd)
    USART_GetFlagStatus                      0x08003a49   Thumb Code    14  stm32l1xx_usart.o(i.USART_GetFlagStatus)
    USART_GetITStatus                        0x08003a57   Thumb Code    62  stm32l1xx_usart.o(i.USART_GetITStatus)
    USART_ITConfig                           0x08003a95   Thumb Code    48  stm32l1xx_usart.o(i.USART_ITConfig)
    USART_Init                               0x08003ac5   Thumb Code   168  stm32l1xx_usart.o(i.USART_Init)
    USART_PutChar                            0x08003b71   Thumb Code    38  uart.o(i.USART_PutChar)
    USART_PutData                            0x08003b99   Thumb Code    38  uart.o(i.USART_PutData)
    USART_ReceiveData                        0x08003bbf   Thumb Code     8  stm32l1xx_usart.o(i.USART_ReceiveData)
    USART_SendData                           0x08003bc7   Thumb Code     8  stm32l1xx_usart.o(i.USART_SendData)
    UsageFault_Handler                       0x08003bcf   Thumb Code     2  stm32l1xx_it.o(i.UsageFault_Handler)
    Zero_Offset1                             0x08003bd1   Thumb Code    62  offset.o(i.Zero_Offset1)
    Zero_Offset2                             0x08003c59   Thumb Code    72  offset.o(i.Zero_Offset2)
    Zero_Offset3                             0x08003ce9   Thumb Code    72  offset.o(i.Zero_Offset3)
    Zero_Offset4                             0x08003d79   Thumb Code    72  offset.o(i.Zero_Offset4)
    __0printf                                0x08003e09   Thumb Code    22  printfa.o(i.__0printf)
    __1printf                                0x08003e09   Thumb Code     0  printfa.o(i.__0printf)
    __2printf                                0x08003e09   Thumb Code     0  printfa.o(i.__0printf)
    __c89printf                              0x08003e09   Thumb Code     0  printfa.o(i.__0printf)
    printf                                   0x08003e09   Thumb Code     0  printfa.o(i.__0printf)
    __scatterload_copy                       0x08003e29   Thumb Code    14  handlers.o(i.__scatterload_copy)
    __scatterload_null                       0x08003e37   Thumb Code     2  handlers.o(i.__scatterload_null)
    __scatterload_zeroinit                   0x08003e39   Thumb Code    14  handlers.o(i.__scatterload_zeroinit)
    add_send_buffer                          0x080046ed   Thumb Code    40  serial_packet.o(i.add_send_buffer)
    fputc                                    0x08004759   Thumb Code    16  uart.o(i.fputc)
    get_active_message                       0x0800476d   Thumb Code    68  serial_packet.o(i.get_active_message)
    main                                     0x080047bd   Thumb Code   298  main.o(i.main)
    read_serial_packet                       0x08004969   Thumb Code   140  serial_packet.o(i.read_serial_packet)
    send_message                             0x080049f9   Thumb Code    34  serial_packet.o(i.send_message)
    send_message_add                         0x08004a25   Thumb Code    28  serial_packet.o(i.send_message_add)
    send_message_prepare                     0x08004a49   Thumb Code    40  serial_packet.o(i.send_message_prepare)
    write_serial_packet                      0x08004a79   Thumb Code   122  serial_packet.o(i.write_serial_packet)
    Region$$Table$$Base                      0x08004b00   Number         0  anon$$obj.o(Region$$Table)
    Region$$Table$$Limit                     0x08004b20   Number         0  anon$$obj.o(Region$$Table)
    DelayTime                                0x20000000   Data           2  main.o(.data)
    DelayTimeFlag                            0x20000002   Data           1  main.o(.data)
    A_Channel_CFG_Flag                       0x20000003   Data           1  main.o(.data)
    B_Channel_CFG_Flag                       0x20000004   Data           1  main.o(.data)
    C_Channel_CFG_Flag                       0x20000005   Data           1  main.o(.data)
    D_Channel_CFG_Flag                       0x20000006   Data           1  main.o(.data)
    Send_Flag_TPA                            0x20000007   Data           1  main.o(.data)
    ADS1_PGA                                 0x20000008   Data           1  main.o(.data)
    ADS2_PGA                                 0x20000009   Data           1  main.o(.data)
    ADS3_PGA                                 0x2000000a   Data           1  main.o(.data)
    ADS4_PGA                                 0x2000000b   Data           1  main.o(.data)
    Instruction_Check_Flag                   0x2000000c   Data           1  main.o(.data)
    data_p                                   0x20000010   Data           4  main.o(.data)
    TimingDelay                              0x20000014   Data           4  main.o(.data)
    data_len                                 0x20000018   Data           4  main.o(.data)
    SysTick_Count                            0x2000001c   Data           4  main.o(.data)
    SampleTime                               0x20000020   Data           4  main.o(.data)
    Sample_Flag                              0x20000024   Data           1  main.o(.data)
    Set_Sample_Speed                         0x20000025   Data           1  main.o(.data)
    Set_Bridge_Type                          0x20000026   Data           1  main.o(.data)
    Channel_DATASize                         0x20000027   Data           1  main.o(.data)
    A_HalfSubZero                            0x20000028   Data           4  main.o(.data)
    B_HalfSubZero                            0x2000002c   Data           4  main.o(.data)
    C_HalfSubZero                            0x20000030   Data           4  main.o(.data)
    D_HalfSubZero                            0x20000034   Data           4  main.o(.data)
    count                                    0x20000038   Data           4  main.o(.data)
    TIM_ACC                                  0x2000003c   Data           4  main.o(.data)
    Channel_Select                           0x20000040   Data           1  main.o(.data)
    Sample_Control                           0x20000041   Data           7  main.o(.data)
    Uart1Flag                                0x20000048   Data           1  uart.o(.data)
    Uart2Flag                                0x20000049   Data           1  uart.o(.data)
    SystemCoreClock                          0x20000178   Data           4  system_stm32l1xx.o(.data)
    PLLMulTable                              0x2000017c   Data           9  system_stm32l1xx.o(.data)
    AHBPrescTable                            0x20000185   Data          16  system_stm32l1xx.o(.data)
    __stdout                                 0x20000198   Data           4  stdout.o(.data)
    A_Channel_DATAbuf                        0x2000019c   Data          24  main.o(.bss)
    B_Channel_DATAbuf                        0x200001b4   Data          24  main.o(.bss)
    C_Channel_DATAbuf                        0x200001cc   Data          24  main.o(.bss)
    D_Channel_DATAbuf                        0x200001e4   Data          24  main.o(.bss)
    A_Channel_CFG                            0x200001fc   Data          19  main.o(.bss)
    B_Channel_CFG                            0x2000020f   Data          19  main.o(.bss)
    C_Channel_CFG                            0x20000222   Data          19  main.o(.bss)
    D_Channel_CFG                            0x20000235   Data          19  main.o(.bss)
    EEPROM_DATA                              0x20000248   Data          44  main.o(.bss)
    uart1_rbuf                               0x20000274   Data         136  uart.o(.bss)
    uart2_rbuf                               0x200002fc   Data        1032  uart.o(.bss)
    __initial_sp                             0x20000c80   Data           0  startup_stm32l1xx_md.o(STACK)



==============================================================================

Memory Map of the image

  Image Entry point : 0x080000f5

  Load Region LR_IROM1 (Base: 0x08000000, Size: 0x00004cbc, Max: 0x00020000, ABSOLUTE, COMPRESSED[0x00004b50])

    Execution Region ER_IROM1 (Base: 0x08000000, Size: 0x00004b20, Max: 0x00020000, ABSOLUTE)

    Base Addr    Size         Type   Attr      Idx    E Section Name        Object

    0x08000000   0x000000f4   Data   RO         4726    RESET               startup_stm32l1xx_md.o
    0x080000f4   0x00000000   Code   RO         4731  * .ARM.Collect$$$$00000000  mc_w.l(entry.o)
    0x080000f4   0x00000004   Code   RO         5021    .ARM.Collect$$$$00000001  mc_w.l(entry2.o)
    0x080000f8   0x00000004   Code   RO         5024    .ARM.Collect$$$$00000004  mc_w.l(entry5.o)
    0x080000fc   0x00000000   Code   RO         5026    .ARM.Collect$$$$00000008  mc_w.l(entry7b.o)
    0x080000fc   0x00000000   Code   RO         5028    .ARM.Collect$$$$0000000A  mc_w.l(entry8b.o)
    0x080000fc   0x00000008   Code   RO         5029    .ARM.Collect$$$$0000000B  mc_w.l(entry9a.o)
    0x08000104   0x00000000   Code   RO         5031    .ARM.Collect$$$$0000000D  mc_w.l(entry10a.o)
    0x08000104   0x00000000   Code   RO         5033    .ARM.Collect$$$$0000000F  mc_w.l(entry11a.o)
    0x08000104   0x00000004   Code   RO         5022    .ARM.Collect$$$$00002712  mc_w.l(entry2.o)
    0x08000108   0x00000024   Code   RO         4727    .text               startup_stm32l1xx_md.o
    0x0800012c   0x000000b0   Code   RO         4995    .text               mf_w.l(fadd.o)
    0x080001dc   0x0000006c   Code   RO         4997    .text               mf_w.l(fmul.o)
    0x08000248   0x00000080   Code   RO         4999    .text               mf_w.l(fdiv.o)
    0x080002c8   0x00000018   Code   RO         5001    .text               mf_w.l(fscalb.o)
    0x080002e0   0x000000e4   Code   RO         5003    .text               mf_w.l(dmul.o)
    0x080003c4   0x000000de   Code   RO         5005    .text               mf_w.l(ddiv.o)
    0x080004a2   0x00000012   Code   RO         5007    .text               mf_w.l(fflti.o)
    0x080004b4   0x0000000a   Code   RO         5009    .text               mf_w.l(ffltui.o)
    0x080004be   0x00000022   Code   RO         5011    .text               mf_w.l(dflti.o)
    0x080004e0   0x00000032   Code   RO         5013    .text               mf_w.l(ffixi.o)
    0x08000512   0x00000026   Code   RO         5015    .text               mf_w.l(f2d.o)
    0x08000538   0x00000038   Code   RO         5017    .text               mf_w.l(d2f.o)
    0x08000570   0x00000014   Code   RO         5019    .text               mf_w.l(cfrcmple.o)
    0x08000584   0x0000002c   Code   RO         5036    .text               mc_w.l(uidiv.o)
    0x080005b0   0x00000062   Code   RO         5038    .text               mc_w.l(uldiv.o)
    0x08000612   0x00000000   Code   RO         5040    .text               mc_w.l(iusefp.o)
    0x08000612   0x0000006c   Code   RO         5041    .text               mf_w.l(fepilogue.o)
    0x0800067e   0x000000be   Code   RO         5043    .text               mf_w.l(depilogue.o)
    0x0800073c   0x0000014e   Code   RO         5045    .text               mf_w.l(dadd.o)
    0x0800088a   0x00000030   Code   RO         5047    .text               mf_w.l(dfixul.o)
    0x080008ba   0x00000002   PAD
    0x080008bc   0x00000028   Code   RO         5049    .text               mf_w.l(cdrcmple.o)
    0x080008e4   0x00000024   Code   RO         5051    .text               mc_w.l(init.o)
    0x08000908   0x0000001e   Code   RO         5053    .text               mc_w.l(llshl.o)
    0x08000926   0x00000020   Code   RO         5055    .text               mc_w.l(llushr.o)
    0x08000946   0x00000024   Code   RO         5057    .text               mc_w.l(llsshr.o)
    0x0800096a   0x0000005c   Code   RO         5067    .text               mc_w.l(__dczerorl2.o)
    0x080009c6   0x00000002   PAD
    0x080009c8   0x000009c0   Code   RO          738    i.ADS1248_B         data_process.o
    0x08001388   0x0000030c   Code   RO          470    i.ADS1248_CFG_SET   spi.o
    0x08001694   0x00000090   Code   RO          471    i.ADS1248_Init      spi.o
    0x08001724   0x0000002c   Code   RO          473    i.ADS1248_ReadREG   spi.o
    0x08001750   0x00000032   Code   RO          739    i.ADS1248_Sample    data_process.o
    0x08001782   0x00000002   PAD
    0x08001784   0x00000034   Code   RO          474    i.ADS1248_WriteByte  spi.o
    0x080017b8   0x0000002c   Code   RO          475    i.ADS1248_WriteReg  spi.o
    0x080017e4   0x0000000c   Code   RO          476    i.ADS1248_delay     spi.o
    0x080017f0   0x000000e8   Code   RO          843    i.Bubble_sort       offset.o
    0x080018d8   0x00000002   Code   RO          189    i.BusFault_Handler  stm32l1xx_it.o
    0x080018da   0x00000002   PAD
    0x080018dc   0x00000198   Code   RO          844    i.CALIBRATION_PARAMETERS_SET  offset.o
    0x08001a74   0x0000004c   Code   RO          740    i.Channel_A_Filter  data_process.o
    0x08001ac0   0x0000004c   Code   RO          741    i.Channel_B_Filter  data_process.o
    0x08001b0c   0x00000058   Code   RO          742    i.Channel_CFG_Check  data_process.o
    0x08001b64   0x0000004c   Code   RO          743    i.Channel_C_Filter  data_process.o
    0x08001bb0   0x0000004c   Code   RO          744    i.Channel_D_Filter  data_process.o
    0x08001bfc   0x00000084   Code   RO          845    i.Channel_Offset    offset.o
    0x08001c80   0x0000002a   Code   RO          799    i.DataPackage       return_data.o
    0x08001caa   0x00000002   Code   RO          190    i.DebugMon_Handler  stm32l1xx_it.o
    0x08001cac   0x00000020   Code   RO            3    i.Delay             main.o
    0x08001ccc   0x00000084   Code   RO          450    i.GPIO_Configuration  gpio.o
    0x08001d50   0x00000066   Code   RO         2236    i.GPIO_Init         stm32l1xx_gpio.o
    0x08001db6   0x00000020   Code   RO         2237    i.GPIO_PinAFConfig  stm32l1xx_gpio.o
    0x08001dd6   0x00000008   Code   RO            4    i.GPIO_PinReverse   main.o
    0x08001dde   0x00000004   Code   RO         2243    i.GPIO_ResetBits    stm32l1xx_gpio.o
    0x08001de2   0x00000004   Code   RO         2244    i.GPIO_SetBits      stm32l1xx_gpio.o
    0x08001de6   0x00000002   PAD
    0x08001de8   0x0000008c   Code   RO          846    i.Half_Offset1      offset.o
    0x08001e74   0x00000090   Code   RO          847    i.Half_Offset2      offset.o
    0x08001f04   0x00000090   Code   RO          848    i.Half_Offset3      offset.o
    0x08001f94   0x00000090   Code   RO          849    i.Half_Offset4      offset.o
    0x08002024   0x00000002   Code   RO          191    i.HardFault_Handler  stm32l1xx_it.o
    0x08002026   0x00000002   PAD
    0x08002028   0x000000b8   Code   RO          608    i.I2C1_Configuration  eeprom_i2c.o
    0x080020e0   0x00000154   Code   RO          609    i.I2C1_ReadS_24C    eeprom_i2c.o
    0x08002234   0x00000014   Code   RO         2337    i.I2C_AcknowledgeConfig  stm32l1xx_i2c.o
    0x08002248   0x00000018   Code   RO         2339    i.I2C_CheckEvent    stm32l1xx_i2c.o
    0x08002260   0x00000006   Code   RO         2340    i.I2C_ClearFlag     stm32l1xx_i2c.o
    0x08002266   0x00000014   Code   RO         2342    i.I2C_Cmd           stm32l1xx_i2c.o
    0x0800227a   0x00000002   PAD
    0x0800227c   0x0000002c   Code   RO         2345    i.I2C_DeInit        stm32l1xx_i2c.o
    0x080022a8   0x00000014   Code   RO         2349    i.I2C_GenerateSTART  stm32l1xx_i2c.o
    0x080022bc   0x00000014   Code   RO         2350    i.I2C_GenerateSTOP  stm32l1xx_i2c.o
    0x080022d0   0x0000002a   Code   RO         2351    i.I2C_GetFlagStatus  stm32l1xx_i2c.o
    0x080022fa   0x00000002   PAD
    0x080022fc   0x000000b4   Code   RO         2356    i.I2C_Init          stm32l1xx_i2c.o
    0x080023b0   0x00000100   Code   RO          610    i.I2C_PageWrite_24C  eeprom_i2c.o
    0x080024b0   0x0000000a   Code   RO         2360    i.I2C_ReadRegister  stm32l1xx_i2c.o
    0x080024ba   0x00000006   Code   RO         2361    i.I2C_ReceiveData   stm32l1xx_i2c.o
    0x080024c0   0x00000010   Code   RO         2363    i.I2C_Send7bitAddress  stm32l1xx_i2c.o
    0x080024d0   0x00000004   Code   RO         2364    i.I2C_SendData      stm32l1xx_i2c.o
    0x080024d4   0x00000060   Code   RO          611    i.I2C_Standby_24C   eeprom_i2c.o
    0x08002534   0x00000072   Code   RO          612    i.I2C_WriteS_24C    eeprom_i2c.o
    0x080025a6   0x00000002   PAD
    0x080025a8   0x00000010   Code   RO         2551    i.IWDG_Enable       stm32l1xx_iwdg.o
    0x080025b8   0x0000003a   Code   RO            5    i.IWDG_INIT         main.o
    0x080025f2   0x00000002   PAD
    0x080025f4   0x00000010   Code   RO         2553    i.IWDG_ReloadCounter  stm32l1xx_iwdg.o
    0x08002604   0x0000000c   Code   RO         2554    i.IWDG_SetPrescaler  stm32l1xx_iwdg.o
    0x08002610   0x0000000c   Code   RO         2555    i.IWDG_SetReload    stm32l1xx_iwdg.o
    0x0800261c   0x0000000c   Code   RO         2556    i.IWDG_WriteAccessCmd  stm32l1xx_iwdg.o
    0x08002628   0x000000d4   Code   RO            6    i.Instruction_Check  main.o
    0x080026fc   0x00000002   Code   RO          192    i.MemManage_Handler  stm32l1xx_it.o
    0x080026fe   0x00000002   Code   RO          193    i.NMI_Handler       stm32l1xx_it.o
    0x08002700   0x00000064   Code   RO          923    i.NVIC_Init         misc.o
    0x08002764   0x00000014   Code   RO          924    i.NVIC_PriorityGroupConfig  misc.o
    0x08002778   0x00000020   Code   RO          556    i.NVIC_TIM6_Configuration  time.o
    0x08002798   0x00000038   Code   RO          362    i.NVIC_UART_Configuration  uart.o
    0x080027d0   0x0000002c   Code   RO         2802    i.PWR_EnterSleepMode  stm32l1xx_pwr.o
    0x080027fc   0x00000002   Code   RO          194    i.PendSV_Handler    stm32l1xx_it.o
    0x080027fe   0x00000002   PAD
    0x08002800   0x00000018   Code   RO         2895    i.RCC_AHBPeriphClockCmd  stm32l1xx_rcc.o
    0x08002818   0x00000018   Code   RO         2898    i.RCC_APB1PeriphClockCmd  stm32l1xx_rcc.o
    0x08002830   0x00000018   Code   RO         2900    i.RCC_APB1PeriphResetCmd  stm32l1xx_rcc.o
    0x08002848   0x00000018   Code   RO         2901    i.RCC_APB2PeriphClockCmd  stm32l1xx_rcc.o
    0x08002860   0x00000018   Code   RO         2903    i.RCC_APB2PeriphResetCmd  stm32l1xx_rcc.o
    0x08002878   0x00000010   Code   RO         2906    i.RCC_ClearFlag     stm32l1xx_rcc.o
    0x08002888   0x000000a8   Code   RO         2910    i.RCC_GetClocksFreq  stm32l1xx_rcc.o
    0x08002930   0x00000028   Code   RO         2911    i.RCC_GetFlagStatus  stm32l1xx_rcc.o
    0x08002958   0x0000000c   Code   RO         2920    i.RCC_LSICmd        stm32l1xx_rcc.o
    0x08002964   0x00000038   Code   RO          800    i.Return_Ack        return_data.o
    0x0800299c   0x0000019c   Code   RO          801    i.Return_Channel_CFG  return_data.o
    0x08002b38   0x000000f8   Code   RO          802    i.Return_Channel_Offset  return_data.o
    0x08002c30   0x00000130   Code   RO          803    i.Return_SampleData  return_data.o
    0x08002d60   0x00000020   Code   RO          477    i.SPI1_ALLCS_H      spi.o
    0x08002d80   0x00000020   Code   RO          478    i.SPI1_CS1_LOW      spi.o
    0x08002da0   0x00000020   Code   RO          479    i.SPI1_CS2_LOW      spi.o
    0x08002dc0   0x00000020   Code   RO          480    i.SPI1_CS3_LOW      spi.o
    0x08002de0   0x00000020   Code   RO          481    i.SPI1_CS4_LOW      spi.o
    0x08002e00   0x000000ec   Code   RO          482    i.SPI1_Configuration  spi.o
    0x08002eec   0x00000014   Code   RO         3689    i.SPI_Cmd           stm32l1xx_spi.o
    0x08002f00   0x00000054   Code   RO         3696    i.SPI_I2S_DeInit    stm32l1xx_spi.o
    0x08002f54   0x0000000e   Code   RO         3697    i.SPI_I2S_GetFlagStatus  stm32l1xx_spi.o
    0x08002f62   0x00000004   Code   RO         3700    i.SPI_I2S_ReceiveData  stm32l1xx_spi.o
    0x08002f66   0x00000004   Code   RO         3701    i.SPI_I2S_SendData  stm32l1xx_spi.o
    0x08002f6a   0x00000038   Code   RO         3702    i.SPI_Init          stm32l1xx_spi.o
    0x08002fa2   0x00000002   Code   RO          195    i.SVC_Handler       stm32l1xx_it.o
    0x08002fa4   0x00000384   Code   RO          745    i.Sample_Instruction_Control  data_process.o
    0x08003328   0x000000d0   Code   RO         4689    i.SetSysClock       system_stm32l1xx.o
    0x080033f8   0x0000003c   Code   RO          196    i.SysTick_Handler   stm32l1xx_it.o
    0x08003434   0x00000054   Code   RO         4691    i.SystemInit        system_stm32l1xx.o
    0x08003488   0x0000007a   Code   RO          557    i.TIM2_Configuration  time.o
    0x08003502   0x00000002   PAD
    0x08003504   0x0000002c   Code   RO          197    i.TIM2_IRQHandler   stm32l1xx_it.o
    0x08003530   0x00000080   Code   RO          558    i.TIM3_Configuration  time.o
    0x080035b0   0x0000001c   Code   RO          198    i.TIM3_IRQHandler   stm32l1xx_it.o
    0x080035cc   0x00000008   Code   RO          559    i.TIM6_Configuration  time.o
    0x080035d4   0x00000020   Code   RO          560    i.TIM6_Disable      time.o
    0x080035f4   0x00000030   Code   RO          199    i.TIM6_IRQHandler   stm32l1xx_it.o
    0x08003624   0x00000054   Code   RO          561    i.TIM6_Reconfiguration  time.o
    0x08003678   0x00000006   Code   RO         3935    i.TIM_ClearFlag     stm32l1xx_tim.o
    0x0800367e   0x00000006   Code   RO         3936    i.TIM_ClearITPendingBit  stm32l1xx_tim.o
    0x08003684   0x00000014   Code   RO         3941    i.TIM_Cmd           stm32l1xx_tim.o
    0x08003698   0x000000e4   Code   RO         3945    i.TIM_DeInit        stm32l1xx_tim.o
    0x0800377c   0x00000018   Code   RO         3961    i.TIM_GetITStatus   stm32l1xx_tim.o
    0x08003794   0x00000010   Code   RO         3965    i.TIM_ITConfig      stm32l1xx_tim.o
    0x080037a4   0x0000000a   Code   RO         3967    i.TIM_InternalClockConfig  stm32l1xx_tim.o
    0x080037ae   0x00000002   PAD
    0x080037b0   0x0000005c   Code   RO         4009    i.TIM_TimeBaseInit  stm32l1xx_tim.o
    0x0800380c   0x00000094   Code   RO          363    i.UART1_Configuration  uart.o
    0x080038a0   0x00000094   Code   RO          364    i.UART2_Configuration  uart.o
    0x08003934   0x00000028   Code   RO          365    i.USART1_GetChar    uart.o
    0x0800395c   0x00000030   Code   RO          366    i.USART1_GetCharBlock  uart.o
    0x0800398c   0x00000048   Code   RO          200    i.USART1_IRQHandler  stm32l1xx_it.o
    0x080039d4   0x00000054   Code   RO          201    i.USART2_IRQHandler  stm32l1xx_it.o
    0x08003a28   0x0000000c   Code   RO         4434    i.USART_ClearITPendingBit  stm32l1xx_usart.o
    0x08003a34   0x00000014   Code   RO         4437    i.USART_Cmd         stm32l1xx_usart.o
    0x08003a48   0x0000000e   Code   RO         4440    i.USART_GetFlagStatus  stm32l1xx_usart.o
    0x08003a56   0x0000003e   Code   RO         4441    i.USART_GetITStatus  stm32l1xx_usart.o
    0x08003a94   0x00000030   Code   RO         4443    i.USART_ITConfig    stm32l1xx_usart.o
    0x08003ac4   0x000000ac   Code   RO         4444    i.USART_Init        stm32l1xx_usart.o
    0x08003b70   0x00000026   Code   RO          369    i.USART_PutChar     uart.o
    0x08003b96   0x00000002   PAD
    0x08003b98   0x00000026   Code   RO          370    i.USART_PutData     uart.o
    0x08003bbe   0x00000008   Code   RO         4451    i.USART_ReceiveData  stm32l1xx_usart.o
    0x08003bc6   0x00000008   Code   RO         4454    i.USART_SendData    stm32l1xx_usart.o
    0x08003bce   0x00000002   Code   RO          202    i.UsageFault_Handler  stm32l1xx_it.o
    0x08003bd0   0x00000088   Code   RO          850    i.Zero_Offset1      offset.o
    0x08003c58   0x00000090   Code   RO          851    i.Zero_Offset2      offset.o
    0x08003ce8   0x00000090   Code   RO          852    i.Zero_Offset3      offset.o
    0x08003d78   0x00000090   Code   RO          853    i.Zero_Offset4      offset.o
    0x08003e08   0x00000020   Code   RO         4967    i.__0printf         mc_w.l(printfa.o)
    0x08003e28   0x0000000e   Code   RO         5061    i.__scatterload_copy  mc_w.l(handlers.o)
    0x08003e36   0x00000002   Code   RO         5062    i.__scatterload_null  mc_w.l(handlers.o)
    0x08003e38   0x0000000e   Code   RO         5063    i.__scatterload_zeroinit  mc_w.l(handlers.o)
    0x08003e46   0x00000002   PAD
    0x08003e48   0x0000015c   Code   RO         4974    i._fp_digits        mc_w.l(printfa.o)
    0x08003fa4   0x000006f0   Code   RO         4975    i._printf_core      mc_w.l(printfa.o)
    0x08004694   0x00000026   Code   RO         4976    i._printf_post_padding  mc_w.l(printfa.o)
    0x080046ba   0x00000030   Code   RO         4977    i._printf_pre_padding  mc_w.l(printfa.o)
    0x080046ea   0x00000002   PAD
    0x080046ec   0x00000030   Code   RO          662    i.add_send_buffer   serial_packet.o
    0x0800471c   0x0000003c   Code   RO          663    i.crc_packet        serial_packet.o
    0x08004758   0x00000014   Code   RO          372    i.fputc             uart.o
    0x0800476c   0x00000050   Code   RO          664    i.get_active_message  serial_packet.o
    0x080047bc   0x000001ac   Code   RO            7    i.main              main.o
    0x08004968   0x00000090   Code   RO          665    i.read_serial_packet  serial_packet.o
    0x080049f8   0x0000002c   Code   RO          666    i.send_message      serial_packet.o
    0x08004a24   0x00000024   Code   RO          668    i.send_message_add  serial_packet.o
    0x08004a48   0x00000030   Code   RO          669    i.send_message_prepare  serial_packet.o
    0x08004a78   0x00000088   Code   RO          671    i.write_serial_packet  serial_packet.o
    0x08004b00   0x00000020   Data   RO         5059    Region$$Table       anon$$obj.o


    Execution Region RW_IRAM1 (Base: 0x20000000, Size: 0x00000c80, Max: 0x00004000, ABSOLUTE, COMPRESSED[0x00000030])

    Base Addr    Size         Type   Attr      Idx    E Section Name        Object

    0x20000000   0x00000002   Data   RW           17    .data               main.o
    0x20000002   0x00000001   Data   RW           18    .data               main.o
    0x20000003   0x00000001   Data   RW           19    .data               main.o
    0x20000004   0x00000001   Data   RW           20    .data               main.o
    0x20000005   0x00000001   Data   RW           21    .data               main.o
    0x20000006   0x00000001   Data   RW           22    .data               main.o
    0x20000007   0x00000001   Data   RW           23    .data               main.o
    0x20000008   0x00000001   Data   RW           24    .data               main.o
    0x20000009   0x00000001   Data   RW           25    .data               main.o
    0x2000000a   0x00000001   Data   RW           26    .data               main.o
    0x2000000b   0x00000001   Data   RW           27    .data               main.o
    0x2000000c   0x00000010   Data   RW           28    .data               main.o
    0x2000001c   0x00000004   Data   RW           29    .data               main.o
    0x20000020   0x00000004   Data   RW           30    .data               main.o
    0x20000024   0x00000001   Data   RW           31    .data               main.o
    0x20000025   0x00000001   Data   RW           32    .data               main.o
    0x20000026   0x00000001   Data   RW           33    .data               main.o
    0x20000027   0x00000001   Data   RW           34    .data               main.o
    0x20000028   0x00000004   Data   RW           35    .data               main.o
    0x2000002c   0x00000004   Data   RW           36    .data               main.o
    0x20000030   0x00000004   Data   RW           37    .data               main.o
    0x20000034   0x00000004   Data   RW           38    .data               main.o
    0x20000038   0x00000004   Data   RW           39    .data               main.o
    0x2000003c   0x00000004   Data   RW           40    .data               main.o
    0x20000040   0x00000001   Data   RW           41    .data               main.o
    0x20000041   0x00000007   Data   RW           42    .data               main.o
    0x20000048   0x00000001   Data   RW          374    .data               uart.o
    0x20000049   0x00000001   Data   RW          375    .data               uart.o
    0x2000004a   0x00000002   PAD
    0x2000004c   0x00000110   Data   RW          673    .data               serial_packet.o
    0x2000015c   0x00000019   Data   RW         2933    .data               stm32l1xx_rcc.o
    0x20000175   0x00000003   PAD
    0x20000178   0x0000001d   Data   RW         4692    .data               system_stm32l1xx.o
    0x20000195   0x00000003   PAD
    0x20000198   0x00000004   Data   RW         5035    .data               mc_w.l(stdout.o)
    0x2000019c   0x00000018   Zero   RW            8    .bss                main.o
    0x200001b4   0x00000018   Zero   RW            9    .bss                main.o
    0x200001cc   0x00000018   Zero   RW           10    .bss                main.o
    0x200001e4   0x00000018   Zero   RW           11    .bss                main.o
    0x200001fc   0x00000013   Zero   RW           12    .bss                main.o
    0x2000020f   0x00000013   Zero   RW           13    .bss                main.o
    0x20000222   0x00000013   Zero   RW           14    .bss                main.o
    0x20000235   0x00000013   Zero   RW           15    .bss                main.o
    0x20000248   0x0000002c   Zero   RW           16    .bss                main.o
    0x20000274   0x00000490   Zero   RW          373    .bss                uart.o
    0x20000704   0x00000178   Zero   RW          672    .bss                serial_packet.o
    0x2000087c   0x00000004   PAD
    0x20000880   0x00000400   Zero   RW         4724    STACK               startup_stm32l1xx_md.o


==============================================================================

Image component sizes


      Code (inc. data)   RO Data    RW Data    ZI Data      Debug   Object Name

      3838        370          0          0          0       5778   data_process.o
       990         56          0          0          0       3505   eeprom_i2c.o
       132          4          0          0          0        549   gpio.o
       738        140          0         72        216     222127   main.o
       120         18          0          0          0      12475   misc.o
      1912        722          0          0          0       5664   offset.o
      1062        102          0          0          0       3272   return_data.o
       596         64          0        272        376       5319   serial_packet.o
      1472        264          0          0          0       6130   spi.o
        36          8        244          0       1024        800   startup_stm32l1xx_md.o
       142          0          0          0          0       8479   stm32l1xx_gpio.o
       412         14          0          0          0      16052   stm32l1xx_i2c.o
       352         66          0          0          0      58615   stm32l1xx_it.o
        68         30          0          0          0       2534   stm32l1xx_iwdg.o
        44         10          0          0          0        581   stm32l1xx_pwr.o
       356         58          0         25          0      16353   stm32l1xx_rcc.o
       182         12          0          0          0      11683   stm32l1xx_spi.o
       402         54          0          0          0      23876   stm32l1xx_tim.o
       344          4          0          0          0      11663   stm32l1xx_usart.o
       292         28          0         29          0       1697   system_stm32l1xx.o
       406         22          0          0          0       3143   time.o
       536         28          0          2       1168       5533   uart.o

    ----------------------------------------------------------------------
     14456       2074        276        408       2788     425828   Object Totals
         0          0         32          0          0          0   (incl. Generated)
        24          0          0          8          4          0   (incl. Padding)

    ----------------------------------------------------------------------

      Code (inc. data)   RO Data    RW Data    ZI Data      Debug   Library Member Name

        92          0          0          0          0          0   __dczerorl2.o
         0          0          0          0          0          0   entry.o
         0          0          0          0          0          0   entry10a.o
         0          0          0          0          0          0   entry11a.o
         8          4          0          0          0          0   entry2.o
         4          0          0          0          0          0   entry5.o
         0          0          0          0          0          0   entry7b.o
         0          0          0          0          0          0   entry8b.o
         8          4          0          0          0          0   entry9a.o
        30          0          0          0          0          0   handlers.o
        36          8          0          0          0         68   init.o
         0          0          0          0          0          0   iusefp.o
        30          0          0          0          0         68   llshl.o
        36          0          0          0          0         68   llsshr.o
        32          0          0          0          0         68   llushr.o
      2242         90          0          0          0        444   printfa.o
         0          0          0          4          0          0   stdout.o
        44          0          0          0          0         80   uidiv.o
        98          0          0          0          0         92   uldiv.o
        40          2          0          0          0         68   cdrcmple.o
        20          0          0          0          0         68   cfrcmple.o
        56          0          0          0          0         88   d2f.o
       334          0          0          0          0        148   dadd.o
       222          0          0          0          0        100   ddiv.o
       190          0          0          0          0        176   depilogue.o
        48          0          0          0          0         68   dfixul.o
        34          0          0          0          0         76   dflti.o
       228          0          0          0          0         96   dmul.o
        38          0          0          0          0         68   f2d.o
       176          0          0          0          0        140   fadd.o
       128          0          0          0          0         88   fdiv.o
       108          0          0          0          0        168   fepilogue.o
        50          0          0          0          0         68   ffixi.o
        18          0          0          0          0         68   fflti.o
        10          0          0          0          0         68   ffltui.o
       108          0          0          0          0         76   fmul.o
        24          0          0          0          0         68   fscalb.o

    ----------------------------------------------------------------------
      4500        108          0          4          0       2588   Library Totals
         8          0          0          0          0          0   (incl. Padding)

    ----------------------------------------------------------------------

      Code (inc. data)   RO Data    RW Data    ZI Data      Debug   Library Name

      2660        106          0          4          0        888   mc_w.l
      1832          2          0          0          0       1700   mf_w.l

    ----------------------------------------------------------------------
      4500        108          0          4          0       2588   Library Totals

    ----------------------------------------------------------------------

==============================================================================


      Code (inc. data)   RO Data    RW Data    ZI Data      Debug   

     18956       2182        276        412       2788     419836   Grand Totals
     18956       2182        276         48       2788     419836   ELF Image Totals (compressed)
     18956       2182        276         48          0          0   ROM Totals

==============================================================================

    Total RO  Size (Code + RO Data)                19232 (  18.78kB)
    Total RW  Size (RW Data + ZI Data)              3200 (   3.13kB)
    Total ROM Size (Code + RO Data + RW Data)      19280 (  18.83kB)

==============================================================================

