Component: ARM Compiler 5.05 update 1 (build 106) Tool: armlink [4d0efa]

==============================================================================

Section Cross References

    main.o(i.Delay) refers to time.o(i.TIM6_Reconfiguration) for TIM6_Reconfiguration
    main.o(i.Delay) refers to time.o(i.TIM6_Disable) for TIM6_Disable
    main.o(i.Delay) refers to main.o(.data) for .data
    main.o(i.IWDG_INIT) refers to stm32l1xx_rcc.o(i.RCC_LSICmd) for RCC_LSICmd
    main.o(i.IWDG_INIT) refers to stm32l1xx_rcc.o(i.RCC_GetFlagStatus) for RCC_GetFlagStatus
    main.o(i.IWDG_INIT) refers to stm32l1xx_iwdg.o(i.IWDG_WriteAccessCmd) for IWDG_WriteAccessCmd
    main.o(i.IWDG_INIT) refers to stm32l1xx_iwdg.o(i.IWDG_SetPrescaler) for IWDG_SetPrescaler
    main.o(i.IWDG_INIT) refers to stm32l1xx_iwdg.o(i.IWDG_SetReload) for IWDG_SetReload
    main.o(i.IWDG_INIT) refers to stm32l1xx_iwdg.o(i.IWDG_ReloadCounter) for IWDG_ReloadCounter
    main.o(i.IWDG_INIT) refers to stm32l1xx_iwdg.o(i.IWDG_Enable) for IWDG_Enable
    main.o(i.main) refers to misc.o(i.NVIC_PriorityGroupConfig) for NVIC_PriorityGroupConfig
    main.o(i.main) refers to time.o(i.TIM6_Configuration) for TIM6_Configuration
    main.o(i.main) refers to time.o(i.NVIC_TIM6_Configuration) for NVIC_TIM6_Configuration
    main.o(i.main) refers to gpio.o(i.GPIO_Configuration) for GPIO_Configuration
    main.o(i.main) refers to spi.o(i.SPI1_Configuration) for SPI1_Configuration
    main.o(i.main) refers to uart.o(i.UART1_Configuration) for UART1_Configuration
    main.o(i.main) refers to uart.o(i.UART1TX_DMA_Configuration) for UART1TX_DMA_Configuration
    main.o(i.main) refers to uart.o(i.UART2_Configuration) for UART2_Configuration
    main.o(i.main) refers to uart.o(i.NVIC_UART_Configuration) for NVIC_UART_Configuration
    main.o(i.main) refers to eeprom_i2c.o(i.I2C1_Configuration) for I2C1_Configuration
    main.o(i.main) refers to time.o(i.TIM2_Configuration) for TIM2_Configuration
    main.o(i.main) refers to exti.o(i.EXTI0_Config) for EXTI0_Config
    main.o(i.main) refers to exti.o(i.EXTI1_Config) for EXTI1_Config
    main.o(i.main) refers to exti.o(i.EXTI2_Config) for EXTI2_Config
    main.o(i.main) refers to exti.o(i.EXTI15_10_Config) for EXTI15_10_Config
    main.o(i.main) refers to stm32l1xx_rcc.o(i.RCC_GetFlagStatus) for RCC_GetFlagStatus
    main.o(i.main) refers to printf5.o(i.__0printf$5) for __2printf
    main.o(i.main) refers to stm32l1xx_rcc.o(i.RCC_ClearFlag) for RCC_ClearFlag
    main.o(i.main) refers to main.o(i.IWDG_INIT) for IWDG_INIT
    main.o(i.main) refers to eeprom_i2c.o(i.I2C1_ReadS_24C) for I2C1_ReadS_24C
    main.o(i.main) refers to stm32l1xx_iwdg.o(i.IWDG_ReloadCounter) for IWDG_ReloadCounter
    main.o(i.main) refers to serial_packet.o(i.get_active_message) for get_active_message
    main.o(i.main) refers to uart.o(i.USART1_ClearBuf) for USART1_ClearBuf
    main.o(i.main) refers to stm32l1xx_gpio.o(i.GPIO_SetBits) for GPIO_SetBits
    main.o(i.main) refers to main.o(i.Delay) for Delay
    main.o(i.main) refers to return_data.o(i.Return_Channel_CFG) for Return_Channel_CFG
    main.o(i.main) refers to return_data.o(i.Return_Channel_Offset) for Return_Channel_Offset
    main.o(i.main) refers to data_process.o(i.Sample_Instruction_Control) for Sample_Instruction_Control
    main.o(i.main) refers to spi.o(i.ADS1248_CFG_SET) for ADS1248_CFG_SET
    main.o(i.main) refers to return_data.o(i.Return_Ack) for Return_Ack
    main.o(i.main) refers to offset.o(i.CALIBRATION_PARAMETERS_SET) for CALIBRATION_PARAMETERS_SET
    main.o(i.main) refers to offset.o(i.Channel_Offset) for Channel_Offset
    main.o(i.main) refers to system_stm32l1xx.o(.data) for SystemCoreClock
    main.o(i.main) refers to main.o(.bss) for .bss
    main.o(i.main) refers to main.o(.data) for .data
    stm32l1xx_it.o(i.DMA1_Channel4_IRQHandler) refers to stm32l1xx_dma.o(i.DMA_GetITStatus) for DMA_GetITStatus
    stm32l1xx_it.o(i.DMA1_Channel4_IRQHandler) refers to stm32l1xx_dma.o(i.DMA_ClearITPendingBit) for DMA_ClearITPendingBit
    stm32l1xx_it.o(i.DMA1_Channel4_IRQHandler) refers to stm32l1xx_dma.o(i.DMA_Cmd) for DMA_Cmd
    stm32l1xx_it.o(i.DMA1_Channel4_IRQHandler) refers to data_process.o(.data) for DMASendDataCompleted
    stm32l1xx_it.o(i.EXTI0_IRQHandler) refers to stm32l1xx_exti.o(i.EXTI_GetITStatus) for EXTI_GetITStatus
    stm32l1xx_it.o(i.EXTI0_IRQHandler) refers to stm32l1xx_gpio.o(i.GPIO_SetBits) for GPIO_SetBits
    stm32l1xx_it.o(i.EXTI0_IRQHandler) refers to main.o(i.GPIO_PinReverse) for GPIO_PinReverse
    stm32l1xx_it.o(i.EXTI0_IRQHandler) refers to stm32l1xx_exti.o(i.EXTI_ClearITPendingBit) for EXTI_ClearITPendingBit
    stm32l1xx_it.o(i.EXTI0_IRQHandler) refers to main.o(.bss) for Ch_D_DATA
    stm32l1xx_it.o(i.EXTI0_IRQHandler) refers to main.o(.data) for Send_Flag_TPA
    stm32l1xx_it.o(i.EXTI15_10_IRQHandler) refers to stm32l1xx_exti.o(i.EXTI_GetITStatus) for EXTI_GetITStatus
[...]
    ..\..\Libraries\STM32L1xx_StdPeriph_Driver\src\stm32l1xx_flash_ramfunc.c 0x00000000   Number         0  stm32l1xx_flash_ramfunc.o ABSOLUTE
    ..\..\Libraries\STM32L1xx_StdPeriph_Driver\src\stm32l1xx_fsmc.c 0x00000000   Number         0  stm32l1xx_fsmc.o ABSOLUTE
    ..\..\Libraries\STM32L1xx_StdPeriph_Driver\src\stm32l1xx_gpio.c 0x00000000   Number         0  stm32l1xx_gpio.o ABSOLUTE
    ..\..\Libraries\STM32L1xx_StdPeriph_Driver\src\stm32l1xx_i2c.c 0x00000000   Number         0  stm32l1xx_i2c.o ABSOLUTE
    ..\..\Libraries\STM32L1xx_StdPeriph_Driver\src\stm32l1xx_iwdg.c 0x00000000   Number         0  stm32l1xx_iwdg.o ABSOLUTE
    ..\..\Libraries\STM32L1xx_StdPeriph_Driver\src\stm32l1xx_lcd.c 0x00000000   Number         0  stm32l1xx_lcd.o ABSOLUTE
    ..\..\Libraries\STM32L1xx_StdPeriph_Driver\src\stm32l1xx_opamp.c 0x00000000   Number         0  stm32l1xx_opamp.o ABSOLUTE
    ..\..\Libraries\STM32L1xx_StdPeriph_Driver\src\stm32l1xx_pwr.c 0x00000000   Number         0  stm32l1xx_pwr.o ABSOLUTE
    ..\..\Libraries\STM32L1xx_StdPeriph_Driver\src\stm32l1xx_rcc.c 0x00000000   Number         0  stm32l1xx_rcc.o ABSOLUTE
    ..\..\Libraries\STM32L1xx_StdPeriph_Driver\src\stm32l1xx_rtc.c 0x00000000   Number         0  stm32l1xx_rtc.o ABSOLUTE
    ..\..\Libraries\STM32L1xx_StdPeriph_Driver\src\stm32l1xx_sdio.c 0x00000000   Number         0  stm32l1xx_sdio.o ABSOLUTE
    ..\..\Libraries\STM32L1xx_StdPeriph_Driver\src\stm32l1xx_spi.c 0x00000000   Number         0  stm32l1xx_spi.o ABSOLUTE
    ..\..\Libraries\STM32L1xx_StdPeriph_Driver\src\stm32l1xx_syscfg.c 0x00000000   Number         0  stm32l1xx_syscfg.o ABSOLUTE
    ..\..\Libraries\STM32L1xx_StdPeriph_Driver\src\stm32l1xx_tim.c 0x00000000   Number         0  stm32l1xx_tim.o ABSOLUTE
    ..\..\Libraries\STM32L1xx_StdPeriph_Driver\src\stm32l1xx_usart.c 0x00000000   Number         0  stm32l1xx_usart.o ABSOLUTE
    ..\..\Libraries\STM32L1xx_StdPeriph_Driver\src\stm32l1xx_wwdg.c 0x00000000   Number         0  stm32l1xx_wwdg.o ABSOLUTE
    ..\DATA_Process.c                        0x00000000   Number         0  data_process.o ABSOLUTE
    ..\EEPROM_I2C.c                          0x00000000   Number         0  eeprom_i2c.o ABSOLUTE
    ..\EXTI.c                                0x00000000   Number         0  exti.o ABSOLUTE
    ..\Offset.c                              0x00000000   Number         0  offset.o ABSOLUTE
    ..\Return_DATA.c                         0x00000000   Number         0  return_data.o ABSOLUTE
    ..\SPI.c                                 0x00000000   Number         0  spi.o ABSOLUTE
    ..\\..\\Libraries\\STM32L1xx_StdPeriph_Driver\\src\\misc.c 0x00000000   Number         0  misc.o ABSOLUTE
    ..\\..\\Libraries\\STM32L1xx_StdPeriph_Driver\\src\\stm32l1xx_adc.c 0x00000000   Number         0  stm32l1xx_adc.o ABSOLUTE
    ..\\..\\Libraries\\STM32L1xx_StdPeriph_Driver\\src\\stm32l1xx_aes.c 0x00000000   Number         0  stm32l1xx_aes.o ABSOLUTE
    ..\\..\\Libraries\\STM32L1xx_StdPeriph_Driver\\src\\stm32l1xx_aes_util.c 0x00000000   Number         0  stm32l1xx_aes_util.o ABSOLUTE
    ..\\..\\Libraries\\STM32L1xx_StdPeriph_Driver\\src\\stm32l1xx_comp.c 0x00000000   Number         0  stm32l1xx_comp.o ABSOLUTE
    ..\\..\\Libraries\\STM32L1xx_StdPeriph_Driver\\src\\stm32l1xx_crc.c 0x00000000   Number         0  stm32l1xx_crc.o ABSOLUTE
    ..\\..\\Libraries\\STM32L1xx_StdPeriph_Driver\\src\\stm32l1xx_dac.c 0x00000000   Number         0  stm32l1xx_dac.o ABSOLUTE
    ..\\..\\Libraries\\STM32L1xx_StdPeriph_Driver\\src\\stm32l1xx_dbgmcu.c 0x00000000   Number         0  stm32l1xx_dbgmcu.o ABSOLUTE
    ..\\..\\Libraries\\STM32L1xx_StdPeriph_Driver\\src\\stm32l1xx_dma.c 0x00000000   Number         0  stm32l1xx_dma.o ABSOLUTE
    ..\\..\\Libraries\\STM32L1xx_StdPeriph_Driver\\src\\stm32l1xx_exti.c 0x00000000   Number         0  stm32l1xx_exti.o ABSOLUTE
    ..\\..\\Libraries\\STM32L1xx_StdPeriph_Driver\\src\\stm32l1xx_flash.c 0x00000000   Number         0  stm32l1xx_flash.o ABSOLUTE
    ..\\..\\Libraries\\STM32L1xx_StdPeriph_Driver\\src\\stm32l1xx_flash_ramfunc.c 0x00000000   Number         0  stm32l1xx_flash_ramfunc.o ABSOLUTE
    ..\\..\\Libraries\\STM32L1xx_StdPeriph_Driver\\src\\stm32l1xx_fsmc.c 0x00000000   Number         0  stm32l1xx_fsmc.o ABSOLUTE
    ..\\..\\Libraries\\STM32L1xx_StdPeriph_Driver\\src\\stm32l1xx_gpio.c 0x00000000   Number         0  stm32l1xx_gpio.o ABSOLUTE
    ..\\..\\Libraries\\STM32L1xx_StdPeriph_Driver\\src\\stm32l1xx_i2c.c 0x00000000   Number         0  stm32l1xx_i2c.o ABSOLUTE
    ..\\..\\Libraries\\STM32L1xx_StdPeriph_Driver\\src\\stm32l1xx_iwdg.c 0x00000000   Number         0  stm32l1xx_iwdg.o ABSOLUTE
    ..\\..\\Libraries\\STM32L1xx_StdPeriph_Driver\\src\\stm32l1xx_lcd.c 0x00000000   Number         0  stm32l1xx_lcd.o ABSOLUTE
    ..\\..\\Libraries\\STM32L1xx_StdPeriph_Driver\\src\\stm32l1xx_opamp.c 0x00000000   Number         0  stm32l1xx_opamp.o ABSOLUTE
    ..\\..\\Libraries\\STM32L1xx_StdPeriph_Driver\\src\\stm32l1xx_pwr.c 0x00000000   Number         0  stm32l1xx_pwr.o ABSOLUTE
    ..\\..\\Libraries\\STM32L1xx_StdPeriph_Driver\\src\\stm32l1xx_rcc.c 0x00000000   Number         0  stm32l1xx_rcc.o ABSOLUTE
    ..\\..\\Libraries\\STM32L1xx_StdPeriph_Driver\\src\\stm32l1xx_rtc.c 0x00000000   Number         0  stm32l1xx_rtc.o ABSOLUTE
    ..\\..\\Libraries\\STM32L1xx_StdPeriph_Driver\\src\\stm32l1xx_sdio.c 0x00000000   Number         0  stm32l1xx_sdio.o ABSOLUTE
    ..\\..\\Libraries\\STM32L1xx_StdPeriph_Driver\\src\\stm32l1xx_spi.c 0x00000000   Number         0  stm32l1xx_spi.o ABSOLUTE
    ..\\..\\Libraries\\STM32L1xx_StdPeriph_Driver\\src\\stm32l1xx_syscfg.c 0x00000000   Number         0  stm32l1xx_syscfg.o ABSOLUTE
    ..\\..\\Libraries\\STM32L1xx_StdPeriph_Driver\\src\\stm32l1xx_tim.c 0x00000000   Number         0  stm32l1xx_tim.o ABSOLUTE
    ..\\..\\Libraries\\STM32L1xx_StdPeriph_Driver\\src\\stm32l1xx_usart.c 0x00000000   Number         0  stm32l1xx_usart.o ABSOLUTE
    ..\\..\\Libraries\\STM32L1xx_StdPeriph_Driver\\src\\stm32l1xx_wwdg.c 0x00000000   Number         0  stm32l1xx_wwdg.o ABSOLUTE
    ..\\DATA_Process.c                       0x00000000   Number         0  data_process.o ABSOLUTE
    ..\\EEPROM_I2C.c                         0x00000000   Number         0  eeprom_i2c.o ABSOLUTE
    ..\\EXTI.c                               0x00000000   Number         0  exti.o ABSOLUTE
    ..\\Offset.c                             0x00000000   Number         0  offset.o ABSOLUTE
    ..\\Return_DATA.c                        0x00000000   Number         0  return_data.o ABSOLUTE
    ..\\SPI.c                                0x00000000   Number         0  spi.o ABSOLUTE
    ..\\gpio.c                               0x00000000   Number         0  gpio.o ABSOLUTE
    ..\\main.c                               0x00000000   Number         0  main.o ABSOLUTE
    ..\\serial_packet.c                      0x00000000   Number         0  serial_packet.o ABSOLUTE
    ..\\stm32l1xx_it.c                       0x00000000   Number         0  stm32l1xx_it.o ABSOLUTE
    ..\\system_stm32l1xx.c                   0x00000000   Number         0  system_stm32l1xx.o ABSOLUTE
    ..\\time.c                               0x00000000   Number         0  time.o ABSOLUTE
    ..\\uart.c                               0x00000000   Number         0  uart.o ABSOLUTE
    ..\gpio.c                                0x00000000   Number         0  gpio.o ABSOLUTE
    ..\main.c                                0x00000000   Number         0  main.o ABSOLUTE
    ..\serial_packet.c                       0x00000000   Number         0  serial_packet.o ABSOLUTE
    ..\stm32l1xx_it.c                        0x00000000   Number         0  stm32l1xx_it.o ABSOLUTE
    ..\system_stm32l1xx.c                    0x00000000   Number         0  system_stm32l1xx.o ABSOLUTE
    ..\time.c                                0x00000000   Number         0  time.o ABSOLUTE
    ..\uart.c                                0x00000000   Number         0  uart.o ABSOLUTE
    cdrcmple.s                               0x00000000   Number         0  cdrcmple.o ABSOLUTE
    cfrcmple.s                               0x00000000   Number         0  cfrcmple.o ABSOLUTE
    dc.s                                     0x00000000   Number         0  dc.o ABSOLUTE
    handlers.s                               0x00000000   Number         0  handlers.o ABSOLUTE
    init.s                                   0x00000000   Number         0  init.o ABSOLUTE
    RESET                                    0x08000000   Section      244  startup_stm32l1xx_md.o(RESET)
    .ARM.Collect$$$$00000000                 0x080000f4   Section        0  entry.o(.ARM.Collect$$$$00000000)
    .ARM.Collect$$$$00000001                 0x080000f4   Section        4  entry2.o(.ARM.Collect$$$$00000001)
    .ARM.Collect$$$$00000004                 0x080000f8   Section        4  entry5.o(.ARM.Collect$$$$00000004)
    .ARM.Collect$$$$00000008                 0x080000fc   Section        0  entry7b.o(.ARM.Collect$$$$00000008)
    .ARM.Collect$$$$0000000A                 0x080000fc   Section        0  entry8b.o(.ARM.Collect$$$$0000000A)
    .ARM.Collect$$$$0000000B                 0x080000fc   Section        8  entry9a.o(.ARM.Collect$$$$0000000B)
    .ARM.Collect$$$$0000000D                 0x08000104   Section        0  entry10a.o(.ARM.Collect$$$$0000000D)
    .ARM.Collect$$$$0000000F                 0x08000104   Section        0  entry11a.o(.ARM.Collect$$$$0000000F)
    .ARM.Collect$$$$00002712                 0x08000104   Section        4  entry2.o(.ARM.Collect$$$$00002712)
    __lit__00000000                          0x08000104   Data           4  entry2.o(.ARM.Collect$$$$00002712)
    .text                                    0x08000108   Section       36  startup_stm32l1xx_md.o(.text)
    .text                                    0x0800012c   Section        0  memcpya.o(.text)
    .text                                    0x08000150   Section        0  fadd.o(.text)
    .text                                    0x08000200   Section        0  fmul.o(.text)
    .text                                    0x08000264   Section        0  fdiv.o(.text)
    .text                                    0x080002e0   Section        0  fscalb.o(.text)
    .text                                    0x080002f8   Section        0  dmul.o(.text)
    .text                                    0x080003dc   Section        0  ddiv.o(.text)
    .text                                    0x080004ba   Section        0  fflti.o(.text)
    .text                                    0x080004cc   Section        0  ffltui.o(.text)
    .text                                    0x080004d6   Section        0  dflti.o(.text)
    .text                                    0x080004f8   Section        0  ffixi.o(.text)
    .text                                    0x0800052a   Section        0  f2d.o(.text)
    .text                                    0x08000550   Section        0  d2f.o(.text)
    .text                                    0x08000588   Section       20  cfrcmple.o(.text)
    .text                                    0x0800059c   Section        0  uldiv.o(.text)
    .text                                    0x080005fe   Section        0  fepilogue.o(.text)
    .text                                    0x080005fe   Section        0  iusefp.o(.text)
    .text                                    0x0800066c   Section        0  depilogue.o(.text)
    .text                                    0x08000728   Section       36  init.o(.text)
    .text                                    0x0800074c   Section        0  llshl.o(.text)
    .text                                    0x0800076a   Section        0  llushr.o(.text)
    .text                                    0x0800078a   Section        0  __dczerorl2.o(.text)
    i.ADS1248_CFG_SET                        0x080007e0   Section        0  spi.o(i.ADS1248_CFG_SET)
    i.ADS1248_CS                             0x08000ae0   Section        0  spi.o(i.ADS1248_CS)
    i.ADS1248_Init                           0x08000b24   Section        0  spi.o(i.ADS1248_Init)
    i.ADS1248_ReadData                       0x08000b78   Section        0  data_process.o(i.ADS1248_ReadData)
    i.ADS1248_ReadREG                        0x08000ba0   Section        0  spi.o(i.ADS1248_ReadREG)
    i.ADS1248_Sample                         0x08000bbc   Section        0  data_process.o(i.ADS1248_Sample)
    i.ADS1248_WriteByte                      0x08000e5c   Section        0  spi.o(i.ADS1248_WriteByte)
    i.ADS1248_WriteReg                       0x08000e90   Section        0  spi.o(i.ADS1248_WriteReg)
    i.Bubble_sort                            0x08000eb0   Section        0  offset.o(i.Bubble_sort)
    i.BusFault_Handler                       0x08000f9c   Section        0  stm32l1xx_it.o(i.BusFault_Handler)
    i.CALIBRATION_PARAMETERS_SET             0x08000fa0   Section        0  offset.o(i.CALIBRATION_PARAMETERS_SET)
    i.Channel_Offset                         0x080011e8   Section        0  offset.o(i.Channel_Offset)
    i.DMA1_Channel4_IRQHandler               0x080012a0   Section        0  stm32l1xx_it.o(i.DMA1_Channel4_IRQHandler)
    i.DMA_ClearITPendingBit                  0x080012d0   Section        0  stm32l1xx_dma.o(i.DMA_ClearITPendingBit)
    i.DMA_Cmd                                0x080012e8   Section        0  stm32l1xx_dma.o(i.DMA_Cmd)
    i.DMA_DeInit                             0x08001300   Section        0  stm32l1xx_dma.o(i.DMA_DeInit)
    i.DMA_GetITStatus                        0x080013e4   Section        0  stm32l1xx_dma.o(i.DMA_GetITStatus)
    i.DMA_ITConfig                           0x08001404   Section        0  stm32l1xx_dma.o(i.DMA_ITConfig)
    i.DMA_Init                               0x08001414   Section        0  stm32l1xx_dma.o(i.DMA_Init)
    i.DataPackage                            0x0800144e   Section        0  return_data.o(i.DataPackage)
    i.DebugMon_Handler                       0x08001478   Section        0  stm32l1xx_it.o(i.DebugMon_Handler)
    i.Delay                                  0x0800147c   Section        0  main.o(i.Delay)
    i.EXTI0_Config                           0x0800149c   Section        0  exti.o(i.EXTI0_Config)
    i.EXTI0_IRQHandler                       0x08001514   Section        0  stm32l1xx_it.o(i.EXTI0_IRQHandler)
    i.EXTI15_10_Config                       0x08001564   Section        0  exti.o(i.EXTI15_10_Config)
    i.EXTI15_10_IRQHandler                   0x080015e0   Section        0  stm32l1xx_it.o(i.EXTI15_10_IRQHandler)
    i.EXTI1_Config                           0x08001630   Section        0  exti.o(i.EXTI1_Config)
    i.EXTI1_IRQHandler                       0x080016a8   Section        0  stm32l1xx_it.o(i.EXTI1_IRQHandler)
    i.EXTI2_Config                           0x080016f8   Section        0  exti.o(i.EXTI2_Config)
    i.EXTI2_IRQHandler                       0x08001774   Section        0  stm32l1xx_it.o(i.EXTI2_IRQHandler)
    i.EXTI_ClearITPendingBit                 0x080017c4   Section        0  stm32l1xx_exti.o(i.EXTI_ClearITPendingBit)
    i.EXTI_GetITStatus                       0x080017d0   Section        0  stm32l1xx_exti.o(i.EXTI_GetITStatus)
    i.EXTI_Init                              0x080017e4   Section        0  stm32l1xx_exti.o(i.EXTI_Init)
    i.GPIO_Configuration                     0x08001854   Section        0  gpio.o(i.GPIO_Configuration)
    i.GPIO_Init                              0x080018e0   Section        0  stm32l1xx_gpio.o(i.GPIO_Init)
    i.GPIO_PinAFConfig                       0x08001946   Section        0  stm32l1xx_gpio.o(i.GPIO_PinAFConfig)
    i.GPIO_PinReverse                        0x08001966   Section        0  main.o(i.GPIO_PinReverse)
    i.GPIO_ResetBits                         0x0800196e   Section        0  stm32l1xx_gpio.o(i.GPIO_ResetBits)
    i.GPIO_SetBits                           0x08001972   Section        0  stm32l1xx_gpio.o(i.GPIO_SetBits)
    i.Half_Offset1                           0x08001978   Section        0  offset.o(i.Half_Offset1)
    i.Half_Offset2                           0x08001a08   Section        0  offset.o(i.Half_Offset2)
    i.Half_Offset3                           0x08001a9c   Section        0  offset.o(i.Half_Offset3)
    i.Half_Offset4                           0x08001b30   Section        0  offset.o(i.Half_Offset4)
    i.HardFault_Handler                      0x08001bc4   Section        0  stm32l1xx_it.o(i.HardFault_Handler)
    i.I2C1_Configuration                     0x08001bd4   Section        0  eeprom_i2c.o(i.I2C1_Configuration)
    i.I2C1_ReadS_24C                         0x08001c8c   Section        0  eeprom_i2c.o(i.I2C1_ReadS_24C)
    i.I2C_AcknowledgeConfig                  0x08001de0   Section        0  stm32l1xx_i2c.o(i.I2C_AcknowledgeConfig)
    i.I2C_CheckEvent                         0x08001df4   Section        0  stm32l1xx_i2c.o(i.I2C_CheckEvent)
    i.I2C_ClearFlag                          0x08001e0c   Section        0  stm32l1xx_i2c.o(i.I2C_ClearFlag)
    i.I2C_Cmd                                0x08001e12   Section        0  stm32l1xx_i2c.o(i.I2C_Cmd)
    i.I2C_DeInit                             0x08001e28   Section        0  stm32l1xx_i2c.o(i.I2C_DeInit)
    i.I2C_GenerateSTART                      0x08001e54   Section        0  stm32l1xx_i2c.o(i.I2C_GenerateSTART)
    i.I2C_GenerateSTOP                       0x08001e68   Section        0  stm32l1xx_i2c.o(i.I2C_GenerateSTOP)
    i.I2C_GetFlagStatus                      0x08001e7c   Section        0  stm32l1xx_i2c.o(i.I2C_GetFlagStatus)
    i.I2C_Init                               0x08001ea8   Section        0  stm32l1xx_i2c.o(i.I2C_Init)
    i.I2C_PageWrite_24C                      0x08001f60   Section        0  eeprom_i2c.o(i.I2C_PageWrite_24C)
    i.I2C_ReadRegister                       0x0800205c   Section        0  stm32l1xx_i2c.o(i.I2C_ReadRegister)
    i.I2C_ReceiveData                        0x08002066   Section        0  stm32l1xx_i2c.o(i.I2C_ReceiveData)
    i.I2C_Send7bitAddress                    0x0800206c   Section        0  stm32l1xx_i2c.o(i.I2C_Send7bitAddress)
    i.I2C_SendData                           0x0800207c   Section        0  stm32l1xx_i2c.o(i.I2C_SendData)
    i.I2C_Standby_24C                        0x08002080   Section        0  eeprom_i2c.o(i.I2C_Standby_24C)
    i.I2C_WriteS_24C                         0x080020e0   Section        0  eeprom_i2c.o(i.I2C_WriteS_24C)
    i.IWDG_Enable                            0x08002154   Section        0  stm32l1xx_iwdg.o(i.IWDG_Enable)
    i.IWDG_INIT                              0x08002164   Section        0  main.o(i.IWDG_INIT)
    i.IWDG_ReloadCounter                     0x080021a0   Section        0  stm32l1xx_iwdg.o(i.IWDG_ReloadCounter)
    i.IWDG_SetPrescaler                      0x080021b0   Section        0  stm32l1xx_iwdg.o(i.IWDG_SetPrescaler)
    i.IWDG_SetReload                         0x080021bc   Section        0  stm32l1xx_iwdg.o(i.IWDG_SetReload)
    i.IWDG_WriteAccessCmd                    0x080021c8   Section        0  stm32l1xx_iwdg.o(i.IWDG_WriteAccessCmd)
    i.MemManage_Handler                      0x080021d4   Section        0  stm32l1xx_it.o(i.MemManage_Handler)
    i.NMI_Handler                            0x080021d6   Section        0  stm32l1xx_it.o(i.NMI_Handler)
    i.NVIC_Init                              0x080021d8   Section        0  misc.o(i.NVIC_Init)
    i.NVIC_PriorityGroupConfig               0x0800223c   Section        0  misc.o(i.NVIC_PriorityGroupConfig)
    i.NVIC_TIM6_Configuration                0x08002250   Section        0  time.o(i.NVIC_TIM6_Configuration)
    i.NVIC_UART_Configuration                0x08002270   Section        0  uart.o(i.NVIC_UART_Configuration)
    i.PendSV_Handler                         0x080022a8   Section        0  stm32l1xx_it.o(i.PendSV_Handler)
    i.RCC_AHBPeriphClockCmd                  0x080022ac   Section        0  stm32l1xx_rcc.o(i.RCC_AHBPeriphClockCmd)
    i.RCC_APB1PeriphClockCmd                 0x080022c4   Section        0  stm32l1xx_rcc.o(i.RCC_APB1PeriphClockCmd)
    i.RCC_APB1PeriphResetCmd                 0x080022dc   Section        0  stm32l1xx_rcc.o(i.RCC_APB1PeriphResetCmd)
    i.RCC_APB2PeriphClockCmd                 0x080022f4   Section        0  stm32l1xx_rcc.o(i.RCC_APB2PeriphClockCmd)
    i.RCC_APB2PeriphResetCmd                 0x0800230c   Section        0  stm32l1xx_rcc.o(i.RCC_APB2PeriphResetCmd)
    i.RCC_ClearFlag                          0x08002324   Section        0  stm32l1xx_rcc.o(i.RCC_ClearFlag)
    i.RCC_GetClocksFreq                      0x08002334   Section        0  stm32l1xx_rcc.o(i.RCC_GetClocksFreq)
    i.RCC_GetFlagStatus                      0x080023dc   Section        0  stm32l1xx_rcc.o(i.RCC_GetFlagStatus)
    i.RCC_LSICmd                             0x08002404   Section        0  stm32l1xx_rcc.o(i.RCC_LSICmd)
    i.Return_Ack                             0x08002410   Section        0  return_data.o(i.Return_Ack)
    i.Return_ChannelA_Offset                 0x08002434   Section        0  return_data.o(i.Return_ChannelA_Offset)
    i.Return_ChannelB_Offset                 0x080024a0   Section        0  return_data.o(i.Return_ChannelB_Offset)
    i.Return_ChannelC_Offset                 0x0800250c   Section        0  return_data.o(i.Return_ChannelC_Offset)
    i.Return_ChannelD_Offset                 0x08002578   Section        0  return_data.o(i.Return_ChannelD_Offset)
    i.Return_Channel_CFG                     0x080025e4   Section        0  return_data.o(i.Return_Channel_CFG)
    i.Return_Channel_Offset                  0x08002740   Section        0  return_data.o(i.Return_Channel_Offset)
    i.Return_SampleData                      0x08002758   Section        0  return_data.o(i.Return_SampleData)
    i.SPI1_Configuration                     0x080027d0   Section        0  spi.o(i.SPI1_Configuration)
    i.SPI_Cmd                                0x080028bc   Section        0  stm32l1xx_spi.o(i.SPI_Cmd)
    i.SPI_I2S_DeInit                         0x080028d0   Section        0  stm32l1xx_spi.o(i.SPI_I2S_DeInit)
    i.SPI_I2S_GetFlagStatus                  0x08002924   Section        0  stm32l1xx_spi.o(i.SPI_I2S_GetFlagStatus)
    i.SPI_I2S_ReceiveData                    0x08002932   Section        0  stm32l1xx_spi.o(i.SPI_I2S_ReceiveData)
    i.SPI_I2S_SendData                       0x08002936   Section        0  stm32l1xx_spi.o(i.SPI_I2S_SendData)
    i.SPI_Init                               0x0800293a   Section        0  stm32l1xx_spi.o(i.SPI_Init)
    i.SVC_Handler                            0x08002972   Section        0  stm32l1xx_it.o(i.SVC_Handler)
    i.SYSCFG_EXTILineConfig                  0x08002974   Section        0  stm32l1xx_syscfg.o(i.SYSCFG_EXTILineConfig)
    i.Sample_Instruction_Control             0x0800299c   Section        0  data_process.o(i.Sample_Instruction_Control)
    i.SendDataTPA                            0x08003010   Section        0  return_data.o(i.SendDataTPA)
    i.SetSysClock                            0x0800303c   Section        0  system_stm32l1xx.o(i.SetSysClock)
    SetSysClock                              0x0800303d   Thumb Code   196  system_stm32l1xx.o(i.SetSysClock)
    i.SysTick_Handler                        0x0800310c   Section        0  stm32l1xx_it.o(i.SysTick_Handler)
    i.SystemInit                             0x08003180   Section        0  system_stm32l1xx.o(i.SystemInit)
    i.TIM2_Configuration                     0x080031d4   Section        0  time.o(i.TIM2_Configuration)
    i.TIM2_IRQHandler                        0x08003250   Section        0  stm32l1xx_it.o(i.TIM2_IRQHandler)
    i.TIM6_Configuration                     0x08003278   Section        0  time.o(i.TIM6_Configuration)
    i.TIM6_Disable                           0x08003280   Section        0  time.o(i.TIM6_Disable)
    i.TIM6_IRQHandler                        0x080032a0   Section        0  stm32l1xx_it.o(i.TIM6_IRQHandler)
    i.TIM6_Reconfiguration                   0x080032d0   Section        0  time.o(i.TIM6_Reconfiguration)
    i.TIM_ClearFlag                          0x08003324   Section        0  stm32l1xx_tim.o(i.TIM_ClearFlag)
    i.TIM_ClearITPendingBit                  0x0800332a   Section        0  stm32l1xx_tim.o(i.TIM_ClearITPendingBit)
    i.TIM_Cmd                                0x08003330   Section        0  stm32l1xx_tim.o(i.TIM_Cmd)
    i.TIM_DeInit                             0x08003344   Section        0  stm32l1xx_tim.o(i.TIM_DeInit)
    i.TIM_GetITStatus                        0x08003428   Section        0  stm32l1xx_tim.o(i.TIM_GetITStatus)
    i.TIM_ITConfig                           0x08003440   Section        0  stm32l1xx_tim.o(i.TIM_ITConfig)
    i.TIM_InternalClockConfig                0x08003450   Section        0  stm32l1xx_tim.o(i.TIM_InternalClockConfig)
    i.TIM_TimeBaseInit                       0x0800345c   Section        0  stm32l1xx_tim.o(i.TIM_TimeBaseInit)
    i.UART1TX_DMA_Configuration              0x080034b8   Section        0  uart.o(i.UART1TX_DMA_Configuration)
    i.UART1_Configuration                    0x08003534   Section        0  uart.o(i.UART1_Configuration)
    i.UART1_DMA_SendData                     0x080035c8   Section        0  uart.o(i.UART1_DMA_SendData)
    i.UART2_Configuration                    0x080035f8   Section        0  uart.o(i.UART2_Configuration)
    i.USART1_ClearBuf                        0x0800368c   Section        0  uart.o(i.USART1_ClearBuf)
    i.USART1_GetChar                         0x0800369c   Section        0  uart.o(i.USART1_GetChar)
    i.USART1_GetCharBlock                    0x080036b8   Section        0  uart.o(i.USART1_GetCharBlock)
    i.USART1_IRQHandler                      0x080036e4   Section        0  stm32l1xx_it.o(i.USART1_IRQHandler)
    i.USART2_IRQHandler                      0x0800377c   Section        0  stm32l1xx_it.o(i.USART2_IRQHandler)
    i.USART_ClearITPendingBit                0x080037d0   Section        0  stm32l1xx_usart.o(i.USART_ClearITPendingBit)
    i.USART_Cmd                              0x080037dc   Section        0  stm32l1xx_usart.o(i.USART_Cmd)
    i.USART_DMACmd                           0x080037f0   Section        0  stm32l1xx_usart.o(i.USART_DMACmd)
    i.USART_GetFlagStatus                    0x08003800   Section        0  stm32l1xx_usart.o(i.USART_GetFlagStatus)
    i.USART_GetITStatus                      0x0800380e   Section        0  stm32l1xx_usart.o(i.USART_GetITStatus)
    i.USART_ITConfig                         0x0800384c   Section        0  stm32l1xx_usart.o(i.USART_ITConfig)
    i.USART_Init                             0x0800387c   Section        0  stm32l1xx_usart.o(i.USART_Init)
    i.USART_PutChar                          0x08003920   Section        0  uart.o(i.USART_PutChar)
    i.USART_ReceiveData                      0x08003946   Section        0  stm32l1xx_usart.o(i.USART_ReceiveData)
    i.USART_SendData                         0x0800394e   Section        0  stm32l1xx_usart.o(i.USART_SendData)
    i.UsageFault_Handler                     0x08003956   Section        0  stm32l1xx_it.o(i.UsageFault_Handler)
    i.Zero_Offset1                           0x08003958   Section        0  offset.o(i.Zero_Offset1)
    i.Zero_Offset2                           0x080039e0   Section        0  offset.o(i.Zero_Offset2)
    i.Zero_Offset3                           0x08003a74   Section        0  offset.o(i.Zero_Offset3)
    i.Zero_Offset4                           0x08003b08   Section        0  offset.o(i.Zero_Offset4)
    i.__0printf$5                            0x08003b9c   Section        0  printf5.o(i.__0printf$5)
    i.__scatterload_copy                     0x08003bbc   Section       14  handlers.o(i.__scatterload_copy)
    i.__scatterload_null                     0x08003bca   Section        2  handlers.o(i.__scatterload_null)
    i.__scatterload_zeroinit                 0x08003bcc   Section       14  handlers.o(i.__scatterload_zeroinit)
    i._printf_core                           0x08003bdc   Section        0  printf5.o(i._printf_core)
    _printf_core                             0x08003bdd   Thumb Code   658  printf5.o(i._printf_core)
    i.add_send_buffer                        0x08003e9c   Section        0  serial_packet.o(i.add_send_buffer)
    i.crc_packet                             0x08003ecc   Section        0  serial_packet.o(i.crc_packet)
    crc_packet                               0x08003ecd   Thumb Code    60  serial_packet.o(i.crc_packet)
    i.fputc                                  0x08003f08   Section        0  uart.o(i.fputc)
    i.get_active_message                     0x08003f1c   Section        0  serial_packet.o(i.get_active_message)
    i.main                                   0x08003f6c   Section        0  main.o(i.main)
    i.read_serial_packet                     0x080040e8   Section        0  serial_packet.o(i.read_serial_packet)
    i.send_message                           0x08004174   Section        0  serial_packet.o(i.send_message)
    i.send_message_add                       0x080041a0   Section        0  serial_packet.o(i.send_message_add)
    i.send_message_prepare                   0x080041c4   Section        0  serial_packet.o(i.send_message_prepare)
    i.write_serial_packet                    0x080041f4   Section        0  serial_packet.o(i.write_serial_packet)
    .data                                    0x20000000   Section        2  main.o(.data)
    .data                                    0x20000002   Section        1  main.o(.data)
    .data                                    0x20000003   Section        1  main.o(.data)
    .data                                    0x20000004   Section        1  main.o(.data)
    .data                                    0x20000008   Section       16  main.o(.data)
    .data                                    0x20000018   Section        1  main.o(.data)
    .data                                    0x2000001c   Section        4  main.o(.data)
    .data                                    0x20000020   Section        4  main.o(.data)
    .data                                    0x20000024   Section        1  main.o(.data)
    .data                                    0x20000025   Section        1  main.o(.data)
    .data                                    0x20000026   Section        8  main.o(.data)
    .data                                    0x2000002e   Section        5  main.o(.data)
    .data                                    0x20000033   Section        1  uart.o(.data)
    .data                                    0x20000034   Section        1  uart.o(.data)
    .data                                    0x20000038   Section      272  serial_packet.o(.data)
    ack_buffer                               0x20000038   Data           3  serial_packet.o(.data)
    send_busy                                0x2000003c   Data           4  serial_packet.o(.data)
    send_prepare_counter                     0x20000040   Data           4  serial_packet.o(.data)
    send_counter                             0x20000044   Data           4  serial_packet.o(.data)
    receive_buffer                           0x20000048   Data         256  serial_packet.o(.data)
    .data                                    0x20000148   Section        4  data_process.o(.data)
    .data                                    0x2000014c   Section       25  stm32l1xx_rcc.o(.data)
    PLLMulTable                              0x2000014c   Data           9  stm32l1xx_rcc.o(.data)
    APBAHBPrescTable                         0x20000155   Data          16  stm32l1xx_rcc.o(.data)
    .data                                    0x20000168   Section       29  system_stm32l1xx.o(.data)
    .data                                    0x20000188   Section        4  stdout.o(.data)
    .bss                                     0x2000018c   Section       36  main.o(.bss)
    .bss                                     0x200001b0   Section       36  main.o(.bss)
    .bss                                     0x200001d4   Section       36  main.o(.bss)
    .bss                                     0x200001f8   Section       36  main.o(.bss)
    .bss                                     0x2000021c   Section       48  main.o(.bss)
    .bss                                     0x2000024c   Section        9  main.o(.bss)
    .bss                                     0x20000255   Section       12  main.o(.bss)
    .bss                                     0x20000264   Section     2064  uart.o(.bss)
    .bss                                     0x20000a74   Section      376  serial_packet.o(.bss)
    send_buffer                              0x20000a74   Data         256  serial_packet.o(.bss)
    send_prepare                             0x20000b74   Data         120  serial_packet.o(.bss)
    STACK                                    0x20000bf0   Section     1024  startup_stm32l1xx_md.o(STACK)

    Global Symbols

    Symbol Name                              Value     Ov Type        Size  Object(Section)

    BuildAttributes$$THM_ISAv4$P$D$K$B$S$PE$A:L22UL41UL21$X:L11$S22US41US21$IEEE1$IW$USESV6$~STKCKD$USESV7$~SHL$OTIME$ROPI$EBA8$MICROLIB$REQ8$PRES8$EABIv2 0x00000000   Number         0  anon$$obj.o ABSOLUTE
    __ARM_use_no_argv                        0x00000000   Number         0  main.o ABSOLUTE
    _printf_a                                0x00000000   Number         0  stubs.o ABSOLUTE
    _printf_c                                0x00000000   Number         0  stubs.o ABSOLUTE
    _printf_charcount                        0x00000000   Number         0  stubs.o ABSOLUTE
    _printf_d                                0x00000000   Number         0  stubs.o ABSOLUTE
    _printf_e                                0x00000000   Number         0  stubs.o ABSOLUTE
    _printf_f                                0x00000000   Number         0  stubs.o ABSOLUTE
    _printf_flags                            0x00000000   Number         0  stubs.o ABSOLUTE
    _printf_fp_dec                           0x00000000   Number         0  stubs.o ABSOLUTE
    _printf_fp_hex                           0x00000000   Number         0  stubs.o ABSOLUTE
    _printf_g                                0x00000000   Number         0  stubs.o ABSOLUTE
    _printf_i                                0x00000000   Number         0  stubs.o ABSOLUTE
    _printf_int_dec                          0x00000000   Number         0  stubs.o ABSOLUTE
    _printf_l                                0x00000000   Number         0  stubs.o ABSOLUTE
    _printf_lc                               0x00000000   Number         0  stubs.o ABSOLUTE
    _printf_ll                               0x00000000   Number         0  stubs.o ABSOLUTE
    _printf_lld                              0x00000000   Number         0  stubs.o ABSOLUTE
    _printf_lli                              0x00000000   Number         0  stubs.o ABSOLUTE
    _printf_llo                              0x00000000   Number         0  stubs.o ABSOLUTE
    _printf_llu                              0x00000000   Number         0  stubs.o ABSOLUTE
    _printf_llx                              0x00000000   Number         0  stubs.o ABSOLUTE
    _printf_longlong_dec                     0x00000000   Number         0  stubs.o ABSOLUTE
    _printf_longlong_hex                     0x00000000   Number         0  stubs.o ABSOLUTE
    _printf_longlong_oct                     0x00000000   Number         0  stubs.o ABSOLUTE
    _printf_ls                               0x00000000   Number         0  stubs.o ABSOLUTE
    _printf_mbtowc                           0x00000000   Number         0  stubs.o ABSOLUTE
    _printf_n                                0x00000000   Number         0  stubs.o ABSOLUTE
    _printf_o                                0x00000000   Number         0  stubs.o ABSOLUTE
    _printf_p                                0x00000000   Number         0  stubs.o ABSOLUTE
    _printf_percent                          0x00000000   Number         0  stubs.o ABSOLUTE
    _printf_pre_padding                      0x00000000   Number         0  stubs.o ABSOLUTE
    _printf_return_value                     0x00000000   Number         0  stubs.o ABSOLUTE
    _printf_s                                0x00000000   Number         0  stubs.o ABSOLUTE
    _printf_sizespec                         0x00000000   Number         0  stubs.o ABSOLUTE
    _printf_str                              0x00000000   Number         0  stubs.o ABSOLUTE
    _printf_truncate_signed                  0x00000000   Number         0  stubs.o ABSOLUTE
    _printf_truncate_unsigned                0x00000000   Number         0  stubs.o ABSOLUTE
    _printf_u                                0x00000000   Number         0  stubs.o ABSOLUTE
    _printf_wc                               0x00000000   Number         0  stubs.o ABSOLUTE
    _printf_wctomb                           0x00000000   Number         0  stubs.o ABSOLUTE
    _printf_widthprec                        0x00000000   Number         0  stubs.o ABSOLUTE
    _printf_x                                0x00000000   Number         0  stubs.o ABSOLUTE
    __cpp_initialize__aeabi_                  - Undefined Weak Reference
    __cxa_finalize                            - Undefined Weak Reference
    _clock_init                               - Undefined Weak Reference
    _microlib_exit                            - Undefined Weak Reference
    __Vectors_Size                           0x000000f4   Number         0  startup_stm32l1xx_md.o ABSOLUTE
    __Vectors                                0x08000000   Data           4  startup_stm32l1xx_md.o(RESET)
    __Vectors_End                            0x080000f4   Data           0  startup_stm32l1xx_md.o(RESET)
    __main                                   0x080000f5   Thumb Code     0  entry.o(.ARM.Collect$$$$00000000)
    _main_stk                                0x080000f5   Thumb Code     0  entry2.o(.ARM.Collect$$$$00000001)
    _main_scatterload                        0x080000f9   Thumb Code     0  entry5.o(.ARM.Collect$$$$00000004)
    __main_after_scatterload                 0x080000fd   Thumb Code     0  entry5.o(.ARM.Collect$$$$00000004)
    _main_clock                              0x080000fd   Thumb Code     0  entry7b.o(.ARM.Collect$$$$00000008)
    _main_cpp_init                           0x080000fd   Thumb Code     0  entry8b.o(.ARM.Collect$$$$0000000A)
    _main_init                               0x080000fd   Thumb Code     0  entry9a.o(.ARM.Collect$$$$0000000B)
    __rt_final_cpp                           0x08000105   Thumb Code     0  entry10a.o(.ARM.Collect$$$$0000000D)
    __rt_final_exit                          0x08000105   Thumb Code     0  entry11a.o(.ARM.Collect$$$$0000000F)
    Reset_Handler                            0x08000109   Thumb Code     8  startup_stm32l1xx_md.o(.text)
    ADC1_IRQHandler                          0x08000123   Thumb Code     0  startup_stm32l1xx_md.o(.text)
    COMP_IRQHandler                          0x08000123   Thumb Code     0  startup_stm32l1xx_md.o(.text)
    DAC_IRQHandler                           0x08000123   Thumb Code     0  startup_stm32l1xx_md.o(.text)
    DMA1_Channel1_IRQHandler                 0x08000123   Thumb Code     0  startup_stm32l1xx_md.o(.text)
    DMA1_Channel2_IRQHandler                 0x08000123   Thumb Code     0  startup_stm32l1xx_md.o(.text)
    DMA1_Channel3_IRQHandler                 0x08000123   Thumb Code     0  startup_stm32l1xx_md.o(.text)
    DMA1_Channel5_IRQHandler                 0x08000123   Thumb Code     0  startup_stm32l1xx_md.o(.text)
    DMA1_Channel6_IRQHandler                 0x08000123   Thumb Code     0  startup_stm32l1xx_md.o(.text)
    DMA1_Channel7_IRQHandler                 0x08000123   Thumb Code     0  startup_stm32l1xx_md.o(.text)
    EXTI3_IRQHandler                         0x08000123   Thumb Code     0  startup_stm32l1xx_md.o(.text)
    EXTI4_IRQHandler                         0x08000123   Thumb Code     0  startup_stm32l1xx_md.o(.text)
    EXTI9_5_IRQHandler                       0x08000123   Thumb Code     0  startup_stm32l1xx_md.o(.text)
    FLASH_IRQHandler                         0x08000123   Thumb Code     0  startup_stm32l1xx_md.o(.text)
    I2C1_ER_IRQHandler                       0x08000123   Thumb Code     0  startup_stm32l1xx_md.o(.text)
    I2C1_EV_IRQHandler                       0x08000123   Thumb Code     0  startup_stm32l1xx_md.o(.text)
    I2C2_ER_IRQHandler                       0x08000123   Thumb Code     0  startup_stm32l1xx_md.o(.text)
    I2C2_EV_IRQHandler                       0x08000123   Thumb Code     0  startup_stm32l1xx_md.o(.text)
    LCD_IRQHandler                           0x08000123   Thumb Code     0  startup_stm32l1xx_md.o(.text)
    PVD_IRQHandler                           0x08000123   Thumb Code     0  startup_stm32l1xx_md.o(.text)
    RCC_IRQHandler                           0x08000123   Thumb Code     0  startup_stm32l1xx_md.o(.text)
    RTC_Alarm_IRQHandler                     0x08000123   Thumb Code     0  startup_stm32l1xx_md.o(.text)
    RTC_WKUP_IRQHandler                      0x08000123   Thumb Code     0  startup_stm32l1xx_md.o(.text)
    SPI1_IRQHandler                          0x08000123   Thumb Code     0  startup_stm32l1xx_md.o(.text)
    SPI2_IRQHandler                          0x08000123   Thumb Code     0  startup_stm32l1xx_md.o(.text)
    TAMPER_STAMP_IRQHandler                  0x08000123   Thumb Code     0  startup_stm32l1xx_md.o(.text)
    TIM10_IRQHandler                         0x08000123   Thumb Code     0  startup_stm32l1xx_md.o(.text)
    TIM11_IRQHandler                         0x08000123   Thumb Code     0  startup_stm32l1xx_md.o(.text)
    TIM3_IRQHandler                          0x08000123   Thumb Code     0  startup_stm32l1xx_md.o(.text)
    TIM4_IRQHandler                          0x08000123   Thumb Code     0  startup_stm32l1xx_md.o(.text)
    TIM7_IRQHandler                          0x08000123   Thumb Code     0  startup_stm32l1xx_md.o(.text)
    TIM9_IRQHandler                          0x08000123   Thumb Code     0  startup_stm32l1xx_md.o(.text)
    USART3_IRQHandler                        0x08000123   Thumb Code     0  startup_stm32l1xx_md.o(.text)
    USB_FS_WKUP_IRQHandler                   0x08000123   Thumb Code     0  startup_stm32l1xx_md.o(.text)
    USB_HP_IRQHandler                        0x08000123   Thumb Code     0  startup_stm32l1xx_md.o(.text)
    USB_LP_IRQHandler                        0x08000123   Thumb Code     0  startup_stm32l1xx_md.o(.text)
    WWDG_IRQHandler                          0x08000123   Thumb Code     0  startup_stm32l1xx_md.o(.text)
    __aeabi_memcpy                           0x0800012d   Thumb Code    36  memcpya.o(.text)
    __aeabi_memcpy4                          0x0800012d   Thumb Code     0  memcpya.o(.text)
    __aeabi_memcpy8                          0x0800012d   Thumb Code     0  memcpya.o(.text)
    __aeabi_fadd                             0x08000151   Thumb Code   164  fadd.o(.text)
    __aeabi_fsub                             0x080001f5   Thumb Code     6  fadd.o(.text)
    __aeabi_frsub                            0x080001fb   Thumb Code     6  fadd.o(.text)
    __aeabi_fmul                             0x08000201   Thumb Code   100  fmul.o(.text)
    __aeabi_fdiv                             0x08000265   Thumb Code   124  fdiv.o(.text)
    __ARM_scalbnf                            0x080002e1   Thumb Code    24  fscalb.o(.text)
    scalbnf                                  0x080002e1   Thumb Code     0  fscalb.o(.text)
    __aeabi_dmul                             0x080002f9   Thumb Code   228  dmul.o(.text)
    __aeabi_ddiv                             0x080003dd   Thumb Code   222  ddiv.o(.text)
    __aeabi_i2f                              0x080004bb   Thumb Code    18  fflti.o(.text)
    __aeabi_ui2f                             0x080004cd   Thumb Code    10  ffltui.o(.text)
    __aeabi_i2d                              0x080004d7   Thumb Code    34  dflti.o(.text)
    __aeabi_f2iz                             0x080004f9   Thumb Code    50  ffixi.o(.text)
    __aeabi_f2d                              0x0800052b   Thumb Code    38  f2d.o(.text)
    __aeabi_d2f                              0x08000551   Thumb Code    56  d2f.o(.text)
    __aeabi_cfrcmple                         0x08000589   Thumb Code    20  cfrcmple.o(.text)
    __aeabi_uldivmod                         0x0800059d   Thumb Code    98  uldiv.o(.text)
    __I$use$fp                               0x080005ff   Thumb Code     0  iusefp.o(.text)
    _float_round                             0x080005ff   Thumb Code    18  fepilogue.o(.text)
    _float_epilogue                          0x08000611   Thumb Code    92  fepilogue.o(.text)
    _double_round                            0x0800066d   Thumb Code    30  depilogue.o(.text)
    _double_epilogue                         0x0800068b   Thumb Code   156  depilogue.o(.text)
    __scatterload                            0x08000729   Thumb Code    28  init.o(.text)
    __scatterload_rt2                        0x08000729   Thumb Code     0  init.o(.text)
    __aeabi_llsl                             0x0800074d   Thumb Code    30  llshl.o(.text)
    _ll_shift_l                              0x0800074d   Thumb Code     0  llshl.o(.text)
    __aeabi_llsr                             0x0800076b   Thumb Code    32  llushr.o(.text)
    _ll_ushift_r                             0x0800076b   Thumb Code     0  llushr.o(.text)
    __decompress                             0x0800078b   Thumb Code     0  __dczerorl2.o(.text)
    __decompress1                            0x0800078b   Thumb Code    86  __dczerorl2.o(.text)
    ADS1248_CFG_SET                          0x080007e1   Thumb Code   590  spi.o(i.ADS1248_CFG_SET)
    ADS1248_CS                               0x08000ae1   Thumb Code    58  spi.o(i.ADS1248_CS)
    ADS1248_Init                             0x08000b25   Thumb Code    84  spi.o(i.ADS1248_Init)
    ADS1248_ReadData                         0x08000b79   Thumb Code    40  data_process.o(i.ADS1248_ReadData)
    ADS1248_ReadREG                          0x08000ba1   Thumb Code    28  spi.o(i.ADS1248_ReadREG)
    ADS1248_Sample                           0x08000bbd   Thumb Code   604  data_process.o(i.ADS1248_Sample)
    ADS1248_WriteByte                        0x08000e5d   Thumb Code    48  spi.o(i.ADS1248_WriteByte)
    ADS1248_WriteReg                         0x08000e91   Thumb Code    30  spi.o(i.ADS1248_WriteReg)
    Bubble_sort                              0x08000eb1   Thumb Code   208  offset.o(i.Bubble_sort)
    BusFault_Handler                         0x08000f9d   Thumb Code     2  stm32l1xx_it.o(i.BusFault_Handler)
    CALIBRATION_PARAMETERS_SET               0x08000fa1   Thumb Code   462  offset.o(i.CALIBRATION_PARAMETERS_SET)
    Channel_Offset                           0x080011e9   Thumb Code   176  offset.o(i.Channel_Offset)
    DMA1_Channel4_IRQHandler                 0x080012a1   Thumb Code    38  stm32l1xx_it.o(i.DMA1_Channel4_IRQHandler)
    DMA_ClearITPendingBit                    0x080012d1   Thumb Code    16  stm32l1xx_dma.o(i.DMA_ClearITPendingBit)
    DMA_Cmd                                  0x080012e9   Thumb Code    22  stm32l1xx_dma.o(i.DMA_Cmd)
    DMA_DeInit                               0x08001301   Thumb Code   218  stm32l1xx_dma.o(i.DMA_DeInit)
    DMA_GetITStatus                          0x080013e5   Thumb Code    24  stm32l1xx_dma.o(i.DMA_GetITStatus)
    DMA_ITConfig                             0x08001405   Thumb Code    16  stm32l1xx_dma.o(i.DMA_ITConfig)
    DMA_Init                                 0x08001415   Thumb Code    58  stm32l1xx_dma.o(i.DMA_Init)
    DataPackage                              0x0800144f   Thumb Code    42  return_data.o(i.DataPackage)
    DebugMon_Handler                         0x08001479   Thumb Code     2  stm32l1xx_it.o(i.DebugMon_Handler)
    Delay                                    0x0800147d   Thumb Code    28  main.o(i.Delay)
    EXTI0_Config                             0x0800149d   Thumb Code   110  exti.o(i.EXTI0_Config)
    EXTI0_IRQHandler                         0x08001515   Thumb Code    66  stm32l1xx_it.o(i.EXTI0_IRQHandler)
    EXTI15_10_Config                         0x08001565   Thumb Code   116  exti.o(i.EXTI15_10_Config)
    EXTI15_10_IRQHandler                     0x080015e1   Thumb Code    68  stm32l1xx_it.o(i.EXTI15_10_IRQHandler)
    EXTI1_Config                             0x08001631   Thumb Code   112  exti.o(i.EXTI1_Config)
    EXTI1_IRQHandler                         0x080016a9   Thumb Code    66  stm32l1xx_it.o(i.EXTI1_IRQHandler)
    EXTI2_Config                             0x080016f9   Thumb Code   114  exti.o(i.EXTI2_Config)
    EXTI2_IRQHandler                         0x08001775   Thumb Code    66  stm32l1xx_it.o(i.EXTI2_IRQHandler)
    EXTI_ClearITPendingBit                   0x080017c5   Thumb Code     6  stm32l1xx_exti.o(i.EXTI_ClearITPendingBit)
    EXTI_GetITStatus                         0x080017d1   Thumb Code    16  stm32l1xx_exti.o(i.EXTI_GetITStatus)
    EXTI_Init                                0x080017e5   Thumb Code   108  stm32l1xx_exti.o(i.EXTI_Init)
    GPIO_Configuration                       0x08001855   Thumb Code   134  gpio.o(i.GPIO_Configuration)
    GPIO_Init                                0x080018e1   Thumb Code   102  stm32l1xx_gpio.o(i.GPIO_Init)
    GPIO_PinAFConfig                         0x08001947   Thumb Code    32  stm32l1xx_gpio.o(i.GPIO_PinAFConfig)
    GPIO_PinReverse                          0x08001967   Thumb Code     8  main.o(i.GPIO_PinReverse)
    GPIO_ResetBits                           0x0800196f   Thumb Code     4  stm32l1xx_gpio.o(i.GPIO_ResetBits)
    GPIO_SetBits                             0x08001973   Thumb Code     4  stm32l1xx_gpio.o(i.GPIO_SetBits)
    Half_Offset1                             0x08001979   Thumb Code    70  offset.o(i.Half_Offset1)
    Half_Offset2                             0x08001a09   Thumb Code    74  offset.o(i.Half_Offset2)
    Half_Offset3                             0x08001a9d   Thumb Code    74  offset.o(i.Half_Offset3)
    Half_Offset4                             0x08001b31   Thumb Code    74  offset.o(i.Half_Offset4)
    HardFault_Handler                        0x08001bc5   Thumb Code    12  stm32l1xx_it.o(i.HardFault_Handler)
    I2C1_Configuration                       0x08001bd5   Thumb Code   172  eeprom_i2c.o(i.I2C1_Configuration)
    I2C1_ReadS_24C                           0x08001c8d   Thumb Code   326  eeprom_i2c.o(i.I2C1_ReadS_24C)
    I2C_AcknowledgeConfig                    0x08001de1   Thumb Code    20  stm32l1xx_i2c.o(i.I2C_AcknowledgeConfig)
    I2C_CheckEvent                           0x08001df5   Thumb Code    24  stm32l1xx_i2c.o(i.I2C_CheckEvent)
    I2C_ClearFlag                            0x08001e0d   Thumb Code     6  stm32l1xx_i2c.o(i.I2C_ClearFlag)
    I2C_Cmd                                  0x08001e13   Thumb Code    20  stm32l1xx_i2c.o(i.I2C_Cmd)
    I2C_DeInit                               0x08001e29   Thumb Code    38  stm32l1xx_i2c.o(i.I2C_DeInit)
    I2C_GenerateSTART                        0x08001e55   Thumb Code    20  stm32l1xx_i2c.o(i.I2C_GenerateSTART)
    I2C_GenerateSTOP                         0x08001e69   Thumb Code    20  stm32l1xx_i2c.o(i.I2C_GenerateSTOP)
    I2C_GetFlagStatus                        0x08001e7d   Thumb Code    42  stm32l1xx_i2c.o(i.I2C_GetFlagStatus)
    I2C_Init                                 0x08001ea9   Thumb Code   174  stm32l1xx_i2c.o(i.I2C_Init)
    I2C_PageWrite_24C                        0x08001f61   Thumb Code   238  eeprom_i2c.o(i.I2C_PageWrite_24C)
    I2C_ReadRegister                         0x0800205d   Thumb Code    10  stm32l1xx_i2c.o(i.I2C_ReadRegister)
    I2C_ReceiveData                          0x08002067   Thumb Code     6  stm32l1xx_i2c.o(i.I2C_ReceiveData)
    I2C_Send7bitAddress                      0x0800206d   Thumb Code    16  stm32l1xx_i2c.o(i.I2C_Send7bitAddress)
    I2C_SendData                             0x0800207d   Thumb Code     4  stm32l1xx_i2c.o(i.I2C_SendData)
    I2C_Standby_24C                          0x08002081   Thumb Code    78  eeprom_i2c.o(i.I2C_Standby_24C)
    I2C_WriteS_24C                           0x080020e1   Thumb Code   114  eeprom_i2c.o(i.I2C_WriteS_24C)
    IWDG_Enable                              0x08002155   Thumb Code    10  stm32l1xx_iwdg.o(i.IWDG_Enable)
    IWDG_INIT                                0x08002165   Thumb Code    58  main.o(i.IWDG_INIT)
    IWDG_ReloadCounter                       0x080021a1   Thumb Code    10  stm32l1xx_iwdg.o(i.IWDG_ReloadCounter)
    IWDG_SetPrescaler                        0x080021b1   Thumb Code     6  stm32l1xx_iwdg.o(i.IWDG_SetPrescaler)
    IWDG_SetReload                           0x080021bd   Thumb Code     6  stm32l1xx_iwdg.o(i.IWDG_SetReload)
    IWDG_WriteAccessCmd                      0x080021c9   Thumb Code     6  stm32l1xx_iwdg.o(i.IWDG_WriteAccessCmd)
    MemManage_Handler                        0x080021d5   Thumb Code     2  stm32l1xx_it.o(i.MemManage_Handler)
    NMI_Handler                              0x080021d7   Thumb Code     2  stm32l1xx_it.o(i.NMI_Handler)
    NVIC_Init                                0x080021d9   Thumb Code    96  misc.o(i.NVIC_Init)
    NVIC_PriorityGroupConfig                 0x0800223d   Thumb Code    10  misc.o(i.NVIC_PriorityGroupConfig)
    NVIC_TIM6_Configuration                  0x08002251   Thumb Code    32  time.o(i.NVIC_TIM6_Configuration)
    NVIC_UART_Configuration                  0x08002271   Thumb Code    56  uart.o(i.NVIC_UART_Configuration)
    PendSV_Handler                           0x080022a9   Thumb Code     2  stm32l1xx_it.o(i.PendSV_Handler)
    RCC_AHBPeriphClockCmd                    0x080022ad   Thumb Code    18  stm32l1xx_rcc.o(i.RCC_AHBPeriphClockCmd)
    RCC_APB1PeriphClockCmd                   0x080022c5   Thumb Code    18  stm32l1xx_rcc.o(i.RCC_APB1PeriphClockCmd)
    RCC_APB1PeriphResetCmd                   0x080022dd   Thumb Code    18  stm32l1xx_rcc.o(i.RCC_APB1PeriphResetCmd)
    RCC_APB2PeriphClockCmd                   0x080022f5   Thumb Code    18  stm32l1xx_rcc.o(i.RCC_APB2PeriphClockCmd)
    RCC_APB2PeriphResetCmd                   0x0800230d   Thumb Code    18  stm32l1xx_rcc.o(i.RCC_APB2PeriphResetCmd)
    RCC_ClearFlag                            0x08002325   Thumb Code    12  stm32l1xx_rcc.o(i.RCC_ClearFlag)
    RCC_GetClocksFreq                        0x08002335   Thumb Code   154  stm32l1xx_rcc.o(i.RCC_GetClocksFreq)
    RCC_GetFlagStatus                        0x080023dd   Thumb Code    36  stm32l1xx_rcc.o(i.RCC_GetFlagStatus)
    RCC_LSICmd                               0x08002405   Thumb Code     6  stm32l1xx_rcc.o(i.RCC_LSICmd)
    Return_Ack                               0x08002411   Thumb Code    36  return_data.o(i.Return_Ack)
    Return_ChannelA_Offset                   0x08002435   Thumb Code    98  return_data.o(i.Return_ChannelA_Offset)
    Return_ChannelB_Offset                   0x080024a1   Thumb Code   100  return_data.o(i.Return_ChannelB_Offset)
    Return_ChannelC_Offset                   0x0800250d   Thumb Code   100  return_data.o(i.Return_ChannelC_Offset)
    Return_ChannelD_Offset                   0x08002579   Thumb Code   100  return_data.o(i.Return_ChannelD_Offset)
    Return_Channel_CFG                       0x080025e5   Thumb Code   318  return_data.o(i.Return_Channel_CFG)
    Return_Channel_Offset                    0x08002741   Thumb Code    22  return_data.o(i.Return_Channel_Offset)
    Return_SampleData                        0x08002759   Thumb Code   104  return_data.o(i.Return_SampleData)
    SPI1_Configuration                       0x080027d1   Thumb Code   224  spi.o(i.SPI1_Configuration)
    SPI_Cmd                                  0x080028bd   Thumb Code    20  stm32l1xx_spi.o(i.SPI_Cmd)
    SPI_I2S_DeInit                           0x080028d1   Thumb Code    72  stm32l1xx_spi.o(i.SPI_I2S_DeInit)
    SPI_I2S_GetFlagStatus                    0x08002925   Thumb Code    14  stm32l1xx_spi.o(i.SPI_I2S_GetFlagStatus)
    SPI_I2S_ReceiveData                      0x08002933   Thumb Code     4  stm32l1xx_spi.o(i.SPI_I2S_ReceiveData)
    SPI_I2S_SendData                         0x08002937   Thumb Code     4  stm32l1xx_spi.o(i.SPI_I2S_SendData)
    SPI_Init                                 0x0800293b   Thumb Code    56  stm32l1xx_spi.o(i.SPI_Init)
    SVC_Handler                              0x08002973   Thumb Code     2  stm32l1xx_it.o(i.SVC_Handler)
    SYSCFG_EXTILineConfig                    0x08002975   Thumb Code    34  stm32l1xx_syscfg.o(i.SYSCFG_EXTILineConfig)
    Sample_Instruction_Control               0x0800299d   Thumb Code  1628  data_process.o(i.Sample_Instruction_Control)
    SendDataTPA                              0x08003011   Thumb Code    42  return_data.o(i.SendDataTPA)
    SysTick_Handler                          0x0800310d   Thumb Code    82  stm32l1xx_it.o(i.SysTick_Handler)
    SystemInit                               0x08003181   Thumb Code    68  system_stm32l1xx.o(i.SystemInit)
    TIM2_Configuration                       0x080031d5   Thumb Code   122  time.o(i.TIM2_Configuration)
    TIM2_IRQHandler                          0x08003251   Thumb Code    36  stm32l1xx_it.o(i.TIM2_IRQHandler)
    TIM6_Configuration                       0x08003279   Thumb Code     8  time.o(i.TIM6_Configuration)
    TIM6_Disable                             0x08003281   Thumb Code    26  time.o(i.TIM6_Disable)
    TIM6_IRQHandler                          0x080032a1   Thumb Code    40  stm32l1xx_it.o(i.TIM6_IRQHandler)
    TIM6_Reconfiguration                     0x080032d1   Thumb Code    76  time.o(i.TIM6_Reconfiguration)
    TIM_ClearFlag                            0x08003325   Thumb Code     6  stm32l1xx_tim.o(i.TIM_ClearFlag)
    TIM_ClearITPendingBit                    0x0800332b   Thumb Code     6  stm32l1xx_tim.o(i.TIM_ClearITPendingBit)
    TIM_Cmd                                  0x08003331   Thumb Code    20  stm32l1xx_tim.o(i.TIM_Cmd)
    TIM_DeInit                               0x08003345   Thumb Code   196  stm32l1xx_tim.o(i.TIM_DeInit)
    TIM_GetITStatus                          0x08003429   Thumb Code    24  stm32l1xx_tim.o(i.TIM_GetITStatus)
    TIM_ITConfig                             0x08003441   Thumb Code    16  stm32l1xx_tim.o(i.TIM_ITConfig)
    TIM_InternalClockConfig                  0x08003451   Thumb Code    10  stm32l1xx_tim.o(i.TIM_InternalClockConfig)
    TIM_TimeBaseInit                         0x0800345d   Thumb Code    70  stm32l1xx_tim.o(i.TIM_TimeBaseInit)
    UART1TX_DMA_Configuration                0x080034b9   Thumb Code   116  uart.o(i.UART1TX_DMA_Configuration)
    UART1_Configuration                      0x08003535   Thumb Code   140  uart.o(i.UART1_Configuration)
    UART1_DMA_SendData                       0x080035c9   Thumb Code    40  uart.o(i.UART1_DMA_SendData)
    UART2_Configuration                      0x080035f9   Thumb Code   140  uart.o(i.UART2_Configuration)
    USART1_ClearBuf                          0x0800368d   Thumb Code    10  uart.o(i.USART1_ClearBuf)
    USART1_GetChar                           0x0800369d   Thumb Code    22  uart.o(i.USART1_GetChar)
    USART1_GetCharBlock                      0x080036b9   Thumb Code    40  uart.o(i.USART1_GetCharBlock)
    USART1_IRQHandler                        0x080036e5   Thumb Code   106  stm32l1xx_it.o(i.USART1_IRQHandler)
    USART2_IRQHandler                        0x0800377d   Thumb Code    72  stm32l1xx_it.o(i.USART2_IRQHandler)
    USART_ClearITPendingBit                  0x080037d1   Thumb Code    12  stm32l1xx_usart.o(i.USART_ClearITPendingBit)
    USART_Cmd                                0x080037dd   Thumb Code    20  stm32l1xx_usart.o(i.USART_Cmd)
    USART_DMACmd                             0x080037f1   Thumb Code    16  stm32l1xx_usart.o(i.USART_DMACmd)
    USART_GetFlagStatus                      0x08003801   Thumb Code    14  stm32l1xx_usart.o(i.USART_GetFlagStatus)
    USART_GetITStatus                        0x0800380f   Thumb Code    62  stm32l1xx_usart.o(i.USART_GetITStatus)
    USART_ITConfig                           0x0800384d   Thumb Code    48  stm32l1xx_usart.o(i.USART_ITConfig)
    USART_Init                               0x0800387d   Thumb Code   158  stm32l1xx_usart.o(i.USART_Init)
    USART_PutChar                            0x08003921   Thumb Code    38  uart.o(i.USART_PutChar)
    USART_ReceiveData                        0x08003947   Thumb Code     8  stm32l1xx_usart.o(i.USART_ReceiveData)
    USART_SendData                           0x0800394f   Thumb Code     8  stm32l1xx_usart.o(i.USART_SendData)
    UsageFault_Handler                       0x08003957   Thumb Code     2  stm32l1xx_it.o(i.UsageFault_Handler)
    Zero_Offset1                             0x08003959   Thumb Code    64  offset.o(i.Zero_Offset1)
    Zero_Offset2                             0x080039e1   Thumb Code    74  offset.o(i.Zero_Offset2)
    Zero_Offset3                             0x08003a75   Thumb Code    74  offset.o(i.Zero_Offset3)
    Zero_Offset4                             0x08003b09   Thumb Code    74  offset.o(i.Zero_Offset4)
    __0printf$5                              0x08003b9d   Thumb Code    22  printf5.o(i.__0printf$5)
    __1printf$5                              0x08003b9d   Thumb Code     0  printf5.o(i.__0printf$5)
    __2printf                                0x08003b9d   Thumb Code     0  printf5.o(i.__0printf$5)
    __scatterload_copy                       0x08003bbd   Thumb Code    14  handlers.o(i.__scatterload_copy)
    __scatterload_null                       0x08003bcb   Thumb Code     2  handlers.o(i.__scatterload_null)
    __scatterload_zeroinit                   0x08003bcd   Thumb Code    14  handlers.o(i.__scatterload_zeroinit)
    add_send_buffer                          0x08003e9d   Thumb Code    40  serial_packet.o(i.add_send_buffer)
    fputc                                    0x08003f09   Thumb Code    16  uart.o(i.fputc)
    get_active_message                       0x08003f1d   Thumb Code    68  serial_packet.o(i.get_active_message)
    main                                     0x08003f6d   Thumb Code   316  main.o(i.main)
    read_serial_packet                       0x080040e9   Thumb Code   136  serial_packet.o(i.read_serial_packet)
    send_message                             0x08004175   Thumb Code    34  serial_packet.o(i.send_message)
    send_message_add                         0x080041a1   Thumb Code    28  serial_packet.o(i.send_message_add)
    send_message_prepare                     0x080041c5   Thumb Code    40  serial_packet.o(i.send_message_prepare)
    write_serial_packet                      0x080041f5   Thumb Code   118  serial_packet.o(i.write_serial_packet)
    Region$$Table$$Base                      0x08004274   Number         0  anon$$obj.o(Region$$Table)
    Region$$Table$$Limit                     0x08004294   Number         0  anon$$obj.o(Region$$Table)
    DelayTime                                0x20000000   Data           2  main.o(.data)
    DelayTimeFlag                            0x20000002   Data           1  main.o(.data)
    Send_Flag_TPA                            0x20000003   Data           1  main.o(.data)
    Clear_Flag_TPA                           0x20000004   Data           1  main.o(.data)
    TpaCommand_Sampling_Flag                 0x20000008   Data           1  main.o(.data)
    TpaCommandLen                            0x20000009   Data           1  main.o(.data)
    data_p                                   0x2000000c   Data           4  main.o(.data)
    TimingDelay                              0x20000010   Data           4  main.o(.data)
    data_len                                 0x20000014   Data           4  main.o(.data)
    TpaCommandIntervalTime                   0x20000018   Data           1  main.o(.data)
    SysTick_Count                            0x2000001c   Data           4  main.o(.data)
    SampleTime                               0x20000020   Data           4  main.o(.data)
    SampleTime_Flag                          0x20000024   Data           1  main.o(.data)
    Set_Bridge_Type                          0x20000025   Data           1  main.o(.data)
    Channel_CFG                              0x20000026   Data           8  main.o(.data)
    AUTO_CALIBRATION                         0x2000002e   Data           5  main.o(.data)
    Uart1Flag                                0x20000033   Data           1  uart.o(.data)
    Uart2Flag                                0x20000034   Data           1  uart.o(.data)
    FirstReadUart_Flag                       0x20000148   Data           1  data_process.o(.data)
    ReturnData_Count                         0x20000149   Data           1  data_process.o(.data)
    FrameDataReceived                        0x2000014a   Data           1  data_process.o(.data)
    DMASendDataCompleted                     0x2000014b   Data           1  data_process.o(.data)
    SystemCoreClock                          0x20000168   Data           4  system_stm32l1xx.o(.data)
    PLLMulTable                              0x2000016c   Data           9  system_stm32l1xx.o(.data)
    AHBPrescTable                            0x20000175   Data          16  system_stm32l1xx.o(.data)
    __stdout                                 0x20000188   Data           4  stdout.o(.data)
    Ch_A_DATA                                0x2000018c   Data          36  main.o(.bss)
    Ch_B_DATA                                0x200001b0   Data          36  main.o(.bss)
    Ch_C_DATA                                0x200001d4   Data          36  main.o(.bss)
    Ch_D_DATA                                0x200001f8   Data          36  main.o(.bss)
    EEPROM_DATA                              0x2000021c   Data          48  main.o(.bss)
    Sample_Control                           0x2000024c   Data           9  main.o(.bss)
    CALIBRATION_SET                          0x20000255   Data          12  main.o(.bss)
    uart1_rbuf                               0x20000264   Data        1032  uart.o(.bss)
    uart2_rbuf                               0x2000066c   Data        1032  uart.o(.bss)
    __initial_sp                             0x20000ff0   Data           0  startup_stm32l1xx_md.o(STACK)



==============================================================================

Memory Map of the image

  Image Entry point : 0x080000f5

  Load Region LR_IROM1 (Base: 0x08000000, Size: 0x00004420, Max: 0x00010000, ABSOLUTE, COMPRESSED[0x000042c0])

    Execution Region ER_IROM1 (Base: 0x08000000, Size: 0x00004294, Max: 0x00010000, ABSOLUTE)

    Base Addr    Size         Type   Attr      Idx    E Section Name        Object

    0x08000000   0x000000f4   Data   RO         4872    RESET               startup_stm32l1xx_md.o
    0x080000f4   0x00000000   Code   RO         4877  * .ARM.Collect$$$$00000000  mc_w.l(entry.o)
    0x080000f4   0x00000004   Code   RO         5171    .ARM.Collect$$$$00000001  mc_w.l(entry2.o)
    0x080000f8   0x00000004   Code   RO         5174    .ARM.Collect$$$$00000004  mc_w.l(entry5.o)
    0x080000fc   0x00000000   Code   RO         5176    .ARM.Collect$$$$00000008  mc_w.l(entry7b.o)
    0x080000fc   0x00000000   Code   RO         5178    .ARM.Collect$$$$0000000A  mc_w.l(entry8b.o)
    0x080000fc   0x00000008   Code   RO         5179    .ARM.Collect$$$$0000000B  mc_w.l(entry9a.o)
    0x08000104   0x00000000   Code   RO         5181    .ARM.Collect$$$$0000000D  mc_w.l(entry10a.o)
    0x08000104   0x00000000   Code   RO         5183    .ARM.Collect$$$$0000000F  mc_w.l(entry11a.o)
    0x08000104   0x00000004   Code   RO         5172    .ARM.Collect$$$$00002712  mc_w.l(entry2.o)
    0x08000108   0x00000024   Code   RO         4873    .text               startup_stm32l1xx_md.o
    0x0800012c   0x00000024   Code   RO         4880    .text               mc_w.l(memcpya.o)
    0x08000150   0x000000b0   Code   RO         5145    .text               mf_w.l(fadd.o)
    0x08000200   0x00000064   Code   RO         5147    .text               mf_w.l(fmul.o)
    0x08000264   0x0000007c   Code   RO         5149    .text               mf_w.l(fdiv.o)
    0x080002e0   0x00000018   Code   RO         5151    .text               mf_w.l(fscalb.o)
    0x080002f8   0x000000e4   Code   RO         5153    .text               mf_w.l(dmul.o)
    0x080003dc   0x000000de   Code   RO         5155    .text               mf_w.l(ddiv.o)
    0x080004ba   0x00000012   Code   RO         5157    .text               mf_w.l(fflti.o)
    0x080004cc   0x0000000a   Code   RO         5159    .text               mf_w.l(ffltui.o)
    0x080004d6   0x00000022   Code   RO         5161    .text               mf_w.l(dflti.o)
    0x080004f8   0x00000032   Code   RO         5163    .text               mf_w.l(ffixi.o)
    0x0800052a   0x00000026   Code   RO         5165    .text               mf_w.l(f2d.o)
    0x08000550   0x00000038   Code   RO         5167    .text               mf_w.l(d2f.o)
    0x08000588   0x00000014   Code   RO         5169    .text               mf_w.l(cfrcmple.o)
    0x0800059c   0x00000062   Code   RO         5188    .text               mc_w.l(uldiv.o)
    0x080005fe   0x00000000   Code   RO         5190    .text               mc_w.l(iusefp.o)
    0x080005fe   0x0000006e   Code   RO         5191    .text               mf_w.l(fepilogue.o)
    0x0800066c   0x000000ba   Code   RO         5193    .text               mf_w.l(depilogue.o)
    0x08000726   0x00000002   PAD
    0x08000728   0x00000024   Code   RO         5201    .text               mc_w.l(init.o)
    0x0800074c   0x0000001e   Code   RO         5203    .text               mc_w.l(llshl.o)
    0x0800076a   0x00000020   Code   RO         5205    .text               mc_w.l(llushr.o)
    0x0800078a   0x00000056   Code   RO         5217    .text               mc_w.l(__dczerorl2.o)
    0x080007e0   0x00000300   Code   RO          452    i.ADS1248_CFG_SET   spi.o
    0x08000ae0   0x00000044   Code   RO          453    i.ADS1248_CS        spi.o
    0x08000b24   0x00000054   Code   RO          454    i.ADS1248_Init      spi.o
    0x08000b78   0x00000028   Code   RO          706    i.ADS1248_ReadData  data_process.o
    0x08000ba0   0x0000001c   Code   RO          456    i.ADS1248_ReadREG   spi.o
    0x08000bbc   0x000002a0   Code   RO          707    i.ADS1248_Sample    data_process.o
    0x08000e5c   0x00000034   Code   RO          457    i.ADS1248_WriteByte  spi.o
    0x08000e90   0x0000001e   Code   RO          458    i.ADS1248_WriteReg  spi.o
    0x08000eae   0x00000002   PAD
    0x08000eb0   0x000000ec   Code   RO          826    i.Bubble_sort       offset.o
    0x08000f9c   0x00000002   Code   RO          184    i.BusFault_Handler  stm32l1xx_it.o
    0x08000f9e   0x00000002   PAD
    0x08000fa0   0x00000248   Code   RO          827    i.CALIBRATION_PARAMETERS_SET  offset.o
    0x080011e8   0x000000b8   Code   RO          828    i.Channel_Offset    offset.o
    0x080012a0   0x00000030   Code   RO          185    i.DMA1_Channel4_IRQHandler  stm32l1xx_it.o
    0x080012d0   0x00000018   Code   RO         1769    i.DMA_ClearITPendingBit  stm32l1xx_dma.o
    0x080012e8   0x00000016   Code   RO         1770    i.DMA_Cmd           stm32l1xx_dma.o
    0x080012fe   0x00000002   PAD
    0x08001300   0x000000e4   Code   RO         1771    i.DMA_DeInit        stm32l1xx_dma.o
    0x080013e4   0x00000020   Code   RO         1774    i.DMA_GetITStatus   stm32l1xx_dma.o
    0x08001404   0x00000010   Code   RO         1775    i.DMA_ITConfig      stm32l1xx_dma.o
    0x08001414   0x0000003a   Code   RO         1776    i.DMA_Init          stm32l1xx_dma.o
    0x0800144e   0x0000002a   Code   RO          748    i.DataPackage       return_data.o
    0x08001478   0x00000002   Code   RO          186    i.DebugMon_Handler  stm32l1xx_it.o
    0x0800147a   0x00000002   PAD
    0x0800147c   0x00000020   Code   RO            4    i.Delay             main.o
    0x0800149c   0x00000078   Code   RO          910    i.EXTI0_Config      exti.o
    0x08001514   0x00000050   Code   RO          187    i.EXTI0_IRQHandler  stm32l1xx_it.o
    0x08001564   0x0000007c   Code   RO          911    i.EXTI15_10_Config  exti.o
    0x080015e0   0x00000050   Code   RO          188    i.EXTI15_10_IRQHandler  stm32l1xx_it.o
    0x08001630   0x00000078   Code   RO          912    i.EXTI1_Config      exti.o
    0x080016a8   0x00000050   Code   RO          189    i.EXTI1_IRQHandler  stm32l1xx_it.o
    0x080016f8   0x0000007c   Code   RO          913    i.EXTI2_Config      exti.o
    0x08001774   0x00000050   Code   RO          190    i.EXTI2_IRQHandler  stm32l1xx_it.o
    0x080017c4   0x0000000c   Code   RO         1856    i.EXTI_ClearITPendingBit  stm32l1xx_exti.o
    0x080017d0   0x00000014   Code   RO         1860    i.EXTI_GetITStatus  stm32l1xx_exti.o
    0x080017e4   0x00000070   Code   RO         1861    i.EXTI_Init         stm32l1xx_exti.o
    0x08001854   0x0000008c   Code   RO          428    i.GPIO_Configuration  gpio.o
    0x080018e0   0x00000066   Code   RO         2323    i.GPIO_Init         stm32l1xx_gpio.o
    0x08001946   0x00000020   Code   RO         2324    i.GPIO_PinAFConfig  stm32l1xx_gpio.o
    0x08001966   0x00000008   Code   RO            5    i.GPIO_PinReverse   main.o
    0x0800196e   0x00000004   Code   RO         2330    i.GPIO_ResetBits    stm32l1xx_gpio.o
    0x08001972   0x00000004   Code   RO         2331    i.GPIO_SetBits      stm32l1xx_gpio.o
    0x08001976   0x00000002   PAD
    0x08001978   0x00000090   Code   RO          829    i.Half_Offset1      offset.o
    0x08001a08   0x00000094   Code   RO          830    i.Half_Offset2      offset.o
    0x08001a9c   0x00000094   Code   RO          831    i.Half_Offset3      offset.o
    0x08001b30   0x00000094   Code   RO          832    i.Half_Offset4      offset.o
    0x08001bc4   0x00000010   Code   RO          191    i.HardFault_Handler  stm32l1xx_it.o
    0x08001bd4   0x000000b8   Code   RO          568    i.I2C1_Configuration  eeprom_i2c.o
    0x08001c8c   0x00000154   Code   RO          569    i.I2C1_ReadS_24C    eeprom_i2c.o
    0x08001de0   0x00000014   Code   RO         2428    i.I2C_AcknowledgeConfig  stm32l1xx_i2c.o
    0x08001df4   0x00000018   Code   RO         2430    i.I2C_CheckEvent    stm32l1xx_i2c.o
    0x08001e0c   0x00000006   Code   RO         2431    i.I2C_ClearFlag     stm32l1xx_i2c.o
    0x08001e12   0x00000014   Code   RO         2433    i.I2C_Cmd           stm32l1xx_i2c.o
    0x08001e26   0x00000002   PAD
    0x08001e28   0x0000002c   Code   RO         2436    i.I2C_DeInit        stm32l1xx_i2c.o
    0x08001e54   0x00000014   Code   RO         2440    i.I2C_GenerateSTART  stm32l1xx_i2c.o
    0x08001e68   0x00000014   Code   RO         2441    i.I2C_GenerateSTOP  stm32l1xx_i2c.o
    0x08001e7c   0x0000002a   Code   RO         2442    i.I2C_GetFlagStatus  stm32l1xx_i2c.o
    0x08001ea6   0x00000002   PAD
    0x08001ea8   0x000000b8   Code   RO         2447    i.I2C_Init          stm32l1xx_i2c.o
    0x08001f60   0x000000fc   Code   RO          570    i.I2C_PageWrite_24C  eeprom_i2c.o
    0x0800205c   0x0000000a   Code   RO         2451    i.I2C_ReadRegister  stm32l1xx_i2c.o
    0x08002066   0x00000006   Code   RO         2452    i.I2C_ReceiveData   stm32l1xx_i2c.o
    0x0800206c   0x00000010   Code   RO         2454    i.I2C_Send7bitAddress  stm32l1xx_i2c.o
    0x0800207c   0x00000004   Code   RO         2455    i.I2C_SendData      stm32l1xx_i2c.o
    0x08002080   0x00000060   Code   RO          571    i.I2C_Standby_24C   eeprom_i2c.o
    0x080020e0   0x00000072   Code   RO          572    i.I2C_WriteS_24C    eeprom_i2c.o
    0x08002152   0x00000002   PAD
    0x08002154   0x00000010   Code   RO         2646    i.IWDG_Enable       stm32l1xx_iwdg.o
    0x08002164   0x0000003a   Code   RO            6    i.IWDG_INIT         main.o
    0x0800219e   0x00000002   PAD
    0x080021a0   0x00000010   Code   RO         2648    i.IWDG_ReloadCounter  stm32l1xx_iwdg.o
    0x080021b0   0x0000000c   Code   RO         2649    i.IWDG_SetPrescaler  stm32l1xx_iwdg.o
    0x080021bc   0x0000000c   Code   RO         2650    i.IWDG_SetReload    stm32l1xx_iwdg.o
    0x080021c8   0x0000000c   Code   RO         2651    i.IWDG_WriteAccessCmd  stm32l1xx_iwdg.o
    0x080021d4   0x00000002   Code   RO          192    i.MemManage_Handler  stm32l1xx_it.o
    0x080021d6   0x00000002   Code   RO          193    i.NMI_Handler       stm32l1xx_it.o
    0x080021d8   0x00000064   Code   RO          952    i.NVIC_Init         misc.o
    0x0800223c   0x00000014   Code   RO          953    i.NVIC_PriorityGroupConfig  misc.o
    0x08002250   0x00000020   Code   RO          518    i.NVIC_TIM6_Configuration  time.o
    0x08002270   0x00000038   Code   RO          318    i.NVIC_UART_Configuration  uart.o
    0x080022a8   0x00000002   Code   RO          194    i.PendSV_Handler    stm32l1xx_it.o
    0x080022aa   0x00000002   PAD
    0x080022ac   0x00000018   Code   RO         3006    i.RCC_AHBPeriphClockCmd  stm32l1xx_rcc.o
    0x080022c4   0x00000018   Code   RO         3009    i.RCC_APB1PeriphClockCmd  stm32l1xx_rcc.o
    0x080022dc   0x00000018   Code   RO         3011    i.RCC_APB1PeriphResetCmd  stm32l1xx_rcc.o
    0x080022f4   0x00000018   Code   RO         3012    i.RCC_APB2PeriphClockCmd  stm32l1xx_rcc.o
    0x0800230c   0x00000018   Code   RO         3014    i.RCC_APB2PeriphResetCmd  stm32l1xx_rcc.o
    0x08002324   0x00000010   Code   RO         3017    i.RCC_ClearFlag     stm32l1xx_rcc.o
    0x08002334   0x000000a8   Code   RO         3021    i.RCC_GetClocksFreq  stm32l1xx_rcc.o
    0x080023dc   0x00000028   Code   RO         3022    i.RCC_GetFlagStatus  stm32l1xx_rcc.o
    0x08002404   0x0000000c   Code   RO         3031    i.RCC_LSICmd        stm32l1xx_rcc.o
    0x08002410   0x00000024   Code   RO          749    i.Return_Ack        return_data.o
    0x08002434   0x0000006c   Code   RO          750    i.Return_ChannelA_Offset  return_data.o
    0x080024a0   0x0000006c   Code   RO          751    i.Return_ChannelB_Offset  return_data.o
    0x0800250c   0x0000006c   Code   RO          752    i.Return_ChannelC_Offset  return_data.o
    0x08002578   0x0000006c   Code   RO          753    i.Return_ChannelD_Offset  return_data.o
    0x080025e4   0x0000015c   Code   RO          754    i.Return_Channel_CFG  return_data.o
    0x08002740   0x00000016   Code   RO          755    i.Return_Channel_Offset  return_data.o
    0x08002756   0x00000002   PAD
    0x08002758   0x00000078   Code   RO          756    i.Return_SampleData  return_data.o
    0x080027d0   0x000000ec   Code   RO          459    i.SPI1_Configuration  spi.o
    0x080028bc   0x00000014   Code   RO         3812    i.SPI_Cmd           stm32l1xx_spi.o
    0x080028d0   0x00000054   Code   RO         3819    i.SPI_I2S_DeInit    stm32l1xx_spi.o
    0x08002924   0x0000000e   Code   RO         3820    i.SPI_I2S_GetFlagStatus  stm32l1xx_spi.o
    0x08002932   0x00000004   Code   RO         3823    i.SPI_I2S_ReceiveData  stm32l1xx_spi.o
    0x08002936   0x00000004   Code   RO         3824    i.SPI_I2S_SendData  stm32l1xx_spi.o
    0x0800293a   0x00000038   Code   RO         3825    i.SPI_Init          stm32l1xx_spi.o
    0x08002972   0x00000002   Code   RO          195    i.SVC_Handler       stm32l1xx_it.o
    0x08002974   0x00000028   Code   RO         3967    i.SYSCFG_EXTILineConfig  stm32l1xx_syscfg.o
    0x0800299c   0x00000674   Code   RO          708    i.Sample_Instruction_Control  data_process.o
    0x08003010   0x0000002a   Code   RO          757    i.SendDataTPA       return_data.o
    0x0800303a   0x00000002   PAD
    0x0800303c   0x000000d0   Code   RO         4832    i.SetSysClock       system_stm32l1xx.o
    0x0800310c   0x00000074   Code   RO          196    i.SysTick_Handler   stm32l1xx_it.o
    0x08003180   0x00000054   Code   RO         4834    i.SystemInit        system_stm32l1xx.o
    0x080031d4   0x0000007a   Code   RO          519    i.TIM2_Configuration  time.o
    0x0800324e   0x00000002   PAD
    0x08003250   0x00000028   Code   RO          197    i.TIM2_IRQHandler   stm32l1xx_it.o
    0x08003278   0x00000008   Code   RO          520    i.TIM6_Configuration  time.o
    0x08003280   0x00000020   Code   RO          521    i.TIM6_Disable      time.o
    0x080032a0   0x00000030   Code   RO          198    i.TIM6_IRQHandler   stm32l1xx_it.o
    0x080032d0   0x00000054   Code   RO          522    i.TIM6_Reconfiguration  time.o
    0x08003324   0x00000006   Code   RO         4066    i.TIM_ClearFlag     stm32l1xx_tim.o
    0x0800332a   0x00000006   Code   RO         4067    i.TIM_ClearITPendingBit  stm32l1xx_tim.o
    0x08003330   0x00000014   Code   RO         4072    i.TIM_Cmd           stm32l1xx_tim.o
    0x08003344   0x000000e4   Code   RO         4076    i.TIM_DeInit        stm32l1xx_tim.o
    0x08003428   0x00000018   Code   RO         4092    i.TIM_GetITStatus   stm32l1xx_tim.o
    0x08003440   0x00000010   Code   RO         4096    i.TIM_ITConfig      stm32l1xx_tim.o
    0x08003450   0x0000000a   Code   RO         4098    i.TIM_InternalClockConfig  stm32l1xx_tim.o
    0x0800345a   0x00000002   PAD
    0x0800345c   0x0000005c   Code   RO         4140    i.TIM_TimeBaseInit  stm32l1xx_tim.o
    0x080034b8   0x0000007c   Code   RO          319    i.UART1TX_DMA_Configuration  uart.o
    0x08003534   0x00000094   Code   RO          320    i.UART1_Configuration  uart.o
    0x080035c8   0x00000030   Code   RO          321    i.UART1_DMA_SendData  uart.o
    0x080035f8   0x00000094   Code   RO          322    i.UART2_Configuration  uart.o
    0x0800368c   0x00000010   Code   RO          323    i.USART1_ClearBuf   uart.o
    0x0800369c   0x0000001c   Code   RO          324    i.USART1_GetChar    uart.o
    0x080036b8   0x0000002c   Code   RO          325    i.USART1_GetCharBlock  uart.o
    0x080036e4   0x00000098   Code   RO          199    i.USART1_IRQHandler  stm32l1xx_it.o
    0x0800377c   0x00000054   Code   RO          200    i.USART2_IRQHandler  stm32l1xx_it.o
    0x080037d0   0x0000000c   Code   RO         4569    i.USART_ClearITPendingBit  stm32l1xx_usart.o
    0x080037dc   0x00000014   Code   RO         4572    i.USART_Cmd         stm32l1xx_usart.o
    0x080037f0   0x00000010   Code   RO         4573    i.USART_DMACmd      stm32l1xx_usart.o
    0x08003800   0x0000000e   Code   RO         4575    i.USART_GetFlagStatus  stm32l1xx_usart.o
    0x0800380e   0x0000003e   Code   RO         4576    i.USART_GetITStatus  stm32l1xx_usart.o
    0x0800384c   0x00000030   Code   RO         4578    i.USART_ITConfig    stm32l1xx_usart.o
    0x0800387c   0x000000a4   Code   RO         4579    i.USART_Init        stm32l1xx_usart.o
    0x08003920   0x00000026   Code   RO          328    i.USART_PutChar     uart.o
    0x08003946   0x00000008   Code   RO         4586    i.USART_ReceiveData  stm32l1xx_usart.o
    0x0800394e   0x00000008   Code   RO         4589    i.USART_SendData    stm32l1xx_usart.o
    0x08003956   0x00000002   Code   RO          201    i.UsageFault_Handler  stm32l1xx_it.o
    0x08003958   0x00000088   Code   RO          833    i.Zero_Offset1      offset.o
    0x080039e0   0x00000094   Code   RO          834    i.Zero_Offset2      offset.o
    0x08003a74   0x00000094   Code   RO          835    i.Zero_Offset3      offset.o
    0x08003b08   0x00000094   Code   RO          836    i.Zero_Offset4      offset.o
    0x08003b9c   0x00000020   Code   RO         5017    i.__0printf$5       mc_w.l(printf5.o)
    0x08003bbc   0x0000000e   Code   RO         5211    i.__scatterload_copy  mc_w.l(handlers.o)
    0x08003bca   0x00000002   Code   RO         5212    i.__scatterload_null  mc_w.l(handlers.o)
    0x08003bcc   0x0000000e   Code   RO         5213    i.__scatterload_zeroinit  mc_w.l(handlers.o)
    0x08003bda   0x00000002   PAD
    0x08003bdc   0x000002c0   Code   RO         5024    i._printf_core      mc_w.l(printf5.o)
    0x08003e9c   0x00000030   Code   RO          626    i.add_send_buffer   serial_packet.o
    0x08003ecc   0x0000003c   Code   RO          627    i.crc_packet        serial_packet.o
    0x08003f08   0x00000014   Code   RO          331    i.fputc             uart.o
    0x08003f1c   0x00000050   Code   RO          628    i.get_active_message  serial_packet.o
    0x08003f6c   0x0000017c   Code   RO            7    i.main              main.o
    0x080040e8   0x0000008c   Code   RO          629    i.read_serial_packet  serial_packet.o
    0x08004174   0x0000002c   Code   RO          630    i.send_message      serial_packet.o
    0x080041a0   0x00000024   Code   RO          632    i.send_message_add  serial_packet.o
    0x080041c4   0x00000030   Code   RO          633    i.send_message_prepare  serial_packet.o
    0x080041f4   0x00000080   Code   RO          635    i.write_serial_packet  serial_packet.o
    0x08004274   0x00000020   Data   RO         5209    Region$$Table       anon$$obj.o


    Execution Region RW_IRAM1 (Base: 0x20000000, Size: 0x00000ff0, Max: 0x00002800, ABSOLUTE, COMPRESSED[0x0000002c])

    Base Addr    Size         Type   Attr      Idx    E Section Name        Object

    0x20000000   0x00000002   Data   RW           15    .data               main.o
    0x20000002   0x00000001   Data   RW           16    .data               main.o
    0x20000003   0x00000001   Data   RW           17    .data               main.o
    0x20000004   0x00000001   Data   RW           18    .data               main.o
    0x20000005   0x00000003   PAD
    0x20000008   0x00000010   Data   RW           19    .data               main.o
    0x20000018   0x00000001   Data   RW           20    .data               main.o
    0x20000019   0x00000003   PAD
    0x2000001c   0x00000004   Data   RW           21    .data               main.o
    0x20000020   0x00000004   Data   RW           22    .data               main.o
    0x20000024   0x00000001   Data   RW           23    .data               main.o
    0x20000025   0x00000001   Data   RW           25    .data               main.o
    0x20000026   0x00000008   Data   RW           26    .data               main.o
    0x2000002e   0x00000005   Data   RW           28    .data               main.o
    0x20000033   0x00000001   Data   RW          333    .data               uart.o
    0x20000034   0x00000001   Data   RW          334    .data               uart.o
    0x20000035   0x00000003   PAD
    0x20000038   0x00000110   Data   RW          637    .data               serial_packet.o
    0x20000148   0x00000004   Data   RW          709    .data               data_process.o
    0x2000014c   0x00000019   Data   RW         3044    .data               stm32l1xx_rcc.o
    0x20000165   0x00000003   PAD
    0x20000168   0x0000001d   Data   RW         4835    .data               system_stm32l1xx.o
    0x20000185   0x00000003   PAD
    0x20000188   0x00000004   Data   RW         5185    .data               mc_w.l(stdout.o)
    0x2000018c   0x00000024   Zero   RW            8    .bss                main.o
    0x200001b0   0x00000024   Zero   RW            9    .bss                main.o
    0x200001d4   0x00000024   Zero   RW           10    .bss                main.o
    0x200001f8   0x00000024   Zero   RW           11    .bss                main.o
    0x2000021c   0x00000030   Zero   RW           12    .bss                main.o
    0x2000024c   0x00000009   Zero   RW           13    .bss                main.o
    0x20000255   0x0000000c   Zero   RW           14    .bss                main.o
    0x20000261   0x00000003   PAD
    0x20000264   0x00000810   Zero   RW          332    .bss                uart.o
    0x20000a74   0x00000178   Zero   RW          636    .bss                serial_packet.o
    0x20000bec   0x00000004   PAD
    0x20000bf0   0x00000400   Zero   RW         4870    STACK               startup_stm32l1xx_md.o


==============================================================================

Image component sizes


      Code (inc. data)   RO Data    RW Data    ZI Data      Debug   Object Name

      2364        248          0          4          0       4198   data_process.o
       986         58          0          0          0       3561   eeprom_i2c.o
       488         36          0          0          0       2532   exti.o
       140          6          0          0          0        577   gpio.o
       478         68          0         45        213     282191   main.o
       120         14          0          0          0      12495   misc.o
      2172        748          0          0          0       5792   offset.o
      1042         80          0          0          0       5802   return_data.o
       584         60          0        272        376       5511   serial_packet.o
      1266        204          0          0          0       4320   spi.o
        36          8        244          0       1024        824   startup_stm32l1xx_md.o
       380         26          0          0          0      15231   stm32l1xx_dma.o
       144         14          0          0          0       4820   stm32l1xx_exti.o
       142          0          0          0          0       8559   stm32l1xx_gpio.o
       416         16          0          0          0      16308   stm32l1xx_i2c.o
       838        172          0          0          0      14084   stm32l1xx_it.o
        68         30          0          0          0       2622   stm32l1xx_iwdg.o
       356         58          0         25          0      16537   stm32l1xx_rcc.o
       182         12          0          0          0      11803   stm32l1xx_spi.o
        40          6          0          0          0        632   stm32l1xx_syscfg.o
       402         54          0          0          0      24044   stm32l1xx_tim.o
       352          6          0          0          0      12398   stm32l1xx_usart.o
       292         28          0         29          0       1745   system_stm32l1xx.o
       278         14          0          0          0       2702   time.o
       670         52          0          2       2064       6740   uart.o

    ----------------------------------------------------------------------
     14264       2018        276        392       3684     466028   Object Totals
         0          0         32          0          0          0   (incl. Generated)
        28          0          0         15          7          0   (incl. Padding)

    ----------------------------------------------------------------------

      Code (inc. data)   RO Data    RW Data    ZI Data      Debug   Library Member Name

        86          0          0          0          0          0   __dczerorl2.o
         0          0          0          0          0          0   entry.o
         0          0          0          0          0          0   entry10a.o
         0          0          0          0          0          0   entry11a.o
         8          4          0          0          0          0   entry2.o
         4          0          0          0          0          0   entry5.o
         0          0          0          0          0          0   entry7b.o
         0          0          0          0          0          0   entry8b.o
         8          4          0          0          0          0   entry9a.o
        30          0          0          0          0          0   handlers.o
        36          8          0          0          0         68   init.o
         0          0          0          0          0          0   iusefp.o
        30          0          0          0          0         68   llshl.o
        32          0          0          0          0         68   llushr.o
        36          0          0          0          0         68   memcpya.o
       736         56          0          0          0        184   printf5.o
         0          0          0          4          0          0   stdout.o
        98          0          0          0          0         92   uldiv.o
        20          0          0          0          0         68   cfrcmple.o
        56          0          0          0          0         88   d2f.o
       222          0          0          0          0        100   ddiv.o
       186          0          0          0          0        176   depilogue.o
        34          0          0          0          0         76   dflti.o
       228          0          0          0          0         96   dmul.o
        38          0          0          0          0         68   f2d.o
       176          0          0          0          0        140   fadd.o
       124          0          0          0          0         88   fdiv.o
       110          0          0          0          0        168   fepilogue.o
        50          0          0          0          0         68   ffixi.o
        18          0          0          0          0         68   fflti.o
        10          0          0          0          0         68   ffltui.o
       100          0          0          0          0         76   fmul.o
        24          0          0          0          0         68   fscalb.o

    ----------------------------------------------------------------------
      2504         72          0          4          0       1964   Library Totals
         4          0          0          0          0          0   (incl. Padding)

    ----------------------------------------------------------------------

      Code (inc. data)   RO Data    RW Data    ZI Data      Debug   Library Name

      1104         72          0          4          0        548   mc_w.l
      1396          0          0          0          0       1416   mf_w.l

    ----------------------------------------------------------------------
      2504         72          0          4          0       1964   Library Totals

    ----------------------------------------------------------------------

==============================================================================


      Code (inc. data)   RO Data    RW Data    ZI Data      Debug   

     16768       2090        276        396       3684     459384   Grand Totals
     16768       2090        276         44       3684     459384   ELF Image Totals (compressed)
     16768       2090        276         44          0          0   ROM Totals

==============================================================================

    Total RO  Size (Code + RO Data)                17044 (  16.64kB)
    Total RW  Size (RW Data + ZI Data)              4080 (   3.98kB)
    Total ROM Size (Code + RO Data + RW Data)      17088 (  16.69kB)

==============================================================================

